<html>
<body>
<pre>
<h1>µVision Build Log</h1>
<h2>Tool Versions:</h2>
IDE-Version: µVision V5.34.0.0
Copyright (C) 2021 ARM Ltd and ARM Germany GmbH. All rights reserved.
License Information: Greeb Greeb, Greeb, LIC=CRMW3-A1WP6-IN1A7-EQR3L-NK0D8-70BFY
 
Tool Versions:
Toolchain:       MDK-ARM Professional  Version: 5.34.0.0
Toolchain Path:  C:\Keil_v5\ARM\ARMCC\Bin
C Compiler:      Armcc.exe V5.06 update 7 (build 960)
Assembler:       Armasm.exe V5.06 update 7 (build 960)
Linker/Locator:  ArmLink.exe V5.06 update 7 (build 960)
Library Manager: ArmAr.exe V5.06 update 7 (build 960)
Hex Converter:   FromElf.exe V5.06 update 7 (build 960)
CPU DLL:         SARMCM3.DLL V5.34.0.0
Dialog DLL:      DCM.DLL V1.17.3.0
Target DLL:      STLink\ST-LINKIII-KEIL_SWO.dll V3.0.8.0
Dialog DLL:      TCM.DLL V1.48.0.0
 
<h2>Project:</h2>
C:\Keil_v5\Projects\XDJ_DECK_UCOM\MDK-ARM\XDJ_DECK_UCOM.uvprojx
Project File Date:  12/29/2025

<h2>Output:</h2>
*** Using Compiler 'V5.06 update 7 (build 960)', folder: 'C:\Keil_v5\ARM\ARMCC\Bin'
Build target 'XDJ_DECK_UCOM'
compiling main.c...
../Inc/VFL_data.h(16): warning:  #83-D: type qualifier specified more than once
  const const uint8_t BITOFF[8] = {	0x7F,
../Inc/VFL_data.h(26): warning:  #83-D: type qualifier specified more than once
  const const uint8_t BITON[8] = {	0x80,
../Inc/VFL_data.h(37): warning:  #83-D: type qualifier specified more than once
  const const uint16_t PSEGM[135] = {
../Inc/VFL_data.h(190): warning:  #83-D: type qualifier specified more than once
  const const uint16_t CSEGM[85] = {
../Inc/global_variables.h(147): warning:  #1-D: last line of file ends without a newline
  																																									
../Src/main.c: 5 warnings, 0 errors
linking...
Program Size: Code=14348 RO-data=964 RW-data=200 ZI-data=2272  
"XDJ_DECK_UCOM\XDJ_DECK_UCOM.axf" - 0 Error(s), 5 Warning(s).

<h2>Software Packages used:</h2>

Package Vendor: ARM
                http://www.keil.com/pack/ARM.CMSIS.5.7.0.pack
                ARM.CMSIS.5.7.0
                CMSIS (Cortex Microcontroller Software Interface Standard)
   * Component: CORE Version: 5.4.0

Package Vendor: Keil
                https://www.keil.com/pack/Keil.STM32F4xx_DFP.2.17.1.pack
                Keil.STM32F4xx_DFP.2.17.1
                STMicroelectronics STM32F4 Series Device Support, Drivers and Examples

<h2>Collection of Component include folders:</h2>
  .\RTE\_XDJ_DECK_UCOM
  C:\Users\Greeb\AppData\Local\Arm\Packs\ARM\CMSIS\5.7.0\CMSIS\Core\Include
  C:\Users\Greeb\AppData\Local\Arm\Packs\Keil\STM32F4xx_DFP\2.17.1\Drivers\CMSIS\Device\ST\STM32F4xx\Include

<h2>Collection of Component Files used:</h2>

   * Component: ARM::CMSIS:CORE:5.4.0
Build Time Elapsed:  00:00:03
</pre>
</body>
</html>
