Component: ARM Compiler 5.06 update 7 (build 960) Tool: armlink [4d3601]

==============================================================================

Section Cross References

    startup_stm32h743xx.o(RESET) refers to startup_stm32h743xx.o(STACK) for __initial_sp
    startup_stm32h743xx.o(RESET) refers to startup_stm32h743xx.o(.text) for Reset_Handler
    startup_stm32h743xx.o(RESET) refers to stm32h7xx_it.o(i.NMI_Handler) for NMI_Handler
    startup_stm32h743xx.o(RESET) refers to stm32h7xx_it.o(i.HardFault_Handler) for HardFault_Handler
    startup_stm32h743xx.o(RESET) refers to stm32h7xx_it.o(i.MemManage_Handler) for MemManage_Handler
    startup_stm32h743xx.o(RESET) refers to stm32h7xx_it.o(i.BusFault_Handler) for BusFault_Handler
    startup_stm32h743xx.o(RESET) refers to stm32h7xx_it.o(i.UsageFault_Handler) for UsageFault_Handler
    startup_stm32h743xx.o(RESET) refers to stm32h7xx_it.o(i.SVC_Handler) for SVC_Handler
    startup_stm32h743xx.o(RESET) refers to stm32h7xx_it.o(i.DebugMon_Handler) for DebugMon_Handler
    startup_stm32h743xx.o(RESET) refers to stm32h7xx_it.o(i.PendSV_Handler) for PendSV_Handler
    startup_stm32h743xx.o(RESET) refers to stm32h7xx_it.o(i.SysTick_Handler) for SysTick_Handler
    startup_stm32h743xx.o(RESET) refers to main.o(i.TIM2_IRQHandler) for TIM2_IRQHandler
    startup_stm32h743xx.o(RESET) refers to main.o(i.TIM3_IRQHandler) for TIM3_IRQHandler
    startup_stm32h743xx.o(RESET) refers to stm32h7xx_it.o(i.SPI2_IRQHandler) for SPI2_IRQHandler
    startup_stm32h743xx.o(RESET) refers to main.o(i.USART1_IRQHandler) for USART1_IRQHandler
    startup_stm32h743xx.o(RESET) refers to main.o(i.UART4_IRQHandler) for UART4_IRQHandler
    startup_stm32h743xx.o(RESET) refers to stm32h7xx_it.o(i.DMA2_Stream0_IRQHandler) for DMA2_Stream0_IRQHandler
    startup_stm32h743xx.o(RESET) refers to stm32h7xx_it.o(i.DMA2_Stream1_IRQHandler) for DMA2_Stream1_IRQHandler
    startup_stm32h743xx.o(RESET) refers to main.o(i.UART7_IRQHandler) for UART7_IRQHandler
    startup_stm32h743xx.o(RESET) refers to main.o(i.SAI1_IRQHandler) for SAI1_IRQHandler
    startup_stm32h743xx.o(.text) refers to system_stm32h7xx.o(i.SystemInit) for SystemInit
    startup_stm32h743xx.o(.text) refers to entry.o(.ARM.Collect$$$$00000000) for __main
    main.o(i.CALL_CUE) refers to ff.o(i.f_lseek) for f_lseek
    main.o(i.CALL_CUE) refers to main.o(.data) for .data
    main.o(i.CALL_CUE) refers to main.o(.bss) for .bss
    main.o(i.CREATE_SCREEN) refers to stm32h7xx_hal.o(i.HAL_GetTick) for HAL_GetTick
    main.o(i.CREATE_SCREEN) refers to ff.o(i.f_open) for f_open
    main.o(i.CREATE_SCREEN) refers to ff.o(i.f_write) for f_write
    main.o(i.CREATE_SCREEN) refers to stm32h7xx_hal.o(i.HAL_Delay) for HAL_Delay
    main.o(i.CREATE_SCREEN) refers to ff.o(i.f_close) for f_close
    main.o(i.CREATE_SCREEN) refers to main.o(.bss) for .bss
    main.o(i.CREATE_SCREEN) refers to main.o(.data) for .data
    main.o(i.CREATE_SCREEN) refers to main.o(.constdata) for .constdata
    main.o(i.CalcTXCRC) refers to main.o(.ARM.__AT_0x30000010) for .ARM.__AT_0x30000010
    main.o(i.CheckRXAcrc) refers to main.o(.ARM.__AT_0x30000000) for .ARM.__AT_0x30000000
    main.o(i.CheckRXBcrc) refers to main.o(.ARM.__AT_0x30000000) for .ARM.__AT_0x30000000
    main.o(i.DATABASE_PARSER) refers to printf8.o(i.__0sprintf$8) for __2sprintf
    main.o(i.DATABASE_PARSER) refers to stm32h7xx_hal_uart.o(i.UART_TX) for UART_TX
    main.o(i.DATABASE_PARSER) refers to ff.o(i.f_open) for f_open
    main.o(i.DATABASE_PARSER) refers to ff.o(i.f_read) for f_read
    main.o(i.DATABASE_PARSER) refers to ff.o(i.f_lseek) for f_lseek
    main.o(i.DATABASE_PARSER) refers to main.o(.bss) for .bss
    main.o(i.DATABASE_PARSER) refers to usart.o(.bss) for huart4
    main.o(i.DATABASE_PARSER) refers to main.o(.data) for .data
    main.o(i.DATABASE_PARSER) refers to main.o(.constdata) for .constdata
    main.o(i.DATABASE_PARSER) refers to ff.o(i.f_close) for f_close
    main.o(i.DATABASE_PARSER) refers to main.o(i.PlaylistID_to_Pos) for PlaylistID_to_Pos
    main.o(i.DrawCTriangle) refers to cwx3970.o(i.BSP_LCD_SetTextColor) for BSP_LCD_SetTextColor
    main.o(i.DrawCTriangle) refers to cwx3970.o(i.BSP_LCD_DrawHLine) for BSP_LCD_DrawHLine
    main.o(i.DrawCTriangle) refers to cwx3970.o(i.BSP_LCD_DrawPixel) for BSP_LCD_DrawPixel
    main.o(i.DrawCueMarker) refers to cwx3970.o(i.BSP_LCD_SetTextColor) for BSP_LCD_SetTextColor
    main.o(i.DrawCueMarker) refers to cwx3970.o(i.BSP_LCD_FillRect) for BSP_LCD_FillRect
    main.o(i.DrawCueMarker) refers to main.o(i.DrawCTriangle) for DrawCTriangle
    main.o(i.DrawCueMarker) refers to main.o(i.DrawMinuteMarkers) for DrawMinuteMarkers
    main.o(i.DrawKey) refers to cwx3970.o(i.BSP_LCD_SetTextColor) for BSP_LCD_SetTextColor
    main.o(i.DrawKey) refers to cwx3970.o(i.BSP_LCD_FillRect) for BSP_LCD_FillRect
    main.o(i.DrawKey) refers to cwx3970.o(i.BSP_LCD_DrawLine) for BSP_LCD_DrawLine
[...]
    Font9D_Table                             0x08022205   Data         234  cwx3970.o(.constdata)
    Font7W_Table                             0x080222ef   Data         665  cwx3970.o(.constdata)
    width15P                                 0x08022588   Data         242  cwx3970.o(.constdata)
    width7W                                  0x0802267a   Data          95  cwx3970.o(.constdata)
    Region$$Table$$Base                      0x08022b34   Number         0  anon$$obj.o(Region$$Table)
    Region$$Table$$Limit                     0x08022b54   Number         0  anon$$obj.o(Region$$Table)
    PART_CODE                                0x24000000   Data           1  main.o(.data)
    masterdeck                               0x24000001   Data           1  main.o(.data)
    dSHOW                                    0x24000002   Data           1  main.o(.data)
    BROWSER_INFO_enable                      0x24000003   Data           1  main.o(.data)
    TAG_LIST_INFO_enable                     0x24000004   Data           1  main.o(.data)
    animation_en                             0x24000005   Data           1  main.o(.data)
    animation_finish                         0x24000006   Data           1  main.o(.data)
    info_animation_enable                    0x24000007   Data           1  main.o(.data)
    BROWSE_LEVEL                             0x24000008   Data           1  main.o(.data)
    PREVIOUS_BROWSE_LEVEL                    0x24000009   Data           1  main.o(.data)
    B0CurrentCursorPosition                  0x2400000a   Data           1  main.o(.data)
    B1CurrentCursorPosition                  0x2400000b   Data           1  main.o(.data)
    B2CurrentCursorPosition                  0x2400000c   Data           1  main.o(.data)
    ScrollLong                               0x2400000d   Data           1  main.o(.data)
    ScrollPosition                           0x2400000e   Data           1  main.o(.data)
    TOTAL_TRACKS_IN_TAG_LIST                 0x2400000f   Data           1  main.o(.data)
    TCurrentCursorPosition                   0x24000010   Data           1  main.o(.data)
    TCurrentTrackPosition                    0x24000011   Data           1  main.o(.data)
    s                                        0x24000012   Data           1  main.o(.data)
    fat_semaphore                            0x24000013   Data           1  main.o(.data)
    SD_STATUS                                0x24000014   Data           1  main.o(.data)
    VisibleLayer                             0x24000015   Data           1  main.o(.data)
    DynamicWaveformZOOM                      0x24000016   Data           1  main.o(.data)
    edit_parameter                           0x24000017   Data           1  main.o(.data)
    UCurrentCursorPosition                   0x24000018   Data           1  main.o(.data)
    CurrentUPosition                         0x24000019   Data           1  main.o(.data)
    TOTAL_U_POSITIONS                        0x2400001a   Data           1  main.o(.data)
    KEY_BROWSE_pressed                       0x2400001b   Data           1  main.o(.data)
    KEY_TAG_TRACK_pressed                    0x2400001c   Data           1  main.o(.data)
    KEY_TAG_LIST_pressed                     0x2400001d   Data           1  main.o(.data)
    KEY_INFO_pressed                         0x2400001e   Data           1  main.o(.data)
    KEY_MENU_pressed                         0x2400001f   Data           1  main.o(.data)
    KEY_MENU_HOLD                            0x24000020   Data           1  main.o(.data)
    KEY_BACK_pressed                         0x24000021   Data           1  main.o(.data)
    ENC_BUTTON_pressed                       0x24000022   Data           1  main.o(.data)
    enc_prev_dir                             0x24000023   Data           1  main.o(.data)
    enc_need_up                              0x24000024   Data           1  main.o(.data)
    enc_need_down                            0x24000025   Data           1  main.o(.data)
    TXpage                                   0x24000026   Data           1  main.o(.data)
    LOOP_LEDS_BLINK                          0x24000027   Data           1  main.o(.data)
    LED_SD_timer                             0x24000028   Data           1  main.o(.data)
    timer_time                               0x24000029   Data           1  main.o(.data)
    quantize_mode_need_update                0x2400002a   Data           1  main.o(.data)
    mxr_usart_data_cnt                       0x2400002b   Data           1  main.o(.data)
    mxr_new_data                             0x2400002c   Data           1  main.o(.data)
    pm_usart_data_cnt                        0x2400002d   Data           1  main.o(.data)
    pm_new_data                              0x2400002e   Data           1  main.o(.data)
    batt_status                              0x2400002f   Data           1  main.o(.data)
    batt_prcnt                               0x24000030   Data           1  main.o(.data)
    batt_need_update                         0x24000031   Data           1  main.o(.data)
    dbg_usart_data_cnt                       0x24000032   Data           1  main.o(.data)
    dbg_new_data                             0x24000033   Data           1  main.o(.data)
    TOTAL_TRACKLISTS                         0x24000034   Data           1  main.o(.data)
    prev_phase_pos                           0x24000035   Data           1  main.o(.data)
    CURRENT_LAY                              0x24000036   Data           1  main.o(.data)
    res                                      0x24000037   Data           1  main.o(.data)
    u_battery_level                          0x24000038   Data           1  main.o(.data)
    JJ                                       0x24000039   Data           1  main.o(.data)
    mxrURX                                   0x2400003a   Data           1  main.o(.data)
    pmURX                                    0x2400003b   Data           1  main.o(.data)
    dbgURX                                   0x2400003c   Data           1  main.o(.data)
    need_redraw_memline                      0x2400003d   Data           2  main.o(.data)
    animation_step                           0x24000040   Data           2  main.o(.data)
    previous_animation_step                  0x24000042   Data           2  main.o(.data)
    BCurrentPlaylistPosition                 0x24000044   Data           2  main.o(.data)
    BCurrentTrackPosition                    0x24000046   Data           2  main.o(.data)
    fill_stp                                 0x24000048   Data           2  main.o(.data)
    forcibly_redraw                          0x2400004a   Data           2  main.o(.data)
    REMAIN_ENABLE                            0x2400004c   Data           2  main.o(.data)
    need_updt_dwf                            0x2400004e   Data           2  main.o(.data)
    Prev1m                                   0x24000050   Data           2  main.o(.data)
    Prev10s                                  0x24000052   Data           2  main.o(.data)
    Prev1s                                   0x24000054   Data           2  main.o(.data)
    Prev10f                                  0x24000056   Data           2  main.o(.data)
    Prev1f                                   0x24000058   Data           2  main.o(.data)
    PrevHf                                   0x2400005a   Data           2  main.o(.data)
    LOAD_BUTTON_pressed                      0x2400005c   Data           2  main.o(.data)
    ENC_LED_BLINK                            0x2400005e   Data           2  main.o(.data)
    load_animation_en                        0x24000060   Data           2  main.o(.data)
    PLAY_BTN_pressed                         0x24000062   Data           2  main.o(.data)
    CUE_BTN_pressed                          0x24000064   Data           2  main.o(.data)
    JOG_MODE_BTN_pressed                     0x24000066   Data           2  main.o(.data)
    TEMPO_BTN_pressed                        0x24000068   Data           2  main.o(.data)
    SLIP_BTN_pressed                         0x2400006a   Data           2  main.o(.data)
    CALL_NEXT_BTN_pressed                    0x2400006c   Data           2  main.o(.data)
    CALL_PREV_BTN_pressed                    0x2400006e   Data           2  main.o(.data)
    RVRS_BTN_pressed                         0x24000070   Data           2  main.o(.data)
    RELOOP_BTN_pressed                       0x24000072   Data           2  main.o(.data)
    LP4_BTN_pressed                          0x24000074   Data           2  main.o(.data)
    LP8_BTN_pressed                          0x24000076   Data           2  main.o(.data)
    keep_to_play                             0x24000078   Data           2  main.o(.data)
    inertial_rotation                        0x2400007a   Data           2  main.o(.data)
    change_speed                             0x2400007c   Data           2  main.o(.data)
    keep_slip                                0x2400007e   Data           2  main.o(.data)
    SLIPEN                                   0x24000080   Data           2  main.o(.data)
    RVRSEN                                   0x24000082   Data           2  main.o(.data)
    need_call_to_cue                         0x24000084   Data           2  main.o(.data)
    JOG_PRESSED                              0x24000086   Data           2  main.o(.data)
    acceleration_UP                          0x24000088   Data           2  main.o(.data)
    acceleration_DOWN                        0x2400008a   Data           2  main.o(.data)
    tempo_need_update                        0x2400008c   Data           2  main.o(.data)
    time_mode_need_update                    0x2400008e   Data           2  main.o(.data)
    CUE_OPERATION                            0x24000090   Data           2  main.o(.data)
    RED_CRCL_CUE_ADR                         0x24000092   Data           2  main.o(.data)
    TIM_CUE_LED                              0x24000094   Data           2  main.o(.data)
    TIM_PLAY_LED                             0x24000096   Data           2  main.o(.data)
    tempo_range                              0x24000098   Data           2  main.o(.data)
    tempo_range_need_update                  0x2400009a   Data           2  main.o(.data)
    curr_trck_color                          0x2400009c   Data           2  main.o(.data)
    prev_inair                               0x2400009e   Data           2  main.o(.data)
    GRID_OFFSET                              0x240000a0   Data           2  main.o(.data)
    TOTAL_TRACKS                             0x240000a2   Data           2  main.o(.data)
    TOTAL_TRACKS_IN_CURRENT_PLAYLIST         0x240000a4   Data           2  main.o(.data)
    TRACK_PLAY_IN_CURRENT_PLAYLIST           0x240000a6   Data           2  main.o(.data)
    TRACK_n_PLAY                             0x240000a8   Data           2  main.o(.data)
    mixerBPM                                 0x240000aa   Data           2  main.o(.data)
    number_of_hot_cue_points                 0x240000ac   Data           2  main.o(.data)
    number_of_memory_cue_points              0x240000ae   Data           2  main.o(.data)
    prevTpos                                 0x240000b0   Data           2  main.o(.data)
    DRAWN_IN_REMAIN                          0x240000b2   Data           2  main.o(.data)
    need_DSW                                 0x240000b4   Data           2  main.o(.data)
    jog_light                                0x240000b6   Data           2  main.o(.data)
    RED_VERTICAL_LINE                        0x240000b8   Data           2  main.o(.data)
    prevstrt                                 0x240000ba   Data           2  main.o(.data)
    prevfin                                  0x240000bc   Data           2  main.o(.data)
    rvrs                                     0x240000be   Data           2  main.o(.data)
    step_postn                               0x240000c0   Data           2  main.o(.data)
    end_track                                0x240000c2   Data           2  main.o(.data)
    loop_active                              0x240000c4   Data           2  main.o(.data)
    loop_act_gui                             0x240000c6   Data           2  main.o(.data)
    loop_lenght                              0x240000c8   Data           2  main.o(.data)
    loopmode_need_update                     0x240000ca   Data           2  main.o(.data)
    need_jump_addr                           0x240000cc   Data           2  main.o(.data)
    lock_control                             0x240000ce   Data           2  main.o(.data)
    offset_adress                            0x240000d0   Data           2  main.o(.data)
    mem_offset_adress                        0x240000d2   Data           2  main.o(.data)
    slip_pl_enable                           0x240000d4   Data           2  main.o(.data)
    play_enable                              0x240000d6   Data           2  main.o(.data)
    pm_urx_buf                               0x240000d8   Data           2  main.o(.data)
    i                                        0x240000dc   Data           4  main.o(.data)
    a                                        0x240000e0   Data           4  main.o(.data)
    animation_time                           0x240000e4   Data           4  main.o(.data)
    free_mem                                 0x240000e8   Data           4  main.o(.data)
    used_mem                                 0x240000ec   Data           4  main.o(.data)
    start_adata                              0x240000f0   Data           4  main.o(.data)
    end_adata                                0x240000f4   Data           4  main.o(.data)
    j                                        0x240000f8   Data           4  main.o(.data)
    KEY_MENU_HOLD_TIM                        0x24000100   Data           4  main.o(.data)
    enc_prev_time                            0x24000104   Data           4  main.o(.data)
    potenciometr_tempo                       0x24000108   Data           4  main.o(.data)
    prev_potenciometr_tempo                  0x2400010c   Data           4  main.o(.data)
    mxr_usart_timeout                        0x24000110   Data           4  main.o(.data)
    pm_usart_timeout                         0x24000114   Data           4  main.o(.data)
    dbg_usart_timeout                        0x24000118   Data           4  main.o(.data)
    track_play_now                           0x2400011c   Data           4  main.o(.data)
    originalBPM                              0x24000120   Data           4  main.o(.data)
    bars                                     0x24000124   Data           4  main.o(.data)
    previous_bars                            0x24000128   Data           4  main.o(.data)
    pitch                                    0x2400012c   Data           4  main.o(.data)
    prev_pitch                               0x24000130   Data           4  main.o(.data)
    slip_pitch                               0x24000134   Data           4  main.o(.data)
    nbytes                                   0x2400013c   Data           4  main.o(.data)
    nbytesb                                  0x24000140   Data           4  main.o(.data)
    KEY_ENC_tim                              0x24000144   Data           4  main.o(.data)
    KEY_BROWSE_tim                           0x24000148   Data           4  main.o(.data)
    KEY_TAGLIST_tim                          0x2400014c   Data           4  main.o(.data)
    KEY_INFO_tim                             0x24000150   Data           4  main.o(.data)
    KEY_BACK_tim                             0x24000154   Data           4  main.o(.data)
    KEY_TAG_tim                              0x24000158   Data           4  main.o(.data)
    KEY_MENU_tim                             0x2400015c   Data           4  main.o(.data)
    pot10b                                   0x24000160   Data           4  main.o(.data)
    mxr_current_time                         0x24000164   Data           4  main.o(.data)
    pm_current_time                          0x24000168   Data           4  main.o(.data)
    dbg_current_time                         0x2400016c   Data           4  main.o(.data)
    beat_diff                                0x24000170   Data           4  main.o(.data)
    beat_pitch                               0x24000174   Data           4  main.o(.data)
    posa                                     0x24000178   Data           4  main.o(.data)
    posb                                     0x2400017c   Data           4  main.o(.data)
    plaa                                     0x24000180   Data           4  main.o(.data)
    plab                                     0x24000184   Data           4  main.o(.data)
    frametime                                0x24000188   Data           4  main.o(.data)
    SAMPLE_BUFFER                            0x2400018c   Data           4  main.o(.data)
    even1                                    0x24000190   Data           4  main.o(.data)
    even2                                    0x24000194   Data           4  main.o(.data)
    odd1                                     0x24000198   Data           4  main.o(.data)
    odd2                                     0x2400019c   Data           4  main.o(.data)
    FIRMWARE_VERSION                         0x240001a0   Data           5  main.o(.data)
    PreviousPositionDW                       0x240001a8   Data           8  main.o(.data)
    jog_work_color                           0x240001b0   Data           8  main.o(.data)
    play_adr                                 0x240001b8   Data           8  main.o(.data)
    slip_pl_adr                              0x240001c0   Data           8  main.o(.data)
    all_long                                 0x240001c8   Data           8  main.o(.data)
    postn                                    0x240001d0   Data           8  main.o(.data)
    slip_postn                               0x240001d8   Data           8  main.o(.data)
    LOOP_OUT                                 0x240001e0   Data           8  main.o(.data)
    CUE_ADR                                  0x240001f0   Data           8  main.o(.data)
    offset_adressBIG                         0x240001f8   Data           8  main.o(.data)
    sdram_adr                                0x24000200   Data           8  main.o(.data)
    potwd                                    0x24000208   Data           8  main.o(.data)
    mxr_urx_buf                              0x24000210   Data           8  main.o(.data)
    T                                        0x24000218   Data           8  main.o(.data)
    c0r                                      0x24000220   Data           8  main.o(.data)
    c1r                                      0x24000228   Data           8  main.o(.data)
    c2r                                      0x24000230   Data           8  main.o(.data)
    c3r                                      0x24000238   Data           8  main.o(.data)
    r0r                                      0x24000240   Data           8  main.o(.data)
    r1r                                      0x24000248   Data           8  main.o(.data)
    r2r                                      0x24000250   Data           8  main.o(.data)
    r3r                                      0x24000258   Data           8  main.o(.data)
    c0l                                      0x24000260   Data           8  main.o(.data)
    c1l                                      0x24000268   Data           8  main.o(.data)
    c2l                                      0x24000270   Data           8  main.o(.data)
    c3l                                      0x24000278   Data           8  main.o(.data)
    r0l                                      0x24000280   Data           8  main.o(.data)
    r1l                                      0x24000288   Data           8  main.o(.data)
    r2l                                      0x24000290   Data           8  main.o(.data)
    r3l                                      0x24000298   Data           8  main.o(.data)
    PRETRIM                                  0x240002a0   Data           8  main.o(.data)
    TRIM                                     0x240002a8   Data           8  main.o(.data)
    SDCARD_NAME                              0x2400056c   Data          20  main.o(.data)
    SD_DATE                                  0x24000580   Data          15  main.o(.data)
    path_export                              0x2400058f   Data          32  main.o(.data)
    HCUE32COLOR                              0x240005b0   Data          64  main.o(.data)
    HCUE_adr                                 0x240005f0   Data         128  main.o(.data)
    MEMORY_adr                               0x24000670   Data         160  main.o(.data)
    HCUE_type                                0x24000710   Data          16  main.o(.data)
    retSD                                    0x24000741   Data           1  fatfs.o(.data)
    SDPath                                   0x24000742   Data           4  fatfs.o(.data)
    uwTickFreq                               0x24000754   Data           1  stm32h7xx_hal.o(.data)
    uwTickPrio                               0x24000758   Data           4  stm32h7xx_hal.o(.data)
    uwTick                                   0x2400075c   Data           4  stm32h7xx_hal.o(.data)
    SystemCoreClock                          0x24000760   Data           4  system_stm32h7xx.o(.data)
    SystemD2Clock                            0x24000764   Data           4  system_stm32h7xx.o(.data)
    TRANSPARENT_MODE_ENABLE                  0x24000768   Data           1  cwx3970.o(.data)
    Font15P                                  0x24000770   Data           8  cwx3970.o(.data)
    Font7W                                   0x24000778   Data           8  cwx3970.o(.data)
    FontBMP                                  0x24000780   Data           8  cwx3970.o(.data)
    Font14D                                  0x24000788   Data           8  cwx3970.o(.data)
    Font18D                                  0x24000790   Data           8  cwx3970.o(.data)
    Font9D                                   0x24000798   Data           8  cwx3970.o(.data)
    __microlib_freelist                      0x240007a8   Data           4  mvars.o(.data)
    __microlib_freelist_initialised          0x240007ac   Data           4  mvars.o(.data)
    TAG_LIST_BASE                            0x240007b0   Data         202  main.o(.bss)
    Buf                                      0x2400087a   Data          64  main.o(.bss)
    U_TX_DATA                                0x240008ba   Data          64  main.o(.bss)
    MEMORY_type                              0x240008fa   Data          20  main.o(.bss)
    file                                     0x24000910   Data        4144  main.o(.bss)
    fileb                                    0x24001940   Data        4144  main.o(.bss)
    FAT                                      0x24002970   Data        4152  main.o(.bss)
    UT_SET                                   0x240039a8   Data          19  main.o(.bss)
    dbg_urx_buf                              0x240039bb   Data          16  main.o(.bss)
    BEATGRID                                 0x240039cc   Data       16384  main.o(.bss)
    BPMGRID                                  0x240079cc   Data        8192  main.o(.bss)
    WFORMDYNAMIC                             0x240099cc   Data       180000  main.o(.bss)
    artist_n                                 0x240358ec   Data          64  main.o(.bss)
    track_n                                  0x2403592c   Data          64  main.o(.bss)
    playlist                                 0x2403596c   Data       28160  main.o(.bss)
    original_tempo                           0x2403c76c   Data        1024  main.o(.bss)
    rating                                   0x2403cb6c   Data        1024  main.o(.bss)
    duration                                 0x2403cf6c   Data        1024  main.o(.bss)
    key_id                                   0x2403d36c   Data         512  main.o(.bss)
    parcser_adress                           0x2403d56c   Data        2048  main.o(.bss)
    KEYS                                     0x2403dd6c   Data         100  main.o(.bss)
    KEYSmatchtable                           0x2403ddd0   Data          25  main.o(.bss)
    TRACKS_DATABASE                          0x2403ddea   Data        2048  main.o(.bss)
    TRACKLIST_NAME                           0x2403e5ea   Data         420  main.o(.bss)
    TRACKLIST_OFFSET                         0x2403e78e   Data          40  main.o(.bss)
    HCUEPCOLOR                               0x2403e7b6   Data          48  main.o(.bss)
    HCUE16COLOR                              0x2403e7e6   Data          32  main.o(.bss)
    WFORMSTATIC                              0x2403e806   Data         404  main.o(.bss)
    LR                                       0x2403e99a   Data          32  main.o(.bss)
    hdma_memtomem_dma1_stream0               0x2403e9ec   Data         120  dma.o(.bss)
    hdma2d                                   0x2403ea64   Data         104  dma2d.o(.bss)
    hsdram1                                  0x2403eacc   Data          52  fmc.o(.bss)
    hltdc                                    0x2403eb00   Data         168  ltdc.o(.bss)
    hqspi                                    0x2403eba8   Data          76  quadspi.o(.bss)
    hsai_BlockA1                             0x2403ebf4   Data         152  sai.o(.bss)
    hsai_BlockB1                             0x2403ec8c   Data         152  sai.o(.bss)
    hsd1                                     0x2403ed24   Data         124  sdmmc.o(.bss)
    hspi1                                    0x2403eda0   Data         136  spi.o(.bss)
    hspi2                                    0x2403ee28   Data         136  spi.o(.bss)
    hdma_spi2_tx                             0x2403eeb0   Data         120  spi.o(.bss)
    hdma_spi2_rx                             0x2403ef28   Data         120  spi.o(.bss)
    htim2                                    0x2403efa0   Data          76  tim.o(.bss)
    htim3                                    0x2403efec   Data          76  tim.o(.bss)
    htim8                                    0x2403f038   Data          76  tim.o(.bss)
    huart4                                   0x2403f084   Data         148  usart.o(.bss)
    huart7                                   0x2403f118   Data         148  usart.o(.bss)
    huart1                                   0x2403f1ac   Data         148  usart.o(.bss)
    disk                                     0x2403f590   Data          12  ff_gen_drv.o(.bss)
    __heap_base                              0x2403f5a0   Data           0  startup_stm32h743xx.o(HEAP)
    __heap_limit                             0x2403fda0   Data           0  startup_stm32h743xx.o(HEAP)
    __initial_sp                             0x24040da0   Data           0  startup_stm32h743xx.o(STACK)
    deckRbuf                                 0x30000000   Data          16  main.o(.ARM.__AT_0x30000000)
    deckTbuf                                 0x30000010   Data         128  main.o(.ARM.__AT_0x30000010)
    ANIMATION                                0x90000000   Data       4492800  main.o(.qspi_data)
    strelka                                  0x90448e00   Data         608  main.o(.qspi_data)
    panelbar                                 0x90449060   Data        8160  main.o(.qspi_data)
    rb_logo                                  0x9044b040   Data       20992  main.o(.qspi_data)
    fbuf                                     0xc0000000   Data       447360  main.o(.ARM.__AT_0xC0000000)
    PCM                                      0xc006d380   Data       17825792  main.o(.ARM.__AT_0xC006D380)



==============================================================================

Memory Map of the image

  Image Entry point : 0x08000299

  Load Region LR_IROM1 (Base: 0x08000000, Size: 0x00023304, Max: 0x00200000, ABSOLUTE, COMPRESSED[0x00022db4])

    Execution Region ER_IROM1 (Exec base: 0x08000000, Load base: 0x08000000, Size: 0x00022b54, Max: 0x00200000, ABSOLUTE)

    Exec Addr    Load Addr    Size         Type   Attr      Idx    E Section Name        Object

    0x08000000   0x08000000   0x00000298   Data   RO            3    RESET               startup_stm32h743xx.o
    0x08000298   0x08000298   0x00000000   Code   RO         9002  * .ARM.Collect$$$$00000000  mc_w.l(entry.o)
    0x08000298   0x08000298   0x00000004   Code   RO         9308    .ARM.Collect$$$$00000001  mc_w.l(entry2.o)
    0x0800029c   0x0800029c   0x00000004   Code   RO         9311    .ARM.Collect$$$$00000004  mc_w.l(entry5.o)
    0x080002a0   0x080002a0   0x00000000   Code   RO         9313    .ARM.Collect$$$$00000008  mc_w.l(entry7b.o)
    0x080002a0   0x080002a0   0x00000000   Code   RO         9315    .ARM.Collect$$$$0000000A  mc_w.l(entry8b.o)
    0x080002a0   0x080002a0   0x00000008   Code   RO         9316    .ARM.Collect$$$$0000000B  mc_w.l(entry9a.o)
    0x080002a8   0x080002a8   0x00000004   Code   RO         9323    .ARM.Collect$$$$0000000E  mc_w.l(entry12b.o)
    0x080002ac   0x080002ac   0x00000000   Code   RO         9318    .ARM.Collect$$$$0000000F  mc_w.l(entry10a.o)
    0x080002ac   0x080002ac   0x00000000   Code   RO         9320    .ARM.Collect$$$$00000011  mc_w.l(entry11a.o)
    0x080002ac   0x080002ac   0x00000004   Code   RO         9309    .ARM.Collect$$$$00002712  mc_w.l(entry2.o)
    0x080002b0   0x080002b0   0x00000024   Code   RO            4    .text               startup_stm32h743xx.o
    0x080002d4   0x080002d4   0x00000062   Code   RO         9005    .text               mc_w.l(uldiv.o)
    0x08000336   0x08000336   0x00000024   Code   RO         9007    .text               mc_w.l(memcpya.o)
    0x0800035a   0x0800035a   0x00000024   Code   RO         9009    .text               mc_w.l(memseta.o)
    0x0800037e   0x0800037e   0x000000e4   Code   RO         9302    .text               mf_w.l(dmul.o)
    0x08000462   0x08000462   0x00000026   Code   RO         9304    .text               mf_w.l(f2d.o)
    0x08000488   0x08000488   0x00000038   Code   RO         9306    .text               mf_w.l(d2f.o)
    0x080004c0   0x080004c0   0x0000001e   Code   RO         9329    .text               mc_w.l(llshl.o)
    0x080004de   0x080004de   0x00000020   Code   RO         9331    .text               mc_w.l(llushr.o)
    0x080004fe   0x080004fe   0x00000000   Code   RO         9335    .text               mc_w.l(iusefp.o)
    0x080004fe   0x080004fe   0x0000006e   Code   RO         9336    .text               mf_w.l(fepilogue.o)
    0x0800056c   0x0800056c   0x000000ba   Code   RO         9338    .text               mf_w.l(depilogue.o)
    0x08000626   0x08000626   0x00000002   PAD
    0x08000628   0x08000628   0x00000024   Code   RO         9348    .text               mc_w.l(init.o)
    0x0800064c   0x0800064c   0x00000056   Code   RO         9362    .text               mc_w.l(__dczerorl2.o)
    0x080006a2   0x080006a2   0x00000002   PAD
    0x080006a4   0x080006a4   0x00000040   Code   RO         8135    i.BSP_LCD_Clear     cwx3970.o
    0x080006e4   0x080006e4   0x00000038   Code   RO         8137    i.BSP_LCD_DisplayChar  cwx3970.o
    0x0800071c   0x0800071c   0x00000138   Code   RO         8138    i.BSP_LCD_DisplayStringAt  cwx3970.o
    0x08000854   0x08000854   0x0000004c   Code   RO         8142    i.BSP_LCD_DrawHLine  cwx3970.o
    0x080008a0   0x080008a0   0x000000d4   Code   RO         8143    i.BSP_LCD_DrawLine  cwx3970.o
    0x08000974   0x08000974   0x0000002c   Code   RO         8144    i.BSP_LCD_DrawPixel  cwx3970.o
    0x080009a0   0x080009a0   0x00000040   Code   RO         8146    i.BSP_LCD_DrawRect  cwx3970.o
    0x080009e0   0x080009e0   0x0000004c   Code   RO         8147    i.BSP_LCD_DrawVLine  cwx3970.o
    0x08000a2c   0x08000a2c   0x00000048   Code   RO         8151    i.BSP_LCD_FillRect  cwx3970.o
    0x08000a74   0x08000a74   0x00000020   Code   RO         8156    i.BSP_LCD_GetYSize  cwx3970.o
    0x08000a94   0x08000a94   0x00000078   Code   RO         8157    i.BSP_LCD_Init      cwx3970.o
    0x08000b0c   0x08000b0c   0x00000074   Code   RO         8158    i.BSP_LCD_LayerDefaultInit  cwx3970.o
    0x08000b80   0x08000b80   0x00000034   Code   RO         8159    i.BSP_LCD_MspInit   cwx3970.o
    0x08000bb4   0x08000bb4   0x0000000c   Code   RO         8162    i.BSP_LCD_SelectLayer  cwx3970.o
    0x08000bc0   0x08000bc0   0x00000018   Code   RO         8163    i.BSP_LCD_SetBackColor  cwx3970.o
    0x08000bd8   0x08000bd8   0x00000018   Code   RO         8165    i.BSP_LCD_SetFont   cwx3970.o
    0x08000bf0   0x08000bf0   0x00000014   Code   RO         8169    i.BSP_LCD_SetTextColor  cwx3970.o
    0x08000c04   0x08000c04   0x0000000c   Code   RO         8170    i.BSP_LCD_SetTransparency  cwx3970.o
    0x08000c10   0x08000c10   0x00000018   Code   RO         1113    i.BSP_PlatformIsDetected  fatfs_platform.o
    0x08000c28   0x08000c28   0x0000000c   Code   RO          908    i.BSP_SD_GetCardInfo  bsp_driver_sd.o
    0x08000c34   0x08000c34   0x00000018   Code   RO          909    i.BSP_SD_GetCardState  bsp_driver_sd.o
    0x08000c4c   0x08000c4c   0x00000030   Code   RO          911    i.BSP_SD_Init       bsp_driver_sd.o
    0x08000c7c   0x08000c7c   0x00000016   Code   RO          912    i.BSP_SD_IsDetected  bsp_driver_sd.o
    0x08000c92   0x08000c92   0x00000002   PAD
    0x08000c94   0x08000c94   0x00000020   Code   RO          913    i.BSP_SD_ReadBlocks  bsp_driver_sd.o
    0x08000cb4   0x08000cb4   0x00000020   Code   RO          916    i.BSP_SD_WriteBlocks  bsp_driver_sd.o
    0x08000cd4   0x08000cd4   0x00000002   Code   RO         1596    i.BusFault_Handler  stm32h7xx_it.o
    0x08000cd6   0x08000cd6   0x00000002   PAD
    0x08000cd8   0x08000cd8   0x000000e8   Code   RO           13    i.CALL_CUE          main.o
    0x08000dc0   0x08000dc0   0x0000019c   Code   RO           14    i.CREATE_SCREEN     main.o
    0x08000f5c   0x08000f5c   0x00000068   Code   RO         1232    i.CSP_QSPI_EnableMemoryMappedMode  quadspi.o
    0x08000fc4   0x08000fc4   0x00000058   Code   RO         1238    i.CSP_QUADSPI_Init  quadspi.o
    0x0800101c   0x0800101c   0x00000030   Code   RO           15    i.CalcTXCRC         main.o
    0x0800104c   0x0800104c   0x00000028   Code   RO           16    i.CheckRXAcrc       main.o
    0x08001074   0x08001074   0x00000028   Code   RO           17    i.CheckRXBcrc       main.o
    0x0800109c   0x0800109c   0x00000cbc   Code   RO           18    i.DATABASE_PARSER   main.o
    0x08001d58   0x08001d58   0x00000026   Code   RO         1850    i.DMA2D_SetConfig   stm32h7xx_hal_dma2d.o
    0x08001d7e   0x08001d7e   0x00000002   PAD
    0x08001d80   0x08001d80   0x0000000c   Code   RO         1597    i.DMA2_Stream0_IRQHandler  stm32h7xx_it.o
    0x08001d8c   0x08001d8c   0x0000000c   Code   RO         1598    i.DMA2_Stream1_IRQHandler  stm32h7xx_it.o
    0x08001d98   0x08001d98   0x000000e4   Code   RO         2771    i.DMA_CalcBaseAndBitshift  stm32h7xx_hal_dma.o
    0x08001e7c   0x08001e7c   0x000000d8   Code   RO         2772    i.DMA_CalcDMAMUXChannelBaseAndMask  stm32h7xx_hal_dma.o
    0x08001f54   0x08001f54   0x0000008c   Code   RO         2773    i.DMA_CalcDMAMUXRequestGenBaseAndMask  stm32h7xx_hal_dma.o
    0x08001fe0   0x08001fe0   0x0000007e   Code   RO         2774    i.DMA_CheckFifoParam  stm32h7xx_hal_dma.o
    0x0800205e   0x0800205e   0x00000002   PAD
    0x08002060   0x08002060   0x0000024c   Code   RO         2775    i.DMA_SetConfig     stm32h7xx_hal_dma.o
    0x080022ac   0x080022ac   0x00000002   Code   RO         1599    i.DebugMon_Handler  stm32h7xx_it.o
    0x080022ae   0x080022ae   0x00000002   PAD
    0x080022b0   0x080022b0   0x000001e4   Code   RO         6186    i.Decks_DMA         stm32h7xx_hal_spi.o
    0x08002494   0x08002494   0x00000040   Code   RO           19    i.DrawCTriangle     main.o
    0x080024d4   0x080024d4   0x000000d0   Code   RO         8173    i.DrawChar          cwx3970.o
    0x080025a4   0x080025a4   0x0000004e   Code   RO           20    i.DrawCueMarker     main.o
    0x080025f2   0x080025f2   0x00000002   PAD
    0x080025f4   0x080025f4   0x000000b0   Code   RO           21    i.DrawKey           main.o
    0x080026a4   0x080026a4   0x000001f8   Code   RO           22    i.DrawLOGO          main.o
    0x0800289c   0x0800289c   0x000003a0   Code   RO           23    i.DrawLoopMode      main.o
    0x08002c3c   0x08002c3c   0x00000040   Code   RO           24    i.DrawMTriangle     main.o
    0x08002c7c   0x08002c7c   0x000000f8   Code   RO           25    i.DrawMemBar        main.o
    0x08002d74   0x08002d74   0x000000fc   Code   RO           26    i.DrawMemoryMarker  main.o
    0x08002e70   0x08002e70   0x000000dc   Code   RO           27    i.DrawMinuteMarkers  main.o
    0x08002f4c   0x08002f4c   0x000001b4   Code   RO           28    i.DrawPhasebar      main.o
    0x08003100   0x08003100   0x0000005a   Code   RO           29    i.DrawPhasebarStatic  main.o
    0x0800315a   0x0800315a   0x00000002   PAD
    0x0800315c   0x0800315c   0x00000040   Code   RO           30    i.DrawREKORDBOX     main.o
    0x0800319c   0x0800319c   0x000000ec   Code   RO           31    i.DrawStaticTime    main.o
    0x08003288   0x08003288   0x000006b8   Code   RO           32    i.DrawStaticWFM     main.o
    0x08003940   0x08003940   0x000001d8   Code   RO           33    i.DrawTempoRange    main.o
    0x08003b18   0x08003b18   0x000000dc   Code   RO           34    i.DrawpxforBar      main.o
    0x08003bf4   0x08003bf4   0x00000004   Code   RO           35    i.Error_Handler     main.o
    0x08003bf8   0x08003bf8   0x00000006   Code   RO         8899    i.FATFS_LinkDriver  ff_gen_drv.o
    0x08003bfe   0x08003bfe   0x00000002   PAD
    0x08003c00   0x08003c00   0x00000048   Code   RO         8900    i.FATFS_LinkDriverEx  ff_gen_drv.o
    0x08003c48   0x08003c48   0x00000074   Code   RO         4415    i.FMC_SDRAM_Init    stm32h7xx_ll_fmc.o
    0x08003cbc   0x08003cbc   0x00000010   Code   RO         4416    i.FMC_SDRAM_ProgramRefreshRate  stm32h7xx_ll_fmc.o
    0x08003ccc   0x08003ccc   0x00000022   Code   RO         4417    i.FMC_SDRAM_SendCommand  stm32h7xx_ll_fmc.o
    0x08003cee   0x08003cee   0x00000096   Code   RO         4419    i.FMC_SDRAM_Timing_Init  stm32h7xx_ll_fmc.o
    0x08003d84   0x08003d84   0x000000c8   Code   RO         8174    i.FillTriangle      cwx3970.o
    0x08003e4c   0x08003e4c   0x00000088   Code   RO           36    i.FindCurrBar       main.o
    0x08003ed4   0x08003ed4   0x00000084   Code   RO         8175    i.ForceDrawVLine    cwx3970.o
    0x08003f58   0x08003f58   0x00000064   Code   RO           37    i.GET_SD_INFO       main.o
    0x08003fbc   0x08003fbc   0x000000e0   Code   RO         1864    i.HAL_DMA2D_ConfigLayer  stm32h7xx_hal_dma2d.o
    0x0800409c   0x0800409c   0x00000082   Code   RO         1872    i.HAL_DMA2D_Init    stm32h7xx_hal_dma2d.o
    0x0800411e   0x0800411e   0x00000002   PAD
    0x08004120   0x08004120   0x00000028   Code   RO          865    i.HAL_DMA2D_MspInit  dma2d.o
    0x08004148   0x08004148   0x0000015e   Code   RO         1876    i.HAL_DMA2D_PollForTransfer  stm32h7xx_hal_dma2d.o
    0x080042a6   0x080042a6   0x0000003a   Code   RO         1879    i.HAL_DMA2D_Start   stm32h7xx_hal_dma2d.o
    0x080042e0   0x080042e0   0x00000368   Code   RO         2776    i.HAL_DMA_Abort     stm32h7xx_hal_dma.o
    0x08004648   0x08004648   0x000002a0   Code   RO         2777    i.HAL_DMA_Abort_IT  stm32h7xx_hal_dma.o
    0x080048e8   0x080048e8   0x00000004   Code   RO         2780    i.HAL_DMA_GetError  stm32h7xx_hal_dma.o
    0x080048ec   0x080048ec   0x00000780   Code   RO         2782    i.HAL_DMA_IRQHandler  stm32h7xx_hal_dma.o
    0x0800506c   0x0800506c   0x000003f4   Code   RO         2783    i.HAL_DMA_Init      stm32h7xx_hal_dma.o
    0x08005460   0x08005460   0x000002e0   Code   RO         2788    i.HAL_DMA_Start_IT  stm32h7xx_hal_dma.o
    0x08005740   0x08005740   0x00000028   Code   RO         3497    i.HAL_Delay         stm32h7xx_hal.o
    0x08005768   0x08005768   0x000000d4   Code   RO         1138    i.HAL_FMC_MspInit   fmc.o
    0x0800583c   0x0800583c   0x00000180   Code   RO         2621    i.HAL_GPIO_DeInit   stm32h7xx_hal_gpio.o
    0x080059bc   0x080059bc   0x000001f4   Code   RO         2624    i.HAL_GPIO_Init     stm32h7xx_hal_gpio.o
    0x08005bb0   0x08005bb0   0x0000000e   Code   RO         2626    i.HAL_GPIO_ReadPin  stm32h7xx_hal_gpio.o
    0x08005bbe   0x08005bbe   0x0000000e   Code   RO         2628    i.HAL_GPIO_WritePin  stm32h7xx_hal_gpio.o
    0x08005bcc   0x08005bcc   0x0000000c   Code   RO         3508    i.HAL_GetREVID      stm32h7xx_hal.o
    0x08005bd8   0x08005bd8   0x0000000c   Code   RO         3509    i.HAL_GetTick       stm32h7xx_hal.o
    0x08005be4   0x08005be4   0x00000010   Code   RO         3515    i.HAL_IncTick       stm32h7xx_hal.o
    0x08005bf4   0x08005bf4   0x0000005c   Code   RO         3516    i.HAL_Init          stm32h7xx_hal.o
    0x08005c50   0x08005c50   0x0000004c   Code   RO         3517    i.HAL_InitTick      stm32h7xx_hal.o
    0x08005c9c   0x08005c9c   0x0000007c   Code   RO         4724    i.HAL_LTDC_ConfigLayer  stm32h7xx_hal_ltdc.o
    0x08005d18   0x08005d18   0x00000006   Code   RO         4739    i.HAL_LTDC_GetState  stm32h7xx_hal_ltdc.o
    0x08005d1e   0x08005d1e   0x00000002   PAD
    0x08005d20   0x08005d20   0x00000104   Code   RO         4741    i.HAL_LTDC_Init     stm32h7xx_hal_ltdc.o
    0x08005e24   0x08005e24   0x000000f4   Code   RO         1191    i.HAL_LTDC_MspInit  ltdc.o
    0x08005f18   0x08005f18   0x00000044   Code   RO         4750    i.HAL_LTDC_SetAlpha  stm32h7xx_hal_ltdc.o
    0x08005f5c   0x08005f5c   0x00000058   Code   RO         1715    i.HAL_MPU_ConfigRegion  stm32h7xx_hal_cortex.o
    0x08005fb4   0x08005fb4   0x00000020   Code   RO         1716    i.HAL_MPU_Disable   stm32h7xx_hal_cortex.o
    0x08005fd4   0x08005fd4   0x00000024   Code   RO         1717    i.HAL_MPU_Enable    stm32h7xx_hal_cortex.o
    0x08005ff8   0x08005ff8   0x0000001c   Code   RO         1690    i.HAL_MspInit       stm32h7xx_hal_msp.o
    0x08006014   0x08006014   0x0000001c   Code   RO         1720    i.HAL_NVIC_EnableIRQ  stm32h7xx_hal_cortex.o
    0x08006030   0x08006030   0x0000006c   Code   RO         1726    i.HAL_NVIC_SetPriority  stm32h7xx_hal_cortex.o
    0x0800609c   0x0800609c   0x00000024   Code   RO         1727    i.HAL_NVIC_SetPriorityGrouping  stm32h7xx_hal_cortex.o
    0x080060c0   0x080060c0   0x00000060   Code   RO         3237    i.HAL_PWREx_ConfigSupply  stm32h7xx_hal_pwr_ex.o
    0x08006120   0x08006120   0x000000ac   Code   RO         4999    i.HAL_QSPI_AutoPolling  stm32h7xx_hal_qspi.o
    0x080061cc   0x080061cc   0x00000092   Code   RO         5002    i.HAL_QSPI_Command  stm32h7xx_hal_qspi.o
    0x0800625e   0x0800625e   0x00000026   Code   RO         5004    i.HAL_QSPI_DeInit   stm32h7xx_hal_qspi.o
    0x08006284   0x08006284   0x000000a8   Code   RO         5011    i.HAL_QSPI_Init     stm32h7xx_hal_qspi.o
    0x0800632c   0x0800632c   0x00000092   Code   RO         5012    i.HAL_QSPI_MemoryMapped  stm32h7xx_hal_qspi.o
    0x080063be   0x080063be   0x00000002   PAD
    0x080063c0   0x080063c0   0x0000003c   Code   RO         1239    i.HAL_QSPI_MspDeInit  quadspi.o
    0x080063fc   0x080063fc   0x000000cc   Code   RO         1240    i.HAL_QSPI_MspInit  quadspi.o
    0x080064c8   0x080064c8   0x000000d4   Code   RO         5015    i.HAL_QSPI_Receive  stm32h7xx_hal_qspi.o
    0x0800659c   0x0800659c   0x00000004   Code   RO         5021    i.HAL_QSPI_SetTimeout  stm32h7xx_hal_qspi.o
    0x080065a0   0x080065a0   0x000000ca   Code   RO         5024    i.HAL_QSPI_Transmit  stm32h7xx_hal_qspi.o
    0x0800666a   0x0800666a   0x00000002   PAD
    0x0800666c   0x0800666c   0x00000024   Code   RO         2175    i.HAL_RCCEx_GetD3PCLK1Freq  stm32h7xx_hal_rcc_ex.o
    0x08006690   0x08006690   0x000001d0   Code   RO         2176    i.HAL_RCCEx_GetPLL1ClockFreq  stm32h7xx_hal_rcc_ex.o
    0x08006860   0x08006860   0x000001d0   Code   RO         2177    i.HAL_RCCEx_GetPLL2ClockFreq  stm32h7xx_hal_rcc_ex.o
    0x08006a30   0x08006a30   0x000001d0   Code   RO         2178    i.HAL_RCCEx_GetPLL3ClockFreq  stm32h7xx_hal_rcc_ex.o
    0x08006c00   0x08006c00   0x0000066a   Code   RO         2180    i.HAL_RCCEx_GetPeriphCLKFreq  stm32h7xx_hal_rcc_ex.o
    0x0800726a   0x0800726a   0x00000002   PAD
    0x0800726c   0x0800726c   0x00000aa8   Code   RO         2184    i.HAL_RCCEx_PeriphCLKConfig  stm32h7xx_hal_rcc_ex.o
    0x08007d14   0x08007d14   0x000002bc   Code   RO         2060    i.HAL_RCC_ClockConfig  stm32h7xx_hal_rcc.o
    0x08007fd0   0x08007fd0   0x00000048   Code   RO         2065    i.HAL_RCC_GetHCLKFreq  stm32h7xx_hal_rcc.o
    0x08008018   0x08008018   0x00000028   Code   RO         2067    i.HAL_RCC_GetPCLK1Freq  stm32h7xx_hal_rcc.o
    0x08008040   0x08008040   0x00000028   Code   RO         2068    i.HAL_RCC_GetPCLK2Freq  stm32h7xx_hal_rcc.o
    0x08008068   0x08008068   0x000001dc   Code   RO         2069    i.HAL_RCC_GetSysClockFreq  stm32h7xx_hal_rcc.o
    0x08008244   0x08008244   0x0000073c   Code   RO         2072    i.HAL_RCC_OscConfig  stm32h7xx_hal_rcc.o
    0x08008980   0x08008980   0x000000b6   Code   RO         5236    i.HAL_SAI_Abort     stm32h7xx_hal_sai.o
    0x08008a36   0x08008a36   0x00000002   Code   RO         5245    i.HAL_SAI_ErrorCallback  stm32h7xx_hal_sai.o
    0x08008a38   0x08008a38   0x000003a0   Code   RO         5249    i.HAL_SAI_Init      stm32h7xx_hal_sai.o
    0x08008dd8   0x08008dd8   0x000000c8   Code   RO         1338    i.HAL_SAI_MspInit   sai.o
    0x08008ea0   0x08008ea0   0x00000078   Code   RO         5260    i.HAL_SAI_Transmit_IT  stm32h7xx_hal_sai.o
    0x08008f18   0x08008f18   0x00000002   Code   RO         5261    i.HAL_SAI_TxCpltCallback  stm32h7xx_hal_sai.o
    0x08008f1a   0x08008f1a   0x00000002   PAD
    0x08008f1c   0x08008f1c   0x00000054   Code   RO         4556    i.HAL_SDRAM_Init    stm32h7xx_hal_sdram.o
    0x08008f70   0x08008f70   0x00000004   Code   RO         1140    i.HAL_SDRAM_MspInit  fmc.o
    0x08008f74   0x08008f74   0x00000032   Code   RO         4559    i.HAL_SDRAM_ProgramRefreshRate  stm32h7xx_hal_sdram.o
    0x08008fa6   0x08008fa6   0x00000044   Code   RO         4565    i.HAL_SDRAM_SendCommand  stm32h7xx_hal_sdram.o
    0x08008fea   0x08008fea   0x00000002   PAD
    0x08008fec   0x08008fec   0x00000154   Code   RO         5887    i.HAL_SD_ConfigWideBusOperation  stm32h7xx_hal_sd.o
    0x08009140   0x08009140   0x000001c8   Code   RO         5892    i.HAL_SD_GetCardCSD  stm32h7xx_hal_sd.o
    0x08009308   0x08009308   0x00000024   Code   RO         5893    i.HAL_SD_GetCardInfo  stm32h7xx_hal_sd.o
    0x0800932c   0x0800932c   0x00000020   Code   RO         5894    i.HAL_SD_GetCardState  stm32h7xx_hal_sd.o
    0x0800934c   0x0800934c   0x000000ec   Code   RO         5895    i.HAL_SD_GetCardStatus  stm32h7xx_hal_sd.o
    0x08009438   0x08009438   0x000000c2   Code   RO         5899    i.HAL_SD_Init       stm32h7xx_hal_sd.o
    0x080094fa   0x080094fa   0x00000002   PAD
    0x080094fc   0x080094fc   0x000000d0   Code   RO         5900    i.HAL_SD_InitCard   stm32h7xx_hal_sd.o
    0x080095cc   0x080095cc   0x000000b4   Code   RO         1381    i.HAL_SD_MspInit    sdmmc.o
    0x08009680   0x08009680   0x00000228   Code   RO         5903    i.HAL_SD_ReadBlocks  stm32h7xx_hal_sd.o
    0x080098a8   0x080098a8   0x00000244   Code   RO         5908    i.HAL_SD_WriteBlocks  stm32h7xx_hal_sd.o
    0x08009aec   0x08009aec   0x00000002   Code   RO         6194    i.HAL_SPI_ErrorCallback  stm32h7xx_hal_spi.o
    0x08009aee   0x08009aee   0x00000002   PAD
    0x08009af0   0x08009af0   0x00000248   Code   RO         6197    i.HAL_SPI_IRQHandler  stm32h7xx_hal_spi.o
    0x08009d38   0x08009d38   0x00000180   Code   RO         6198    i.HAL_SPI_Init      stm32h7xx_hal_spi.o
    0x08009eb8   0x08009eb8   0x00000184   Code   RO         1423    i.HAL_SPI_MspInit   spi.o
    0x0800a03c   0x0800a03c   0x00000228   Code   RO         6201    i.HAL_SPI_Receive   stm32h7xx_hal_spi.o
    0x0800a264   0x0800a264   0x00000002   Code   RO         6204    i.HAL_SPI_RxCpltCallback  stm32h7xx_hal_spi.o
    0x0800a266   0x0800a266   0x00000002   Code   RO         6206    i.HAL_SPI_SuspendCallback  stm32h7xx_hal_spi.o
    0x0800a268   0x0800a268   0x000002ae   Code   RO         6207    i.HAL_SPI_Transmit  stm32h7xx_hal_spi.o
    0x0800a516   0x0800a516   0x00000002   Code   RO         6213    i.HAL_SPI_TxCpltCallback  stm32h7xx_hal_spi.o
    0x0800a518   0x0800a518   0x00000002   Code   RO         6215    i.HAL_SPI_TxRxCpltCallback  stm32h7xx_hal_spi.o
    0x0800a51a   0x0800a51a   0x00000002   Code   RO         6216    i.HAL_SPI_TxRxHalfCpltCallback  stm32h7xx_hal_spi.o
    0x0800a51c   0x0800a51c   0x00000028   Code   RO         1731    i.HAL_SYSTICK_Config  stm32h7xx_hal_cortex.o
    0x0800a544   0x0800a544   0x00000002   Code   RO         7253    i.HAL_TIMEx_Break2Callback  stm32h7xx_hal_tim_ex.o
    0x0800a546   0x0800a546   0x00000002   Code   RO         7254    i.HAL_TIMEx_BreakCallback  stm32h7xx_hal_tim_ex.o
    0x0800a548   0x0800a548   0x00000002   Code   RO         7255    i.HAL_TIMEx_CommutCallback  stm32h7xx_hal_tim_ex.o
    0x0800a54a   0x0800a54a   0x00000098   Code   RO         7257    i.HAL_TIMEx_ConfigBreakDeadTime  stm32h7xx_hal_tim_ex.o
    0x0800a5e2   0x0800a5e2   0x00000002   PAD
    0x0800a5e4   0x0800a5e4   0x000000a8   Code   RO         7275    i.HAL_TIMEx_MasterConfigSynchronization  stm32h7xx_hal_tim_ex.o
    0x0800a68c   0x0800a68c   0x00000064   Code   RO         6528    i.HAL_TIM_Base_Init  stm32h7xx_hal_tim.o
    0x0800a6f0   0x0800a6f0   0x00000058   Code   RO         1471    i.HAL_TIM_Base_MspInit  tim.o
    0x0800a748   0x0800a748   0x00000094   Code   RO         6533    i.HAL_TIM_Base_Start_IT  stm32h7xx_hal_tim.o
    0x0800a7dc   0x0800a7dc   0x0000010a   Code   RO         6537    i.HAL_TIM_ConfigClockSource  stm32h7xx_hal_tim.o
    0x0800a8e6   0x0800a8e6   0x000000d2   Code   RO         6549    i.HAL_TIM_Encoder_Init  stm32h7xx_hal_tim.o
    0x0800a9b8   0x0800a9b8   0x0000007c   Code   RO         1473    i.HAL_TIM_Encoder_MspInit  tim.o
    0x0800aa34   0x0800aa34   0x00000002   Code   RO         6562    i.HAL_TIM_IC_CaptureCallback  stm32h7xx_hal_tim.o
    0x0800aa36   0x0800aa36   0x00000192   Code   RO         6576    i.HAL_TIM_IRQHandler  stm32h7xx_hal_tim.o
    0x0800abc8   0x0800abc8   0x00000054   Code   RO         1474    i.HAL_TIM_MspPostInit  tim.o
    0x0800ac1c   0x0800ac1c   0x00000002   Code   RO         6579    i.HAL_TIM_OC_DelayElapsedCallback  stm32h7xx_hal_tim.o
    0x0800ac1e   0x0800ac1e   0x00000136   Code   RO         6600    i.HAL_TIM_PWM_ConfigChannel  stm32h7xx_hal_tim.o
    0x0800ad54   0x0800ad54   0x00000064   Code   RO         6603    i.HAL_TIM_PWM_Init  stm32h7xx_hal_tim.o
    0x0800adb8   0x0800adb8   0x00000002   Code   RO         6605    i.HAL_TIM_PWM_MspInit  stm32h7xx_hal_tim.o
    0x0800adba   0x0800adba   0x00000002   Code   RO         6606    i.HAL_TIM_PWM_PulseFinishedCallback  stm32h7xx_hal_tim.o
    0x0800adbc   0x0800adbc   0x0000012c   Code   RO         6608    i.HAL_TIM_PWM_Start  stm32h7xx_hal_tim.o
    0x0800aee8   0x0800aee8   0x00000002   Code   RO         6614    i.HAL_TIM_PeriodElapsedCallback  stm32h7xx_hal_tim.o
    0x0800aeea   0x0800aeea   0x00000002   Code   RO         6619    i.HAL_TIM_TriggerCallback  stm32h7xx_hal_tim.o
    0x0800aeec   0x0800aeec   0x0000003e   Code   RO         7975    i.HAL_UARTEx_DisableFifoMode  stm32h7xx_hal_uart_ex.o
    0x0800af2a   0x0800af2a   0x00000002   Code   RO         7553    i.HAL_UARTEx_RxEventCallback  stm32h7xx_hal_uart.o
    0x0800af2c   0x0800af2c   0x00000002   Code   RO         7983    i.HAL_UARTEx_RxFifoFullCallback  stm32h7xx_hal_uart_ex.o
    0x0800af2e   0x0800af2e   0x0000004c   Code   RO         7984    i.HAL_UARTEx_SetRxFifoThreshold  stm32h7xx_hal_uart_ex.o
    0x0800af7a   0x0800af7a   0x0000004c   Code   RO         7985    i.HAL_UARTEx_SetTxFifoThreshold  stm32h7xx_hal_uart_ex.o
    0x0800afc6   0x0800afc6   0x00000002   Code   RO         7987    i.HAL_UARTEx_TxFifoEmptyCallback  stm32h7xx_hal_uart_ex.o
    0x0800afc8   0x0800afc8   0x00000002   Code   RO         7988    i.HAL_UARTEx_WakeupCallback  stm32h7xx_hal_uart_ex.o
    0x0800afca   0x0800afca   0x00000002   Code   RO         7569    i.HAL_UART_ErrorCallback  stm32h7xx_hal_uart.o
    0x0800afcc   0x0800afcc   0x000003f8   Code   RO         7572    i.HAL_UART_IRQHandler  stm32h7xx_hal_uart.o
    0x0800b3c4   0x0800b3c4   0x00000070   Code   RO         7573    i.HAL_UART_Init     stm32h7xx_hal_uart.o
    0x0800b434   0x0800b434   0x000001ac   Code   RO         1543    i.HAL_UART_MspInit  usart.o
    0x0800b5e0   0x0800b5e0   0x00000002   Code   RO         7585    i.HAL_UART_TxCpltCallback  stm32h7xx_hal_uart.o
    0x0800b5e2   0x0800b5e2   0x00000002   PAD
    0x0800b5e4   0x0800b5e4   0x00000034   Code   RO         1600    i.HardFault_Handler  stm32h7xx_it.o
    0x0800b618   0x0800b618   0x00000064   Code   RO         8176    i.LL_FillBuffer     cwx3970.o
    0x0800b67c   0x0800b67c   0x0000100c   Code   RO           38    i.LOAD_TRACKA       main.o
    0x0800c688   0x0800c688   0x000010f0   Code   RO           39    i.LOAD_TRACKB       main.o
    0x0800d778   0x0800d778   0x000001c4   Code   RO         4760    i.LTDC_SetConfig    stm32h7xx_hal_ltdc.o
    0x0800d93c   0x0800d93c   0x00000070   Code   RO           40    i.MPU_Config        main.o
    0x0800d9ac   0x0800d9ac   0x00000048   Code   RO          866    i.MX_DMA2D_Init     dma2d.o
    0x0800d9f4   0x0800d9f4   0x00000090   Code   RO          834    i.MX_DMA_Init       dma.o
    0x0800da84   0x0800da84   0x0000001c   Code   RO         1081    i.MX_FATFS_Init     fatfs.o
    0x0800daa0   0x0800daa0   0x000000d0   Code   RO         1141    i.MX_FMC_Init       fmc.o
    0x0800db70   0x0800db70   0x000001e8   Code   RO          806    i.MX_GPIO_Init      gpio.o
    0x0800dd58   0x0800dd58   0x00000124   Code   RO         1192    i.MX_LTDC_Init      ltdc.o
    0x0800de7c   0x0800de7c   0x00000040   Code   RO         1241    i.MX_QUADSPI_Init   quadspi.o
    0x0800debc   0x0800debc   0x000000d8   Code   RO         1339    i.MX_SAI1_Init      sai.o
    0x0800df94   0x0800df94   0x00000024   Code   RO         1382    i.MX_SDMMC1_SD_Init  sdmmc.o
    0x0800dfb8   0x0800dfb8   0x00000064   Code   RO         1424    i.MX_SPI1_Init      spi.o
    0x0800e01c   0x0800e01c   0x00000064   Code   RO         1425    i.MX_SPI2_Init      spi.o
    0x0800e080   0x0800e080   0x0000006c   Code   RO         1475    i.MX_TIM2_Init      tim.o
    0x0800e0ec   0x0800e0ec   0x00000064   Code   RO         1476    i.MX_TIM3_Init      tim.o
    0x0800e150   0x0800e150   0x000000f0   Code   RO         1477    i.MX_TIM8_Init      tim.o
    0x0800e240   0x0800e240   0x00000068   Code   RO         1544    i.MX_UART4_Init     usart.o
    0x0800e2a8   0x0800e2a8   0x00000068   Code   RO         1545    i.MX_UART7_Init     usart.o
    0x0800e310   0x0800e310   0x00000068   Code   RO         1546    i.MX_USART1_UART_Init  usart.o
    0x0800e378   0x0800e378   0x00000002   Code   RO         1601    i.MemManage_Handler  stm32h7xx_it.o
    0x0800e37a   0x0800e37a   0x00000002   PAD
    0x0800e37c   0x0800e37c   0x00000390   Code   RO           41    i.NAVIGATOR         main.o
    0x0800e70c   0x0800e70c   0x00000002   Code   RO         1602    i.NMI_Handler       stm32h7xx_it.o
    0x0800e70e   0x0800e70e   0x00000002   PAD
    0x0800e710   0x0800e710   0x00000634   Code   RO           42    i.PREPARE_LOAD_TRACK  main.o
    0x0800ed44   0x0800ed44   0x00000002   Code   RO         1603    i.PendSV_Handler    stm32h7xx_it.o
    0x0800ed46   0x0800ed46   0x00000002   PAD
    0x0800ed48   0x0800ed48   0x00000050   Code   RO           43    i.PeriphCommonClock_Config  main.o
    0x0800ed98   0x0800ed98   0x00000028   Code   RO           44    i.PlaylistID_to_Pos  main.o
    0x0800edc0   0x0800edc0   0x0000005c   Code   RO         1242    i.QSPI_AutoPollingMemReady  quadspi.o
    0x0800ee1c   0x0800ee1c   0x00000262   Code   RO         5028    i.QSPI_Config       stm32h7xx_hal_qspi.o
    0x0800f07e   0x0800f07e   0x00000002   PAD
    0x0800f080   0x0800f080   0x00000134   Code   RO         1243    i.QSPI_Configuration  quadspi.o
    0x0800f1b4   0x0800f1b4   0x00000078   Code   RO         1244    i.QSPI_ResetChip    quadspi.o
    0x0800f22c   0x0800f22c   0x00000062   Code   RO         5033    i.QSPI_WaitFlagStateUntilTimeout  stm32h7xx_hal_qspi.o
    0x0800f28e   0x0800f28e   0x00000002   PAD
    0x0800f290   0x0800f290   0x0000007c   Code   RO         1245    i.QSPI_WriteEnable  quadspi.o
    0x0800f30c   0x0800f30c   0x00000140   Code   RO         2187    i.RCCEx_PLL2_Config  stm32h7xx_hal_rcc_ex.o
    0x0800f44c   0x0800f44c   0x00000140   Code   RO         2188    i.RCCEx_PLL3_Config  stm32h7xx_hal_rcc_ex.o
    0x0800f58c   0x0800f58c   0x00000058   Code   RO           45    i.RD_EEMEM          main.o
    0x0800f5e4   0x0800f5e4   0x000000f0   Code   RO           46    i.ReDrawScroll      main.o
    0x0800f6d4   0x0800f6d4   0x00000518   Code   RO           47    i.RedrawWaveforms   main.o
    0x0800fbec   0x0800fbec   0x00000004   PAD
    0x0800fbf0   0x0800fbf0   0x00000a70   Code   RO           48    i.SAI1_IRQHandler   main.o
    0x08010660   0x08010660   0x00000044   Code   RO         5263    i.SAI_DMAAbort      stm32h7xx_hal_sai.o
    0x080106a4   0x080106a4   0x00000044   Code   RO         5269    i.SAI_Disable       stm32h7xx_hal_sai.o
    0x080106e8   0x080106e8   0x000001e8   Code   RO         5271    i.SAI_IRQHndlr      stm32h7xx_hal_sai.o
    0x080108d0   0x080108d0   0x00000030   Code   RO         5274    i.SAI_InterruptFlag  stm32h7xx_hal_sai.o
    0x08010900   0x08010900   0x0000005c   Code   RO         5278    i.SAI_Transmit      stm32h7xx_hal_sai.o
    0x0801095c   0x0801095c   0x00000064   Code   RO         5279    i.SAI_Transmit_IT32Bit  stm32h7xx_hal_sai.o
    0x080109c0   0x080109c0   0x00000034   Code   RO         5532    i.SDMMC_CmdAppCommand  stm32h7xx_ll_sdmmc.o
    0x080109f4   0x080109f4   0x0000002e   Code   RO         5533    i.SDMMC_CmdAppOperCommand  stm32h7xx_ll_sdmmc.o
    0x08010a22   0x08010a22   0x00000032   Code   RO         5534    i.SDMMC_CmdBlockLength  stm32h7xx_ll_sdmmc.o
    0x08010a54   0x08010a54   0x00000034   Code   RO         5535    i.SDMMC_CmdBusWidth  stm32h7xx_ll_sdmmc.o
    0x08010a88   0x08010a88   0x00000028   Code   RO         5539    i.SDMMC_CmdGoIdleState  stm32h7xx_ll_sdmmc.o
    0x08010ab0   0x08010ab0   0x00000030   Code   RO         5541    i.SDMMC_CmdOperCond  stm32h7xx_ll_sdmmc.o
    0x08010ae0   0x08010ae0   0x00000034   Code   RO         5542    i.SDMMC_CmdReadMultiBlock  stm32h7xx_ll_sdmmc.o
    0x08010b14   0x08010b14   0x00000034   Code   RO         5543    i.SDMMC_CmdReadSingleBlock  stm32h7xx_ll_sdmmc.o
    0x08010b48   0x08010b48   0x00000034   Code   RO         5546    i.SDMMC_CmdSelDesel  stm32h7xx_ll_sdmmc.o
    0x08010b7c   0x08010b7c   0x0000002e   Code   RO         5547    i.SDMMC_CmdSendCID  stm32h7xx_ll_sdmmc.o
    0x08010baa   0x08010baa   0x0000002e   Code   RO         5548    i.SDMMC_CmdSendCSD  stm32h7xx_ll_sdmmc.o
    0x08010bd8   0x08010bd8   0x00000032   Code   RO         5550    i.SDMMC_CmdSendSCR  stm32h7xx_ll_sdmmc.o
    0x08010c0a   0x08010c0a   0x00000034   Code   RO         5551    i.SDMMC_CmdSendStatus  stm32h7xx_ll_sdmmc.o
    0x08010c3e   0x08010c3e   0x0000003a   Code   RO         5552    i.SDMMC_CmdSetRelAdd  stm32h7xx_ll_sdmmc.o
    0x08010c78   0x08010c78   0x00000032   Code   RO         5555    i.SDMMC_CmdStatusRegister  stm32h7xx_ll_sdmmc.o
    0x08010caa   0x08010caa   0x00000002   PAD
    0x08010cac   0x08010cac   0x00000054   Code   RO         5556    i.SDMMC_CmdStopTransfer  stm32h7xx_ll_sdmmc.o
    0x08010d00   0x08010d00   0x00000034   Code   RO         5559    i.SDMMC_CmdWriteMultiBlock  stm32h7xx_ll_sdmmc.o
    0x08010d34   0x08010d34   0x00000034   Code   RO         5560    i.SDMMC_CmdWriteSingleBlock  stm32h7xx_ll_sdmmc.o
    0x08010d68   0x08010d68   0x00000024   Code   RO         5561    i.SDMMC_ConfigData  stm32h7xx_ll_sdmmc.o
    0x08010d8c   0x08010d8c   0x00000038   Code   RO         5562    i.SDMMC_GetCmdError  stm32h7xx_ll_sdmmc.o
    0x08010dc4   0x08010dc4   0x0000015c   Code   RO         5563    i.SDMMC_GetCmdResp1  stm32h7xx_ll_sdmmc.o
    0x08010f20   0x08010f20   0x0000005c   Code   RO         5564    i.SDMMC_GetCmdResp2  stm32h7xx_ll_sdmmc.o
    0x08010f7c   0x08010f7c   0x0000004c   Code   RO         5565    i.SDMMC_GetCmdResp3  stm32h7xx_ll_sdmmc.o
    0x08010fc8   0x08010fc8   0x0000009c   Code   RO         5566    i.SDMMC_GetCmdResp6  stm32h7xx_ll_sdmmc.o
    0x08011064   0x08011064   0x00000060   Code   RO         5567    i.SDMMC_GetCmdResp7  stm32h7xx_ll_sdmmc.o
    0x080110c4   0x080110c4   0x00000006   Code   RO         5568    i.SDMMC_GetCommandResponse  stm32h7xx_ll_sdmmc.o
    0x080110ca   0x080110ca   0x00000008   Code   RO         5571    i.SDMMC_GetPowerState  stm32h7xx_ll_sdmmc.o
    0x080110d2   0x080110d2   0x00000006   Code   RO         5572    i.SDMMC_GetResponse  stm32h7xx_ll_sdmmc.o
    0x080110d8   0x080110d8   0x00000028   Code   RO         5573    i.SDMMC_Init        stm32h7xx_ll_sdmmc.o
    0x08011100   0x08011100   0x0000000c   Code   RO         5576    i.SDMMC_PowerState_ON  stm32h7xx_ll_sdmmc.o
    0x0801110c   0x0801110c   0x00000006   Code   RO         5577    i.SDMMC_ReadFIFO    stm32h7xx_ll_sdmmc.o
    0x08011112   0x08011112   0x00000002   PAD
    0x08011114   0x08011114   0x00000024   Code   RO         5578    i.SDMMC_SendCommand  stm32h7xx_ll_sdmmc.o
    0x08011138   0x08011138   0x0000000a   Code   RO         5580    i.SDMMC_WriteFIFO   stm32h7xx_ll_sdmmc.o
    0x08011142   0x08011142   0x00000002   PAD
    0x08011144   0x08011144   0x00000020   Code   RO         1021    i.SD_CheckStatus    sd_diskio.o
    0x08011164   0x08011164   0x00000144   Code   RO         5911    i.SD_FindSCR        stm32h7xx_hal_sd.o
    0x080112a8   0x080112a8   0x00000102   Code   RO         5912    i.SD_InitCard       stm32h7xx_hal_sd.o
    0x080113aa   0x080113aa   0x00000002   PAD
    0x080113ac   0x080113ac   0x000000bc   Code   RO         5914    i.SD_PowerON        stm32h7xx_hal_sd.o
    0x08011468   0x08011468   0x00000130   Code   RO         5916    i.SD_SendSDStatus   stm32h7xx_hal_sd.o
    0x08011598   0x08011598   0x0000002e   Code   RO         5917    i.SD_SendStatus     stm32h7xx_hal_sd.o
    0x080115c6   0x080115c6   0x0000005e   Code   RO         5919    i.SD_WideBus_Disable  stm32h7xx_hal_sd.o
    0x08011624   0x08011624   0x0000005e   Code   RO         5920    i.SD_WideBus_Enable  stm32h7xx_hal_sd.o
    0x08011682   0x08011682   0x00000002   PAD
    0x08011684   0x08011684   0x00000020   Code   RO         1022    i.SD_initialize     sd_diskio.o
    0x080116a4   0x080116a4   0x00000068   Code   RO         1023    i.SD_ioctl          sd_diskio.o
    0x0801170c   0x0801170c   0x00000020   Code   RO         1024    i.SD_read           sd_diskio.o
    0x0801172c   0x0801172c   0x00000004   Code   RO         1025    i.SD_status         sd_diskio.o
    0x08011730   0x08011730   0x00000020   Code   RO         1026    i.SD_write          sd_diskio.o
    0x08011750   0x08011750   0x000000e8   Code   RO           49    i.SET_CUE           main.o
    0x08011838   0x08011838   0x00000098   Code   RO           50    i.SET_JOG_COLOR     main.o
    0x080118d0   0x080118d0   0x00000124   Code   RO           51    i.SET_MEMORY_CUE_1  main.o
    0x080119f4   0x080119f4   0x00000064   Code   RO           52    i.SET_MEMORY_CUE_2  main.o
    0x08011a58   0x08011a58   0x00000052   Code   RO         5280    i.SFillFifo         stm32h7xx_hal_sai.o
    0x08011aaa   0x08011aaa   0x00000002   PAD
    0x08011aac   0x08011aac   0x0000000c   Code   RO         1604    i.SPI2_IRQHandler   stm32h7xx_it.o
    0x08011ab8   0x08011ab8   0x000000c4   Code   RO         6218    i.SPI_CloseTransfer  stm32h7xx_hal_spi.o
    0x08011b7c   0x08011b7c   0x0000001a   Code   RO         6219    i.SPI_DMAAbortOnError  stm32h7xx_hal_spi.o
    0x08011b96   0x08011b96   0x0000002c   Code   RO         6220    i.SPI_DMAError      stm32h7xx_hal_spi.o
    0x08011bc2   0x08011bc2   0x0000000a   Code   RO         6223    i.SPI_DMAHalfTransmitReceiveCplt  stm32h7xx_hal_spi.o
    0x08011bcc   0x08011bcc   0x00000028   Code   RO         6227    i.SPI_DMATransmitReceiveCplt  stm32h7xx_hal_spi.o
    0x08011bf4   0x08011bf4   0x00000014   Code   RO         6229    i.SPI_GetPacketSize  stm32h7xx_hal_spi.o
    0x08011c08   0x08011c08   0x00000056   Code   RO         6236    i.SPI_WaitOnFlagUntilTimeout  stm32h7xx_hal_spi.o
    0x08011c5e   0x08011c5e   0x00000002   Code   RO         1605    i.SVC_Handler       stm32h7xx_it.o
    0x08011c60   0x08011c60   0x000001f0   Code   RO           53    i.ShowAC            main.o
    0x08011e50   0x08011e50   0x00000058   Code   RO           54    i.ShowACUE          main.o
    0x08011ea8   0x08011ea8   0x00000216   Code   RO           55    i.ShowBATT          main.o
    0x080120be   0x080120be   0x00000002   PAD
    0x080120c0   0x080120c0   0x00000204   Code   RO           56    i.ShowBPM           main.o
    0x080122c4   0x080122c4   0x00000048   Code   RO           57    i.ShowQUANTIZE      main.o
    0x0801230c   0x0801230c   0x00000278   Code   RO           58    i.ShowTempo         main.o
    0x08012584   0x08012584   0x0000027c   Code   RO           59    i.ShowTrackName     main.o
    0x08012800   0x08012800   0x00000ea4   Code   RO           60    i.SwitchInformationLayer  main.o
    0x080136a4   0x080136a4   0x00000004   Code   RO         1606    i.SysTick_Handler   stm32h7xx_it.o
    0x080136a8   0x080136a8   0x000000ec   Code   RO           61    i.SystemClock_Config  main.o
    0x08013794   0x08013794   0x000000e8   Code   RO         8099    i.SystemInit        system_stm32h7xx.o
    0x0801387c   0x0801387c   0x000021d0   Code   RO           62    i.TIM2_IRQHandler   main.o
    0x08015a4c   0x08015a4c   0x00000080   Code   RO           63    i.TIM3_IRQHandler   main.o
    0x08015acc   0x08015acc   0x000000c8   Code   RO         6621    i.TIM_Base_SetConfig  stm32h7xx_hal_tim.o
    0x08015b94   0x08015b94   0x0000001e   Code   RO         6622    i.TIM_CCxChannelCmd  stm32h7xx_hal_tim.o
    0x08015bb2   0x08015bb2   0x00000016   Code   RO         6632    i.TIM_ETR_SetConfig  stm32h7xx_hal_tim.o
    0x08015bc8   0x08015bc8   0x00000014   Code   RO         6633    i.TIM_ITRx_SetConfig  stm32h7xx_hal_tim.o
    0x08015bdc   0x08015bdc   0x000000a8   Code   RO         6634    i.TIM_OC1_SetConfig  stm32h7xx_hal_tim.o
    0x08015c84   0x08015c84   0x0000009c   Code   RO         6635    i.TIM_OC2_SetConfig  stm32h7xx_hal_tim.o
    0x08015d20   0x08015d20   0x0000009c   Code   RO         6636    i.TIM_OC3_SetConfig  stm32h7xx_hal_tim.o
    0x08015dbc   0x08015dbc   0x0000007e   Code   RO         6637    i.TIM_OC4_SetConfig  stm32h7xx_hal_tim.o
    0x08015e3a   0x08015e3a   0x00000078   Code   RO         6638    i.TIM_OC5_SetConfig  stm32h7xx_hal_tim.o
    0x08015eb2   0x08015eb2   0x0000007a   Code   RO         6639    i.TIM_OC6_SetConfig  stm32h7xx_hal_tim.o
    0x08015f2c   0x08015f2c   0x00000026   Code   RO         6641    i.TIM_TI1_ConfigInputStage  stm32h7xx_hal_tim.o
    0x08015f52   0x08015f52   0x00000024   Code   RO         6643    i.TIM_TI2_ConfigInputStage  stm32h7xx_hal_tim.o
    0x08015f76   0x08015f76   0x00000002   PAD
    0x08015f78   0x08015f78   0x00000070   Code   RO           64    i.UART4_IRQHandler  main.o
    0x08015fe8   0x08015fe8   0x00000070   Code   RO           65    i.UART7_IRQHandler  main.o
    0x08016058   0x08016058   0x0000005c   Code   RO         7989    i.UARTEx_SetNbDataToProcess  stm32h7xx_hal_uart_ex.o
    0x080160b4   0x080160b4   0x000000d8   Code   RO         7587    i.UART_AdvFeatureConfig  stm32h7xx_hal_uart.o
    0x0801618c   0x0801618c   0x000000ba   Code   RO         7588    i.UART_CheckIdleState  stm32h7xx_hal_uart.o
    0x08016246   0x08016246   0x00000014   Code   RO         7589    i.UART_DMAAbortOnError  stm32h7xx_hal_uart.o
    0x0801625a   0x0801625a   0x00000050   Code   RO         7599    i.UART_EndRxTransfer  stm32h7xx_hal_uart.o
    0x080162aa   0x080162aa   0x00000024   Code   RO         7600    i.UART_EndTransmit_IT  stm32h7xx_hal_uart.o
    0x080162ce   0x080162ce   0x00000002   PAD
    0x080162d0   0x080162d0   0x000004c2   Code   RO         7606    i.UART_SetConfig    stm32h7xx_hal_uart.o
    0x08016792   0x08016792   0x0000008e   Code   RO         7609    i.UART_TX           stm32h7xx_hal_uart.o
    0x08016820   0x08016820   0x000000ac   Code   RO         7614    i.UART_WaitOnFlagUntilTimeout  stm32h7xx_hal_uart.o
    0x080168cc   0x080168cc   0x0000006c   Code   RO           66    i.USART1_IRQHandler  main.o
    0x08016938   0x08016938   0x00000778   Code   RO           67    i.UTILITY_PARAMETER  main.o
    0x080170b0   0x080170b0   0x00000002   Code   RO         1607    i.UsageFault_Handler  stm32h7xx_it.o
    0x080170b2   0x080170b2   0x00000002   PAD
    0x080170b4   0x080170b4   0x00000090   Code   RO           68    i.WR_EEMEM          main.o
    0x08017144   0x08017144   0x00000028   Code   RO         9222    i.__0sprintf$8      mc_w.l(printf8.o)
    0x0801716c   0x0801716c   0x0000000e   Code   RO         9356    i.__scatterload_copy  mc_w.l(handlers.o)
    0x0801717a   0x0801717a   0x00000002   Code   RO         9357    i.__scatterload_null  mc_w.l(handlers.o)
    0x0801717c   0x0801717c   0x0000000e   Code   RO         9358    i.__scatterload_zeroinit  mc_w.l(handlers.o)
    0x0801718a   0x0801718a   0x00000002   PAD
    0x0801718c   0x0801718c   0x00000404   Code   RO         9227    i._printf_core      mc_w.l(printf8.o)
    0x08017590   0x08017590   0x00000024   Code   RO         9228    i._printf_post_padding  mc_w.l(printf8.o)
    0x080175b4   0x080175b4   0x0000002e   Code   RO         9229    i._printf_pre_padding  mc_w.l(printf8.o)
    0x080175e2   0x080175e2   0x0000000a   Code   RO         9231    i._sputc            mc_w.l(printf8.o)
    0x080175ec   0x080175ec   0x00000074   Code   RO         8495    i.check_fs          ff.o
    0x08017660   0x08017660   0x00000010   Code   RO         8496    i.chk_chr           ff.o
    0x08017670   0x08017670   0x00000070   Code   RO         8497    i.chk_lock          ff.o
    0x080176e0   0x080176e0   0x00000028   Code   RO         8498    i.clear_lock        ff.o
    0x08017708   0x08017708   0x0000002c   Code   RO         8499    i.clmt_clust        ff.o
    0x08017734   0x08017734   0x00000018   Code   RO         8500    i.clust2sect        ff.o
    0x0801774c   0x0801774c   0x00000098   Code   RO         8501    i.cmp_lfn           ff.o
    0x080177e4   0x080177e4   0x000000ba   Code   RO         8502    i.create_chain      ff.o
    0x0801789e   0x0801789e   0x00000002   PAD
    0x080178a0   0x080178a0   0x0000020c   Code   RO         8503    i.create_name       ff.o
    0x08017aac   0x08017aac   0x00000030   Code   RO         8504    i.dec_lock          ff.o
    0x08017adc   0x08017adc   0x0000004a   Code   RO         8505    i.dir_alloc         ff.o
    0x08017b26   0x08017b26   0x000000de   Code   RO         8506    i.dir_find          ff.o
    0x08017c04   0x08017c04   0x00000132   Code   RO         8507    i.dir_next          ff.o
    0x08017d36   0x08017d36   0x00000002   PAD
    0x08017d38   0x08017d38   0x0000013c   Code   RO         8509    i.dir_register      ff.o
    0x08017e74   0x08017e74   0x000000b0   Code   RO         8511    i.dir_sdi           ff.o
    0x08017f24   0x08017f24   0x0000002c   Code   RO         8440    i.disk_initialize   diskio.o
    0x08017f50   0x08017f50   0x0000001c   Code   RO         8441    i.disk_ioctl        diskio.o
    0x08017f6c   0x08017f6c   0x00000020   Code   RO         8442    i.disk_read         diskio.o
    0x08017f8c   0x08017f8c   0x00000018   Code   RO         8443    i.disk_status       diskio.o
    0x08017fa4   0x08017fa4   0x00000020   Code   RO         8444    i.disk_write        diskio.o
    0x08017fc4   0x08017fc4   0x00000028   Code   RO         8512    i.enq_lock          ff.o
    0x08017fec   0x08017fec   0x0000002a   Code   RO         8513    i.f_close           ff.o
    0x08018016   0x08018016   0x000000e0   Code   RO         8517    i.f_getfree         ff.o
    0x080180f6   0x080180f6   0x000002b0   Code   RO         8519    i.f_lseek           ff.o
    0x080183a6   0x080183a6   0x00000002   PAD
    0x080183a8   0x080183a8   0x00000068   Code   RO         8522    i.f_mount           ff.o
    0x08018410   0x08018410   0x00000220   Code   RO         8523    i.f_open            ff.o
    0x08018630   0x08018630   0x000001aa   Code   RO         8528    i.f_read            ff.o
    0x080187da   0x080187da   0x00000002   PAD
    0x080187dc   0x080187dc   0x0000009c   Code   RO         8532    i.f_sync            ff.o
    0x08018878   0x08018878   0x000001e6   Code   RO         8535    i.f_write           ff.o
    0x08018a5e   0x08018a5e   0x00000002   PAD
    0x08018a60   0x08018a60   0x00000038   Code   RO         8973    i.ff_convert        ccsbcs.o
    0x08018a98   0x08018a98   0x000000b8   Code   RO         8974    i.ff_wtoupper       ccsbcs.o
    0x08018b50   0x08018b50   0x00000324   Code   RO         8536    i.find_volume       ff.o
    0x08018e74   0x08018e74   0x0000008c   Code   RO         8537    i.follow_path       ff.o
    0x08018f00   0x08018f00   0x00000050   Code   RO         9274    i.free              mc_w.l(malloc.o)
    0x08018f50   0x08018f50   0x00000096   Code   RO         8538    i.gen_numname       ff.o
    0x08018fe6   0x08018fe6   0x000000f0   Code   RO         8540    i.get_fat           ff.o
    0x080190d6   0x080190d6   0x00000054   Code   RO         8542    i.get_ldnumber      ff.o
    0x0801912a   0x0801912a   0x00000002   PAD
    0x0801912c   0x0801912c   0x00000094   Code   RO         8543    i.inc_lock          ff.o
    0x080191c0   0x080191c0   0x000005bc   Code   RO           70    i.intDRAW_WAVEFORM_FRAME  main.o
    0x0801977c   0x0801977c   0x000000b6   Code   RO           71    i.intDrawLayer0_ANIMATION  main.o
    0x08019832   0x08019832   0x0000014c   Code   RO           72    i.intDrawLayer0_BROWSER_1_3  main.o
    0x0801997e   0x0801997e   0x00000002   PAD
    0x08019980   0x08019980   0x000002b8   Code   RO           73    i.intDrawLayer0_INFO  main.o
    0x08019c38   0x08019c38   0x00000240   Code   RO           74    i.intDrawLayer0_INFO_ANIMATION  main.o
    0x08019e78   0x08019e78   0x000000f0   Code   RO           75    i.intDrawLayer0_NOINFO  main.o
    0x08019f68   0x08019f68   0x00000074   Code   RO           76    i.intDrawLayer0_NOINFO_ANIMATION  main.o
    0x08019fdc   0x08019fdc   0x000000b4   Code   RO           77    i.intDrawTriangle   main.o
    0x0801a090   0x0801a090   0x00000248   Code   RO           78    i.int_B1_DRAW_ONE_LINE  main.o
    0x0801a2d8   0x0801a2d8   0x00000320   Code   RO           79    i.int_B2_DRAW_ONE_LINE  main.o
    0x0801a5f8   0x0801a5f8   0x000004e0   Code   RO           80    i.int_BI_DRAW_ONE_LINE  main.o
    0x0801aad8   0x0801aad8   0x0000098c   Code   RO           81    i.int_BIx_DRAW_ALL_LINES  main.o
    0x0801b464   0x0801b464   0x000001d4   Code   RO           82    i.int_B_DRAW_ALL_LINES  main.o
    0x0801b638   0x0801b638   0x00000374   Code   RO           83    i.int_B_DRAW_ONE_LINE  main.o
    0x0801b9ac   0x0801b9ac   0x000000a4   Code   RO           84    i.int_DRAW_STARS_RATING  main.o
    0x0801ba50   0x0801ba50   0x00000070   Code   RO           85    i.int_DRAW_TRANSPARENT_BAR  main.o
    0x0801bac0   0x0801bac0   0x000002dc   Code   RO           86    i.int_TI_DRAW_ALL_LINES  main.o
    0x0801bd9c   0x0801bd9c   0x000003d8   Code   RO           87    i.int_TI_DRAW_ONE_LINE  main.o
    0x0801c174   0x0801c174   0x00000148   Code   RO           88    i.int_T_DRAW_ALL_LINES  main.o
    0x0801c2bc   0x0801c2bc   0x00000264   Code   RO           89    i.int_T_DRAW_ONE_LINE  main.o
    0x0801c520   0x0801c520   0x00000094   Code   RO           90    i.int_U_DRAW_ALL_LINES  main.o
    0x0801c5b4   0x0801c5b4   0x00000260   Code   RO           91    i.int_U_DRAW_ONE_LINE  main.o
    0x0801c814   0x0801c814   0x00000080   Code   RO           92    i.int_U_REDRAW_ONE_LINE  main.o
    0x0801c894   0x0801c894   0x00000040   Code   RO           93    i.int_VALUE_to_KEY  main.o
    0x0801c8d4   0x0801c8d4   0x00000114   Code   RO           94    i.int_reload_parameter_realtime  main.o
    0x0801c9e8   0x0801c9e8   0x00000026   Code   RO         8544    i.ld_clust          ff.o
    0x0801ca0e   0x0801ca0e   0x00000016   Code   RO         8545    i.ld_dword          ff.o
    0x0801ca24   0x0801ca24   0x0000000a   Code   RO         8546    i.ld_word           ff.o
    0x0801ca2e   0x0801ca2e   0x00000002   PAD
    0x0801ca30   0x0801ca30   0x00002a50   Code   RO           95    i.main              main.o
    0x0801f480   0x0801f480   0x0000006c   Code   RO         9275    i.malloc            mc_w.l(malloc.o)
    0x0801f4ec   0x0801f4ec   0x00000018   Code   RO         8547    i.mem_cmp           ff.o
    0x0801f504   0x0801f504   0x00000012   Code   RO         8548    i.mem_cpy           ff.o
    0x0801f516   0x0801f516   0x0000000c   Code   RO         8549    i.mem_set           ff.o
    0x0801f522   0x0801f522   0x00000034   Code   RO         8550    i.move_window       ff.o
    0x0801f556   0x0801f556   0x00000134   Code   RO         8553    i.put_fat           ff.o
    0x0801f68a   0x0801f68a   0x00000002   PAD
    0x0801f68c   0x0801f68c   0x00000074   Code   RO         8554    i.put_lfn           ff.o
    0x0801f700   0x0801f700   0x0000007e   Code   RO         8558    i.remove_chain      ff.o
    0x0801f77e   0x0801f77e   0x00000028   Code   RO         8559    i.st_clust          ff.o
    0x0801f7a6   0x0801f7a6   0x00000014   Code   RO         8560    i.st_dword          ff.o
    0x0801f7ba   0x0801f7ba   0x0000000a   Code   RO         8561    i.st_word           ff.o
    0x0801f7c4   0x0801f7c4   0x0000001a   Code   RO         8562    i.sum_sfn           ff.o
    0x0801f7de   0x0801f7de   0x00000002   PAD
    0x0801f7e0   0x0801f7e0   0x0000008c   Code   RO         8563    i.sync_fs           ff.o
    0x0801f86c   0x0801f86c   0x00000056   Code   RO         8564    i.sync_window       ff.o
    0x0801f8c2   0x0801f8c2   0x00000002   PAD
    0x0801f8c4   0x0801f8c4   0x000000f8   Code   RO           96    i.trackname_parser  main.o
    0x0801f9bc   0x0801f9bc   0x00000038   Code   RO         8565    i.validate          ff.o
    0x0801f9f4   0x0801f9f4   0x00000236   Data   RO          103    .constdata          main.o
    0x0801fc2a   0x0801fc2a   0x00000002   PAD
    0x0801fc2c   0x0801fc2c   0x00000014   Data   RO         1027    .constdata          sd_diskio.o
    0x0801fc40   0x0801fc40   0x00000008   Data   RO         2790    .constdata          stm32h7xx_hal_dma.o
    0x0801fc48   0x0801fc48   0x00000018   Data   RO         7615    .constdata          stm32h7xx_hal_uart.o
    0x0801fc60   0x0801fc60   0x00000010   Data   RO         7991    .constdata          stm32h7xx_hal_uart_ex.o
    0x0801fc70   0x0801fc70   0x00000010   Data   RO         8100    .constdata          system_stm32h7xx.o
    0x0801fc80   0x0801fc80   0x00001a40   Data   RO         8178    .constdata          cwx3970.o
    0x080216c0   0x080216c0   0x000004c5   Data   RO         8179    .constdata          cwx3970.o
    0x08021b85   0x08021b85   0x000002d8   Data   RO         8180    .constdata          cwx3970.o
    0x08021e5d   0x08021e5d   0x000003a8   Data   RO         8181    .constdata          cwx3970.o
    0x08022205   0x08022205   0x000000ea   Data   RO         8182    .constdata          cwx3970.o
    0x080222ef   0x080222ef   0x00000299   Data   RO         8183    .constdata          cwx3970.o
    0x08022588   0x08022588   0x00000151   Data   RO         8184    .constdata          cwx3970.o
    0x080226d9   0x080226d9   0x00000001   PAD
    0x080226da   0x080226da   0x000000aa   Data   RO         8567    .constdata          ff.o
    0x08022784   0x08022784   0x000003ae   Data   RO         8975    .constdata          ccsbcs.o
    0x08022b32   0x08022b32   0x00000002   PAD
    0x08022b34   0x08022b34   0x00000020   Data   RO         9354    Region$$Table       anon$$obj.o


    Execution Region RW_IRAM1 (Exec base: 0x20000000, Load base: 0x08022b54, Size: 0x00000000, Max: 0x00020000, ABSOLUTE)

    **** No section assigned to this execution region ****


    Execution Region RW_IRAM2 (Exec base: 0x24000000, Load base: 0x08022b54, Size: 0x00040da0, Max: 0x00080000, ABSOLUTE, COMPRESSED[0x00000260])

    Exec Addr    Load Addr    Size         Type   Attr      Idx    E Section Name        Object

    0x24000000   COMPRESSED   0x00000740   Data   RW          105    .data               main.o
    0x24000740   COMPRESSED   0x00000001   Data   RW         1028    .data               sd_diskio.o
    0x24000741   COMPRESSED   0x00000005   Data   RW         1084    .data               fatfs.o
    0x24000746   COMPRESSED   0x00000002   PAD
    0x24000748   COMPRESSED   0x00000008   Data   RW         1143    .data               fmc.o
    0x24000750   COMPRESSED   0x00000004   Data   RW         1341    .data               sai.o
    0x24000754   COMPRESSED   0x0000000c   Data   RW         3538    .data               stm32h7xx_hal.o
    0x24000760   COMPRESSED   0x00000008   Data   RW         8101    .data               system_stm32h7xx.o
    0x24000768   COMPRESSED   0x00000018   Data   RW         8185    .data               cwx3970.o
    0x24000780   COMPRESSED   0x00000008   Data   RW         8186    .data               cwx3970.o
    0x24000788   COMPRESSED   0x00000008   Data   RW         8187    .data               cwx3970.o
    0x24000790   COMPRESSED   0x00000008   Data   RW         8188    .data               cwx3970.o
    0x24000798   COMPRESSED   0x00000008   Data   RW         8189    .data               cwx3970.o
    0x240007a0   COMPRESSED   0x00000008   Data   RW         8568    .data               ff.o
    0x240007a8   COMPRESSED   0x00000004   Data   RW         9333    .data               mc_w.l(mvars.o)
    0x240007ac   COMPRESSED   0x00000004   Data   RW         9334    .data               mc_w.l(mvars.o)
    0x240007b0        -       0x0003e23c   Zero   RW          101    .bss                main.o
    0x2403e9ec        -       0x00000078   Zero   RW          835    .bss                dma.o
    0x2403ea64        -       0x00000068   Zero   RW          867    .bss                dma2d.o
    0x2403eacc        -       0x00000034   Zero   RW         1142    .bss                fmc.o
    0x2403eb00        -       0x000000a8   Zero   RW         1193    .bss                ltdc.o
    0x2403eba8        -       0x0000004c   Zero   RW         1246    .bss                quadspi.o
    0x2403ebf4        -       0x00000130   Zero   RW         1340    .bss                sai.o
    0x2403ed24        -       0x0000007c   Zero   RW         1383    .bss                sdmmc.o
    0x2403eda0        -       0x00000200   Zero   RW         1426    .bss                spi.o
    0x2403efa0        -       0x000000e4   Zero   RW         1478    .bss                tim.o
    0x2403f084        -       0x000001bc   Zero   RW         1547    .bss                usart.o
    0x2403f240        -       0x00000120   Zero   RW         8177    .bss                cwx3970.o
    0x2403f360        -       0x00000230   Zero   RW         8566    .bss                ff.o
    0x2403f590        -       0x0000000c   Zero   RW         8903    .bss                ff_gen_drv.o
    0x2403f59c   COMPRESSED   0x00000004   PAD
    0x2403f5a0        -       0x00000800   Zero   RW            2    HEAP                startup_stm32h743xx.o
    0x2403fda0        -       0x00001000   Zero   RW            1    STACK               startup_stm32h743xx.o



  Load Region LR_QSPI (Base: 0x90000000, Size: 0x00450328, Max: 0x00800000, ABSOLUTE)

    Execution Region ER_QSPI (Exec base: 0x90000000, Load base: 0x90000000, Size: 0x00450328, Max: 0x00800000, ABSOLUTE)

    Exec Addr    Load Addr    Size         Type   Attr      Idx    E Section Name        Object

    0x90000000   0x90000000   0x00450240   Data   RO          109    .qspi_data          main.o
    0x90450240   0x90450240   0x000000e6   Data   RW          110    .qspi_data          main.o



  Load Region LR$$.ARM.__AT_0x30000000 (Base: 0x30000000, Size: 0x00000000, Max: 0x00000010, ABSOLUTE)

    Execution Region ER$$.ARM.__AT_0x30000000 (Exec base: 0x30000000, Load base: 0x30000000, Size: 0x00000010, Max: 0x00000010, ABSOLUTE, UNINIT)

    Exec Addr    Load Addr    Size         Type   Attr      Idx    E Section Name        Object

    0x30000000        -       0x00000010   Zero   RW           97    .ARM.__AT_0x30000000  main.o



  Load Region LR$$.ARM.__AT_0x30000010 (Base: 0x30000010, Size: 0x00000000, Max: 0x00000080, ABSOLUTE)

    Execution Region ER$$.ARM.__AT_0x30000010 (Exec base: 0x30000010, Load base: 0x30000010, Size: 0x00000080, Max: 0x00000080, ABSOLUTE, UNINIT)

    Exec Addr    Load Addr    Size         Type   Attr      Idx    E Section Name        Object

    0x30000010        -       0x00000080   Zero   RW           98    .ARM.__AT_0x30000010  main.o



  Load Region LR$$.ARM.__AT_0xC0000000 (Base: 0xc0000000, Size: 0x00000000, Max: 0x0006d380, ABSOLUTE)

    Execution Region ER$$.ARM.__AT_0xC0000000 (Exec base: 0xc0000000, Load base: 0xc0000000, Size: 0x0006d380, Max: 0x0006d380, ABSOLUTE, UNINIT)

    Exec Addr    Load Addr    Size         Type   Attr      Idx    E Section Name        Object

    0xc0000000        -       0x0006d380   Zero   RW           99    .ARM.__AT_0xC0000000  main.o



  Load Region LR$$.ARM.__AT_0xC006D380 (Base: 0xc006d380, Size: 0x00000000, Max: 0x01100000, ABSOLUTE)

    Execution Region ER$$.ARM.__AT_0xC006D380 (Exec base: 0xc006d380, Load base: 0xc006d380, Size: 0x01100000, Max: 0x01100000, ABSOLUTE, UNINIT)

    Exec Addr    Load Addr    Size         Type   Attr      Idx    E Section Name        Object

    0xc006d380        -       0x01100000   Zero   RW          100    .ARM.__AT_0xC006D380  main.o


==============================================================================

Image component sizes


      Code (inc. data)   RO Data    RW Data    ZI Data      Debug   Object Name

       170         26          0          0          0       3853   bsp_driver_sd.o
       240         22        942          0          0       2711   ccsbcs.o
      2028        212      10841         56        288      22483   cwx3970.o
       160         26          0          0          0       3617   diskio.o
       144         14          0          0        120       1055   dma.o
       112         12          0          0        104       1525   dma2d.o
        28         12          0          5          0        982   fatfs.o
        24          4          0          0          0        541   fatfs_platform.o
      7736        114        170          8        560      53232   ff.o
        78          4          0          0         12       1611   ff_gen_drv.o
       424         42          0          8         52       2224   fmc.o
       488         28          0          0          0       1291   gpio.o
       536         32          0          0        168       1998   ltdc.o
     69884       5986    4523126       2086   18527820    1540619   main.o
      1164         72          0          0         76       6802   quadspi.o
       416         38          0          4        304       1913   sai.o
       236         16         20          1          0       4608   sd_diskio.o
       216         26          0          0        124       1664   sdmmc.o
       588         64          0          0        512       2612   spi.o
        36          8        664          0       6144        824   startup_stm32h743xx.o
       248         48          0         12          0      23240   stm32h7xx_hal.o
       368         38          0          0          0      41329   stm32h7xx_hal_cortex.o
      6514        834          8          0          0      14821   stm32h7xx_hal_dma.o
       800          8          0          0          0       5095   stm32h7xx_hal_dma2d.o
       912         12          0          0          0       4013   stm32h7xx_hal_gpio.o
       910          6          0          0          0       4555   stm32h7xx_hal_ltdc.o
        28          4          0          0          0        778   stm32h7xx_hal_msp.o
        96         10          0          0          0        825   stm32h7xx_hal_pwr_ex.o
      1796          4          0          0          0      10489   stm32h7xx_hal_qspi.o
      3180        162          0          0          0       8388   stm32h7xx_hal_rcc.o
      6438        262          0          0          0      12355   stm32h7xx_hal_rcc_ex.o
      2180         88          0          0          0      10628   stm32h7xx_hal_sai.o
      3942         70          0          0          0      19375   stm32h7xx_hal_sd.o
       202          6          0          0          0       2836   stm32h7xx_hal_sdram.o
      3124         32          0          0          0      14931   stm32h7xx_hal_spi.o
      3042        102          0          0          0      19879   stm32h7xx_hal_tim.o
       326         10          0          0          0       4148   stm32h7xx_hal_tim_ex.o
      3204        146         24          0          0      31958   stm32h7xx_hal_uart.o
       312          6         16          0          0       5414   stm32h7xx_hal_uart_ex.o
       106         40          0          0          0       5388   stm32h7xx_it.o
       316          0          0          0          0       4228   stm32h7xx_ll_fmc.o
      1918         68          0          0          0      25210   stm32h7xx_ll_sdmmc.o
         0          0          0          0          0        528   syscall.o
       232         56         16          8          0       1242   system_stm32h7xx.o
       744         56          0          0        228       4352   tim.o
       740         52          0          0        444       3352   usart.o

    ----------------------------------------------------------------------
    126480       8882    4535864       2192   18536960    1935522   Object Totals
         0          0         32          0          0          0   (incl. Generated)
        94          4          5          4          4          0   (incl. Padding)

    ----------------------------------------------------------------------

      Code (inc. data)   RO Data    RW Data    ZI Data      Debug   Library Member Name

        86          0          0          0          0          0   __dczerorl2.o
         0          0          0          0          0          0   entry.o
         0          0          0          0          0          0   entry10a.o
         0          0          0          0          0          0   entry11a.o
         4          0          0          0          0          0   entry12b.o
         8          4          0          0          0          0   entry2.o
         4          0          0          0          0          0   entry5.o
         0          0          0          0          0          0   entry7b.o
         0          0          0          0          0          0   entry8b.o
         8          4          0          0          0          0   entry9a.o
        30          0          0          0          0          0   handlers.o
        36          8          0          0          0         68   init.o
         0          0          0          0          0          0   iusefp.o
        30          0          0          0          0         68   llshl.o
        32          0          0          0          0         68   llushr.o
       188         20          0          0          0        160   malloc.o
        36          0          0          0          0         68   memcpya.o
        36          0          0          0          0        108   memseta.o
         0          0          0          8          0          0   mvars.o
      1160         50          0          0          0        420   printf8.o
        98          0          0          0          0         92   uldiv.o
        56          0          0          0          0         88   d2f.o
       186          0          0          0          0        176   depilogue.o
       228          0          0          0          0         96   dmul.o
        38          0          0          0          0         68   f2d.o
       110          0          0          0          0        168   fepilogue.o

    ----------------------------------------------------------------------
      2380         86          0          8          0       1648   Library Totals
         6          0          0          0          0          0   (incl. Padding)

    ----------------------------------------------------------------------

      Code (inc. data)   RO Data    RW Data    ZI Data      Debug   Library Name

      1756         86          0          8          0       1052   mc_w.l
       618          0          0          0          0        596   mf_w.l

    ----------------------------------------------------------------------
      2380         86          0          8          0       1648   Library Totals

    ----------------------------------------------------------------------

==============================================================================


      Code (inc. data)   RO Data    RW Data    ZI Data      Debug   

    128860       8968    4535864       2200   18536960    1894974   Grand Totals
    128860       8968    4535864        840   18536960    1894974   ELF Image Totals (compressed)
    128860       8968    4535864        840          0          0   ROM Totals

==============================================================================

    Total RO  Size (Code + RO Data)              4664724 (4555.39kB)
    Total RW  Size (RW Data + ZI Data)          18539160 (18104.65kB)
    Total ROM Size (Code + RO Data + RW Data)    4665564 (4556.21kB)

==============================================================================

