Component: ARM Compiler 5.06 update 7 (build 960) Tool: armlink [4d3601]

==============================================================================

Section Cross References

    startup_stm32h743xx.o(STACK) refers (Special) to heapauxi.o(.text) for __use_two_region_memory
    startup_stm32h743xx.o(HEAP) refers (Special) to heapauxi.o(.text) for __use_two_region_memory
    startup_stm32h743xx.o(RESET) refers (Special) to heapauxi.o(.text) for __use_two_region_memory
    startup_stm32h743xx.o(RESET) refers to startup_stm32h743xx.o(STACK) for __initial_sp
    startup_stm32h743xx.o(RESET) refers to startup_stm32h743xx.o(.text) for Reset_Handler
    startup_stm32h743xx.o(RESET) refers to stm32h7xx_it.o(i.NMI_Handler) for NMI_Handler
    startup_stm32h743xx.o(RESET) refers to stm32h7xx_it.o(i.HardFault_Handler) for HardFault_Handler
    startup_stm32h743xx.o(RESET) refers to stm32h7xx_it.o(i.MemManage_Handler) for MemManage_Handler
    startup_stm32h743xx.o(RESET) refers to stm32h7xx_it.o(i.BusFault_Handler) for BusFault_Handler
    startup_stm32h743xx.o(RESET) refers to stm32h7xx_it.o(i.UsageFault_Handler) for UsageFault_Handler
    startup_stm32h743xx.o(RESET) refers to stm32h7xx_it.o(i.SVC_Handler) for SVC_Handler
    startup_stm32h743xx.o(RESET) refers to stm32h7xx_it.o(i.DebugMon_Handler) for DebugMon_Handler
    startup_stm32h743xx.o(RESET) refers to stm32h7xx_it.o(i.PendSV_Handler) for PendSV_Handler
    startup_stm32h743xx.o(RESET) refers to stm32h7xx_it.o(i.SysTick_Handler) for SysTick_Handler
    startup_stm32h743xx.o(RESET) refers to main.o(i.TIM2_IRQHandler) for TIM2_IRQHandler
    startup_stm32h743xx.o(RESET) refers to main.o(i.USART1_IRQHandler) for USART1_IRQHandler
    startup_stm32h743xx.o(RESET) refers to main.o(i.TIM8_UP_TIM13_IRQHandler) for TIM8_UP_TIM13_IRQHandler
    startup_stm32h743xx.o(RESET) refers to main.o(i.UART5_IRQHandler) for UART5_IRQHandler
    startup_stm32h743xx.o(RESET) refers to main.o(i.SAI1_IRQHandler) for SAI1_IRQHandler
    startup_stm32h743xx.o(RESET) refers to main.o(i.SAI2_IRQHandler) for SAI2_IRQHandler
    startup_stm32h743xx.o(RESET) refers to main.o(i.SAI3_IRQHandler) for SAI3_IRQHandler
    startup_stm32h743xx.o(.text) refers (Special) to heapauxi.o(.text) for __use_two_region_memory
    startup_stm32h743xx.o(.text) refers to system_stm32h7xx.o(i.SystemInit) for SystemInit
    startup_stm32h743xx.o(.text) refers to __main.o(!!!main) for __main
    startup_stm32h743xx.o(.text) refers to startup_stm32h743xx.o(HEAP) for Heap_Mem
    startup_stm32h743xx.o(.text) refers to startup_stm32h743xx.o(STACK) for Stack_Mem
    spi_st7735.o(i.TFT_DrawChar) refers to spi_st7735.o(i.TFT_DrawPixel) for TFT_DrawPixel
    spi_st7735.o(i.TFT_DrawChar) refers to spi_st7735.o(.data) for .data
    spi_st7735.o(i.TFT_DrawCircle) refers to spi_st7735.o(i.TFT_DrawPixel) for TFT_DrawPixel
    spi_st7735.o(i.TFT_DrawLine) refers to spi_st7735.o(i.TFT_DrawPixel) for TFT_DrawPixel
    spi_st7735.o(i.TFT_DrawPixel) refers to spi_st7735.o(i.TFT_SendCommand) for TFT_SendCommand
    spi_st7735.o(i.TFT_DrawPixel) refers to stm32h7xx_hal_spi.o(i.HAL_SPI_Transmit) for HAL_SPI_Transmit
    spi_st7735.o(i.TFT_DrawPixel) refers to spi.o(.bss) for hspi1
    spi_st7735.o(i.TFT_DrawRect) refers to spi_st7735.o(i.TFT_DrawLine) for TFT_DrawLine
    spi_st7735.o(i.TFT_FillRect) refers to spi_st7735.o(i.TFT_SendCommand) for TFT_SendCommand
    spi_st7735.o(i.TFT_FillRect) refers to spi_st7735.o(i.TFT_WriteData) for TFT_WriteData
    spi_st7735.o(i.TFT_FillRect) refers to stm32h7xx_hal_spi.o(i.HAL_SPI_Transmit) for HAL_SPI_Transmit
    spi_st7735.o(i.TFT_FillRect) refers to spi.o(.bss) for hspi1
    spi_st7735.o(i.TFT_FillScreen) refers to spi_st7735.o(i.TFT_FillRect) for TFT_FillRect
    spi_st7735.o(i.TFT_FillScreen) refers to spi_st7735.o(.data) for .data
    spi_st7735.o(i.TFT_FontsIni) refers to spi_st7735.o(.data) for .data
    spi_st7735.o(i.TFT_SendCommand) refers to stm32h7xx_hal_spi.o(i.HAL_SPI_Transmit) for HAL_SPI_Transmit
    spi_st7735.o(i.TFT_SendCommand) refers to spi.o(.bss) for hspi1
    spi_st7735.o(i.TFT_SendData) refers to stm32h7xx_hal_spi.o(i.HAL_SPI_Transmit) for HAL_SPI_Transmit
    spi_st7735.o(i.TFT_SendData) refers to spi.o(.bss) for hspi1
    spi_st7735.o(i.TFT_SetBackColor) refers to spi_st7735.o(.data) for .data
    spi_st7735.o(i.TFT_SetFont) refers to spi_st7735.o(.data) for .data
    spi_st7735.o(i.TFT_SetRotation) refers to spi_st7735.o(i.TFT_SendCommand) for TFT_SendCommand
    spi_st7735.o(i.TFT_SetRotation) refers to spi_st7735.o(i.TFT_SendData) for TFT_SendData
    spi_st7735.o(i.TFT_SetRotation) refers to spi_st7735.o(.data) for .data
    spi_st7735.o(i.TFT_SetTextColor) refers to spi_st7735.o(.data) for .data
    spi_st7735.o(i.TFT_String) refers to spi_st7735.o(i.TFT_DrawChar) for TFT_DrawChar
    spi_st7735.o(i.TFT_String) refers to spi_st7735.o(i.VFD_DrawChar) for VFD_DrawChar
    spi_st7735.o(i.TFT_String) refers to spi_st7735.o(.data) for .data
[...]
    LPTIM3_IRQHandler                        0x0800039b   Thumb Code     0  startup_stm32h743xx.o(.text)
    LPTIM4_IRQHandler                        0x0800039b   Thumb Code     0  startup_stm32h743xx.o(.text)
    LPTIM5_IRQHandler                        0x0800039b   Thumb Code     0  startup_stm32h743xx.o(.text)
    LPUART1_IRQHandler                       0x0800039b   Thumb Code     0  startup_stm32h743xx.o(.text)
    LTDC_ER_IRQHandler                       0x0800039b   Thumb Code     0  startup_stm32h743xx.o(.text)
    LTDC_IRQHandler                          0x0800039b   Thumb Code     0  startup_stm32h743xx.o(.text)
    MDIOS_IRQHandler                         0x0800039b   Thumb Code     0  startup_stm32h743xx.o(.text)
    MDIOS_WKUP_IRQHandler                    0x0800039b   Thumb Code     0  startup_stm32h743xx.o(.text)
    MDMA_IRQHandler                          0x0800039b   Thumb Code     0  startup_stm32h743xx.o(.text)
    OTG_FS_EP1_IN_IRQHandler                 0x0800039b   Thumb Code     0  startup_stm32h743xx.o(.text)
    OTG_FS_EP1_OUT_IRQHandler                0x0800039b   Thumb Code     0  startup_stm32h743xx.o(.text)
    OTG_FS_IRQHandler                        0x0800039b   Thumb Code     0  startup_stm32h743xx.o(.text)
    OTG_FS_WKUP_IRQHandler                   0x0800039b   Thumb Code     0  startup_stm32h743xx.o(.text)
    OTG_HS_EP1_IN_IRQHandler                 0x0800039b   Thumb Code     0  startup_stm32h743xx.o(.text)
    OTG_HS_EP1_OUT_IRQHandler                0x0800039b   Thumb Code     0  startup_stm32h743xx.o(.text)
    OTG_HS_IRQHandler                        0x0800039b   Thumb Code     0  startup_stm32h743xx.o(.text)
    OTG_HS_WKUP_IRQHandler                   0x0800039b   Thumb Code     0  startup_stm32h743xx.o(.text)
    PVD_AVD_IRQHandler                       0x0800039b   Thumb Code     0  startup_stm32h743xx.o(.text)
    QUADSPI_IRQHandler                       0x0800039b   Thumb Code     0  startup_stm32h743xx.o(.text)
    RCC_IRQHandler                           0x0800039b   Thumb Code     0  startup_stm32h743xx.o(.text)
    RNG_IRQHandler                           0x0800039b   Thumb Code     0  startup_stm32h743xx.o(.text)
    RTC_Alarm_IRQHandler                     0x0800039b   Thumb Code     0  startup_stm32h743xx.o(.text)
    RTC_WKUP_IRQHandler                      0x0800039b   Thumb Code     0  startup_stm32h743xx.o(.text)
    SAI4_IRQHandler                          0x0800039b   Thumb Code     0  startup_stm32h743xx.o(.text)
    SDMMC1_IRQHandler                        0x0800039b   Thumb Code     0  startup_stm32h743xx.o(.text)
    SDMMC2_IRQHandler                        0x0800039b   Thumb Code     0  startup_stm32h743xx.o(.text)
    SPDIF_RX_IRQHandler                      0x0800039b   Thumb Code     0  startup_stm32h743xx.o(.text)
    SPI1_IRQHandler                          0x0800039b   Thumb Code     0  startup_stm32h743xx.o(.text)
    SPI2_IRQHandler                          0x0800039b   Thumb Code     0  startup_stm32h743xx.o(.text)
    SPI3_IRQHandler                          0x0800039b   Thumb Code     0  startup_stm32h743xx.o(.text)
    SPI4_IRQHandler                          0x0800039b   Thumb Code     0  startup_stm32h743xx.o(.text)
    SPI5_IRQHandler                          0x0800039b   Thumb Code     0  startup_stm32h743xx.o(.text)
    SPI6_IRQHandler                          0x0800039b   Thumb Code     0  startup_stm32h743xx.o(.text)
    SWPMI1_IRQHandler                        0x0800039b   Thumb Code     0  startup_stm32h743xx.o(.text)
    TAMP_STAMP_IRQHandler                    0x0800039b   Thumb Code     0  startup_stm32h743xx.o(.text)
    TIM15_IRQHandler                         0x0800039b   Thumb Code     0  startup_stm32h743xx.o(.text)
    TIM16_IRQHandler                         0x0800039b   Thumb Code     0  startup_stm32h743xx.o(.text)
    TIM17_IRQHandler                         0x0800039b   Thumb Code     0  startup_stm32h743xx.o(.text)
    TIM1_BRK_IRQHandler                      0x0800039b   Thumb Code     0  startup_stm32h743xx.o(.text)
    TIM1_CC_IRQHandler                       0x0800039b   Thumb Code     0  startup_stm32h743xx.o(.text)
    TIM1_TRG_COM_IRQHandler                  0x0800039b   Thumb Code     0  startup_stm32h743xx.o(.text)
    TIM1_UP_IRQHandler                       0x0800039b   Thumb Code     0  startup_stm32h743xx.o(.text)
    TIM3_IRQHandler                          0x0800039b   Thumb Code     0  startup_stm32h743xx.o(.text)
    TIM4_IRQHandler                          0x0800039b   Thumb Code     0  startup_stm32h743xx.o(.text)
    TIM5_IRQHandler                          0x0800039b   Thumb Code     0  startup_stm32h743xx.o(.text)
    TIM6_DAC_IRQHandler                      0x0800039b   Thumb Code     0  startup_stm32h743xx.o(.text)
    TIM7_IRQHandler                          0x0800039b   Thumb Code     0  startup_stm32h743xx.o(.text)
    TIM8_BRK_TIM12_IRQHandler                0x0800039b   Thumb Code     0  startup_stm32h743xx.o(.text)
    TIM8_CC_IRQHandler                       0x0800039b   Thumb Code     0  startup_stm32h743xx.o(.text)
    TIM8_TRG_COM_TIM14_IRQHandler            0x0800039b   Thumb Code     0  startup_stm32h743xx.o(.text)
    UART4_IRQHandler                         0x0800039b   Thumb Code     0  startup_stm32h743xx.o(.text)
    UART7_IRQHandler                         0x0800039b   Thumb Code     0  startup_stm32h743xx.o(.text)
    UART8_IRQHandler                         0x0800039b   Thumb Code     0  startup_stm32h743xx.o(.text)
    USART2_IRQHandler                        0x0800039b   Thumb Code     0  startup_stm32h743xx.o(.text)
    USART3_IRQHandler                        0x0800039b   Thumb Code     0  startup_stm32h743xx.o(.text)
    USART6_IRQHandler                        0x0800039b   Thumb Code     0  startup_stm32h743xx.o(.text)
    WAKEUP_PIN_IRQHandler                    0x0800039b   Thumb Code     0  startup_stm32h743xx.o(.text)
    WWDG_IRQHandler                          0x0800039b   Thumb Code     0  startup_stm32h743xx.o(.text)
    __user_initial_stackheap                 0x0800039d   Thumb Code     0  startup_stm32h743xx.o(.text)
    __aeabi_uldivmod                         0x080003c1   Thumb Code     0  lludivv7m.o(.text)
    _ll_udiv                                 0x080003c1   Thumb Code   238  lludivv7m.o(.text)
    __2sprintf                               0x080004b1   Thumb Code    34  noretval__2sprintf.o(.text)
    _printf_pre_padding                      0x080004d9   Thumb Code    44  _printf_pad.o(.text)
    _printf_post_padding                     0x08000505   Thumb Code    34  _printf_pad.o(.text)
    _printf_int_dec                          0x08000529   Thumb Code   104  _printf_dec.o(.text)
    __printf                                 0x080005a1   Thumb Code   388  __printf_flags_ss_wp.o(.text)
    __aeabi_memclr4                          0x08000729   Thumb Code     0  rt_memclr_w.o(.text)
    __aeabi_memclr8                          0x08000729   Thumb Code     0  rt_memclr_w.o(.text)
    __rt_memclr_w                            0x08000729   Thumb Code    78  rt_memclr_w.o(.text)
    _memset_w                                0x0800072d   Thumb Code     0  rt_memclr_w.o(.text)
    __use_two_region_memory                  0x08000777   Thumb Code     2  heapauxi.o(.text)
    __rt_heap_escrow$2region                 0x08000779   Thumb Code     2  heapauxi.o(.text)
    __rt_heap_expand$2region                 0x0800077b   Thumb Code     2  heapauxi.o(.text)
    __read_errno                             0x0800077d   Thumb Code    10  _rserrno.o(.text)
    __set_errno                              0x08000787   Thumb Code    12  _rserrno.o(.text)
    _printf_int_common                       0x08000793   Thumb Code   178  _printf_intcommon.o(.text)
    _printf_char_common                      0x0800084f   Thumb Code    32  _printf_char_common.o(.text)
    _sputc                                   0x08000875   Thumb Code    10  _sputc.o(.text)
    __aeabi_errno_addr                       0x08000881   Thumb Code     8  rt_errno_addr_intlibspace.o(.text)
    __errno$intlibspace                      0x08000881   Thumb Code     0  rt_errno_addr_intlibspace.o(.text)
    __rt_errno_addr$intlibspace              0x08000881   Thumb Code     0  rt_errno_addr_intlibspace.o(.text)
    __user_libspace                          0x08000889   Thumb Code     8  libspace.o(.text)
    __user_perproc_libspace                  0x08000889   Thumb Code     0  libspace.o(.text)
    __user_perthread_libspace                0x08000889   Thumb Code     0  libspace.o(.text)
    __user_setup_stackheap                   0x08000891   Thumb Code    74  sys_stackheap_outer.o(.text)
    exit                                     0x080008db   Thumb Code    18  exit.o(.text)
    _sys_exit                                0x080008ed   Thumb Code     8  sys_exit.o(.text)
    __I$use$semihosting                      0x080008f9   Thumb Code     0  use_no_semi.o(.text)
    __use_no_semihosting_swi                 0x080008f9   Thumb Code     2  use_no_semi.o(.text)
    __semihosting_library_function           0x080008fb   Thumb Code     0  indicate_semi.o(.text)
    ADC_ConfigureBoostMode                   0x080008fd   Thumb Code   236  stm32h7xx_hal_adc.o(i.ADC_ConfigureBoostMode)
    ADC_Enable                               0x08000a05   Thumb Code   148  stm32h7xx_hal_adc.o(i.ADC_Enable)
    ANTICLIP                                 0x08000aad   Thumb Code    42  main.o(i.ANTICLIP)
    BusFault_Handler                         0x08000ae1   Thumb Code     2  stm32h7xx_it.o(i.BusFault_Handler)
    CALC_CUTF_0                              0x08000ae5   Thumb Code   222  main.o(i.CALC_CUTF_0)
    CALC_CUTF_1                              0x08000be1   Thumb Code   226  main.o(i.CALC_CUTF_1)
    CFX0l                                    0x08000ce1   Thumb Code   194  main.o(i.CFX0l)
    CFX0r                                    0x08000db5   Thumb Code   218  main.o(i.CFX0r)
    CFX1l                                    0x08000ea1   Thumb Code   194  main.o(i.CFX1l)
    CFX1r                                    0x08000f75   Thumb Code   208  main.o(i.CFX1r)
    CHANGE_RNGSIZE                           0x08001055   Thumb Code    54  main.o(i.CHANGE_RNGSIZE)
    DebugMon_Handler                         0x08001099   Thumb Code     2  stm32h7xx_it.o(i.DebugMon_Handler)
    Error_Handler                            0x0800109b   Thumb Code     4  main.o(i.Error_Handler)
    HAL_ADCEx_MultiModeConfigChannel         0x080010a1   Thumb Code   274  stm32h7xx_hal_adc_ex.o(i.HAL_ADCEx_MultiModeConfigChannel)
    HAL_ADC_ConfigChannel                    0x080011c9   Thumb Code   928  stm32h7xx_hal_adc.o(i.HAL_ADC_ConfigChannel)
    HAL_ADC_GetValue                         0x080015a1   Thumb Code     6  stm32h7xx_hal_adc.o(i.HAL_ADC_GetValue)
    HAL_ADC_Init                             0x080015a9   Thumb Code   498  stm32h7xx_hal_adc.o(i.HAL_ADC_Init)
    HAL_ADC_MspInit                          0x080017d1   Thumb Code   150  adc.o(i.HAL_ADC_MspInit)
    HAL_ADC_Start                            0x0800187d   Thumb Code   242  stm32h7xx_hal_adc.o(i.HAL_ADC_Start)
    HAL_DMA_Abort                            0x08001985   Thumb Code   836  stm32h7xx_hal_dma.o(i.HAL_DMA_Abort)
    HAL_DMA_Abort_IT                         0x08001ce5   Thumb Code   602  stm32h7xx_hal_dma.o(i.HAL_DMA_Abort_IT)
    HAL_Delay                                0x08001f69   Thumb Code    32  stm32h7xx_hal.o(i.HAL_Delay)
    HAL_GPIO_Init                            0x08001f8d   Thumb Code   506  stm32h7xx_hal_gpio.o(i.HAL_GPIO_Init)
    HAL_GPIO_WritePin                        0x080021b9   Thumb Code    10  stm32h7xx_hal_gpio.o(i.HAL_GPIO_WritePin)
    HAL_GetREVID                             0x080021c5   Thumb Code     8  stm32h7xx_hal.o(i.HAL_GetREVID)
    HAL_GetTick                              0x080021d1   Thumb Code     6  stm32h7xx_hal.o(i.HAL_GetTick)
    HAL_I2CEx_EnableFastModePlus             0x080021dd   Thumb Code    30  stm32h7xx_hal_i2c_ex.o(i.HAL_I2CEx_EnableFastModePlus)
    HAL_IncTick                              0x08002205   Thumb Code    12  stm32h7xx_hal.o(i.HAL_IncTick)
    HAL_Init                                 0x08002215   Thumb Code    74  stm32h7xx_hal.o(i.HAL_Init)
    HAL_InitTick                             0x08002271   Thumb Code    56  stm32h7xx_hal.o(i.HAL_InitTick)
    HAL_MspInit                              0x080022b1   Thumb Code    22  stm32h7xx_hal_msp.o(i.HAL_MspInit)
    HAL_NVIC_EnableIRQ                       0x080022cd   Thumb Code    26  stm32h7xx_hal_cortex.o(i.HAL_NVIC_EnableIRQ)
    HAL_NVIC_SetPriority                     0x080022e9   Thumb Code    60  stm32h7xx_hal_cortex.o(i.HAL_NVIC_SetPriority)
    HAL_NVIC_SetPriorityGrouping             0x08002329   Thumb Code    28  stm32h7xx_hal_cortex.o(i.HAL_NVIC_SetPriorityGrouping)
    HAL_PWREx_ConfigSupply                   0x0800234d   Thumb Code    78  stm32h7xx_hal_pwr_ex.o(i.HAL_PWREx_ConfigSupply)
    HAL_RCCEx_GetD3PCLK1Freq                 0x080023a1   Thumb Code    26  stm32h7xx_hal_rcc_ex.o(i.HAL_RCCEx_GetD3PCLK1Freq)
    HAL_RCCEx_GetPLL1ClockFreq               0x080023c5   Thumb Code   298  stm32h7xx_hal_rcc_ex.o(i.HAL_RCCEx_GetPLL1ClockFreq)
    HAL_RCCEx_GetPLL2ClockFreq               0x0800250d   Thumb Code   296  stm32h7xx_hal_rcc_ex.o(i.HAL_RCCEx_GetPLL2ClockFreq)
    HAL_RCCEx_GetPLL3ClockFreq               0x08002651   Thumb Code   296  stm32h7xx_hal_rcc_ex.o(i.HAL_RCCEx_GetPLL3ClockFreq)
    HAL_RCCEx_GetPeriphCLKFreq               0x08002795   Thumb Code   692  stm32h7xx_hal_rcc_ex.o(i.HAL_RCCEx_GetPeriphCLKFreq)
    HAL_RCCEx_PeriphCLKConfig                0x08002a5d   Thumb Code  2472  stm32h7xx_hal_rcc_ex.o(i.HAL_RCCEx_PeriphCLKConfig)
    HAL_RCC_ClockConfig                      0x08003409   Thumb Code   580  stm32h7xx_hal_rcc.o(i.HAL_RCC_ClockConfig)
    HAL_RCC_GetHCLKFreq                      0x08003665   Thumb Code    52  stm32h7xx_hal_rcc.o(i.HAL_RCC_GetHCLKFreq)
    HAL_RCC_GetPCLK1Freq                     0x080036a9   Thumb Code    26  stm32h7xx_hal_rcc.o(i.HAL_RCC_GetPCLK1Freq)
    HAL_RCC_GetPCLK2Freq                     0x080036cd   Thumb Code    26  stm32h7xx_hal_rcc.o(i.HAL_RCC_GetPCLK2Freq)
    HAL_RCC_GetSysClockFreq                  0x080036f1   Thumb Code   278  stm32h7xx_hal_rcc.o(i.HAL_RCC_GetSysClockFreq)
    HAL_RCC_OscConfig                        0x08003829   Thumb Code  1410  stm32h7xx_hal_rcc.o(i.HAL_RCC_OscConfig)
    HAL_SAI_Abort                            0x08003dab   Thumb Code   178  stm32h7xx_hal_sai.o(i.HAL_SAI_Abort)
    HAL_SAI_ErrorCallback                    0x08003e5d   Thumb Code     2  stm32h7xx_hal_sai.o(i.HAL_SAI_ErrorCallback)
    HAL_SAI_IRQHandler                       0x08003e61   Thumb Code   334  stm32h7xx_hal_sai.o(i.HAL_SAI_IRQHandler)
    HAL_SAI_Init                             0x08003fb5   Thumb Code   848  stm32h7xx_hal_sai.o(i.HAL_SAI_Init)
    HAL_SAI_MspInit                          0x08004321   Thumb Code   320  sai.o(i.HAL_SAI_MspInit)
    HAL_SAI_Receive_IT                       0x0800447d   Thumb Code   132  stm32h7xx_hal_sai.o(i.HAL_SAI_Receive_IT)
    HAL_SAI_RxCpltCallback                   0x0800450d   Thumb Code     2  stm32h7xx_hal_sai.o(i.HAL_SAI_RxCpltCallback)
    HAL_SAI_Transmit_IT                      0x08004511   Thumb Code   138  stm32h7xx_hal_sai.o(i.HAL_SAI_Transmit_IT)
    HAL_SAI_TxCpltCallback                   0x080045a9   Thumb Code     2  stm32h7xx_hal_sai.o(i.HAL_SAI_TxCpltCallback)
    HAL_SPI_Init                             0x080045ad   Thumb Code   366  stm32h7xx_hal_spi.o(i.HAL_SPI_Init)
    HAL_SPI_MspInit                          0x08004729   Thumb Code   250  spi.o(i.HAL_SPI_MspInit)
    HAL_SPI_Transmit                         0x08004839   Thumb Code   590  stm32h7xx_hal_spi.o(i.HAL_SPI_Transmit)
    HAL_SYSTICK_Config                       0x08004a87   Thumb Code    38  stm32h7xx_hal_cortex.o(i.HAL_SYSTICK_Config)
    HAL_TIMEx_Break2Callback                 0x08004aad   Thumb Code     2  stm32h7xx_hal_tim_ex.o(i.HAL_TIMEx_Break2Callback)
    HAL_TIMEx_BreakCallback                  0x08004aaf   Thumb Code     2  stm32h7xx_hal_tim_ex.o(i.HAL_TIMEx_BreakCallback)
    HAL_TIMEx_CommutCallback                 0x08004ab1   Thumb Code     2  stm32h7xx_hal_tim_ex.o(i.HAL_TIMEx_CommutCallback)
    HAL_TIMEx_MasterConfigSynchronization    0x08004ab5   Thumb Code   134  stm32h7xx_hal_tim_ex.o(i.HAL_TIMEx_MasterConfigSynchronization)
    HAL_TIM_Base_Init                        0x08004b59   Thumb Code    98  stm32h7xx_hal_tim.o(i.HAL_TIM_Base_Init)
    HAL_TIM_Base_MspInit                     0x08004bbd   Thumb Code    72  tim.o(i.HAL_TIM_Base_MspInit)
    HAL_TIM_Base_Start_IT                    0x08004c0d   Thumb Code   106  stm32h7xx_hal_tim.o(i.HAL_TIM_Base_Start_IT)
    HAL_TIM_ConfigClockSource                0x08004c99   Thumb Code   248  stm32h7xx_hal_tim.o(i.HAL_TIM_ConfigClockSource)
    HAL_TIM_Encoder_Init                     0x08004d95   Thumb Code   182  stm32h7xx_hal_tim.o(i.HAL_TIM_Encoder_Init)
    HAL_TIM_Encoder_MspInit                  0x08004e51   Thumb Code   106  tim.o(i.HAL_TIM_Encoder_MspInit)
    HAL_TIM_IC_CaptureCallback               0x08004ec9   Thumb Code     2  stm32h7xx_hal_tim.o(i.HAL_TIM_IC_CaptureCallback)
    HAL_TIM_IRQHandler                       0x08004ecb   Thumb Code   386  stm32h7xx_hal_tim.o(i.HAL_TIM_IRQHandler)
    HAL_TIM_MspPostInit                      0x0800504d   Thumb Code    68  tim.o(i.HAL_TIM_MspPostInit)
    HAL_TIM_OC_DelayElapsedCallback          0x0800509d   Thumb Code     2  stm32h7xx_hal_tim.o(i.HAL_TIM_OC_DelayElapsedCallback)
    HAL_TIM_PWM_ConfigChannel                0x0800509f   Thumb Code   292  stm32h7xx_hal_tim.o(i.HAL_TIM_PWM_ConfigChannel)
    HAL_TIM_PWM_Init                         0x080051c3   Thumb Code    98  stm32h7xx_hal_tim.o(i.HAL_TIM_PWM_Init)
    HAL_TIM_PWM_MspInit                      0x08005225   Thumb Code     2  stm32h7xx_hal_tim.o(i.HAL_TIM_PWM_MspInit)
    HAL_TIM_PWM_PulseFinishedCallback        0x08005227   Thumb Code     2  stm32h7xx_hal_tim.o(i.HAL_TIM_PWM_PulseFinishedCallback)
    HAL_TIM_PWM_Start                        0x08005229   Thumb Code   232  stm32h7xx_hal_tim.o(i.HAL_TIM_PWM_Start)
    HAL_TIM_PeriodElapsedCallback            0x08005339   Thumb Code     2  stm32h7xx_hal_tim.o(i.HAL_TIM_PeriodElapsedCallback)
    HAL_TIM_TriggerCallback                  0x0800533b   Thumb Code     2  stm32h7xx_hal_tim.o(i.HAL_TIM_TriggerCallback)
    HAL_UARTEx_DisableFifoMode               0x0800533d   Thumb Code    64  stm32h7xx_hal_uart_ex.o(i.HAL_UARTEx_DisableFifoMode)
    HAL_UARTEx_RxEventCallback               0x0800537d   Thumb Code     2  stm32h7xx_hal_uart.o(i.HAL_UARTEx_RxEventCallback)
    HAL_UARTEx_RxFifoFullCallback            0x0800537f   Thumb Code     2  stm32h7xx_hal_uart_ex.o(i.HAL_UARTEx_RxFifoFullCallback)
    HAL_UARTEx_SetRxFifoThreshold            0x08005381   Thumb Code    76  stm32h7xx_hal_uart_ex.o(i.HAL_UARTEx_SetRxFifoThreshold)
    HAL_UARTEx_SetTxFifoThreshold            0x080053cd   Thumb Code    76  stm32h7xx_hal_uart_ex.o(i.HAL_UARTEx_SetTxFifoThreshold)
    HAL_UARTEx_TxFifoEmptyCallback           0x08005419   Thumb Code     2  stm32h7xx_hal_uart_ex.o(i.HAL_UARTEx_TxFifoEmptyCallback)
    HAL_UARTEx_WakeupCallback                0x0800541b   Thumb Code     2  stm32h7xx_hal_uart_ex.o(i.HAL_UARTEx_WakeupCallback)
    HAL_UART_ErrorCallback                   0x0800541d   Thumb Code     2  stm32h7xx_hal_uart.o(i.HAL_UART_ErrorCallback)
    HAL_UART_IRQHandler                      0x08005421   Thumb Code   878  stm32h7xx_hal_uart.o(i.HAL_UART_IRQHandler)
    HAL_UART_Init                            0x080057a9   Thumb Code   106  stm32h7xx_hal_uart.o(i.HAL_UART_Init)
    HAL_UART_MspInit                         0x08005815   Thumb Code   282  usart.o(i.HAL_UART_MspInit)
    HAL_UART_Transmit                        0x08005945   Thumb Code   176  stm32h7xx_hal_uart.o(i.HAL_UART_Transmit)
    HAL_UART_TxCpltCallback                  0x080059f5   Thumb Code     2  stm32h7xx_hal_uart.o(i.HAL_UART_TxCpltCallback)
    HardFault_Handler                        0x080059f7   Thumb Code     2  stm32h7xx_it.o(i.HardFault_Handler)
    LEVEL_METER                              0x080059f9   Thumb Code   396  main.o(i.LEVEL_METER)
    LVLtoDB                                  0x08005bbf   Thumb Code   146  main.o(i.LVLtoDB)
    MAX7219_INIT                             0x08005c51   Thumb Code   252  main.o(i.MAX7219_INIT)
    MAX7219_UPDATE                           0x08005d59   Thumb Code    42  main.o(i.MAX7219_UPDATE)
    MX_ADC1_Init                             0x08005d91   Thumb Code   130  adc.o(i.MX_ADC1_Init)
    MX_ADC2_Init                             0x08005e21   Thumb Code   108  adc.o(i.MX_ADC2_Init)
    MX_GPIO_Init                             0x08005e99   Thumb Code   462  gpio.o(i.MX_GPIO_Init)
    MX_SAI1_Init                             0x08006081   Thumb Code   112  sai.o(i.MX_SAI1_Init)
    MX_SAI2_Init                             0x080060f9   Thumb Code   104  sai.o(i.MX_SAI2_Init)
    MX_SAI3_Init                             0x08006169   Thumb Code   194  sai.o(i.MX_SAI3_Init)
    MX_SPI1_Init                             0x08006235   Thumb Code    88  spi.o(i.MX_SPI1_Init)
    MX_SPI2_Init                             0x08006295   Thumb Code    88  spi.o(i.MX_SPI2_Init)
    MX_TIM2_Init                             0x080062f5   Thumb Code    98  tim.o(i.MX_TIM2_Init)
    MX_TIM3_Init                             0x0800635d   Thumb Code   148  tim.o(i.MX_TIM3_Init)
    MX_TIM8_Init                             0x080063f9   Thumb Code   102  tim.o(i.MX_TIM8_Init)
    MX_UART5_Init                            0x08006469   Thumb Code    92  usart.o(i.MX_UART5_Init)
    MX_USART1_UART_Init                      0x080064d1   Thumb Code    94  usart.o(i.MX_USART1_UART_Init)
    MemManage_Handler                        0x08006539   Thumb Code     2  stm32h7xx_it.o(i.MemManage_Handler)
    MoogHVCF_0                               0x0800653d   Thumb Code   248  main.o(i.MoogHVCF_0)
    MoogHVCF_1                               0x08006649   Thumb Code   248  main.o(i.MoogHVCF_1)
    MoogHVCF_2                               0x08006755   Thumb Code   244  main.o(i.MoogHVCF_2)
    MoogHVCF_3                               0x0800685d   Thumb Code   244  main.o(i.MoogHVCF_3)
    MoogVCF_0                                0x08006965   Thumb Code   240  main.o(i.MoogVCF_0)
    MoogVCF_1                                0x08006a69   Thumb Code   240  main.o(i.MoogVCF_1)
    MoogVCF_2                                0x08006b6d   Thumb Code   242  main.o(i.MoogVCF_2)
    MoogVCF_3                                0x08006c75   Thumb Code   238  main.o(i.MoogVCF_3)
    NMI_Handler                              0x08006d79   Thumb Code     2  stm32h7xx_it.o(i.NMI_Handler)
    PendSV_Handler                           0x08006d7b   Thumb Code     2  stm32h7xx_it.o(i.PendSV_Handler)
    PeriphCommonClock_Config                 0x08006d7d   Thumb Code    92  main.o(i.PeriphCommonClock_Config)
    SAI1_IRQHandler                          0x0800701d   Thumb Code  1230  main.o(i.SAI1_IRQHandler)
    SAI2_IRQHandler                          0x080074f5   Thumb Code    22  main.o(i.SAI2_IRQHandler)
    SAI3_IRQHandler                          0x08007515   Thumb Code    40  main.o(i.SAI3_IRQHandler)
    SVC_Handler                              0x0800796f   Thumb Code     2  stm32h7xx_it.o(i.SVC_Handler)
    SysTick_Handler                          0x08007971   Thumb Code     4  stm32h7xx_it.o(i.SysTick_Handler)
    SystemClock_Config                       0x08007975   Thumb Code   214  main.o(i.SystemClock_Config)
    SystemInit                               0x08007a59   Thumb Code   180  system_stm32h7xx.o(i.SystemInit)
    TFT_CHSELECTOR                           0x08007b35   Thumb Code   534  main.o(i.TFT_CHSELECTOR)
    TFT_DRAW_BT                              0x08007d51   Thumb Code    74  main.o(i.TFT_DRAW_BT)
    TFT_DRAW_RNGDIV                          0x08007da1   Thumb Code   118  main.o(i.TFT_DRAW_RNGDIV)
    TFT_DRAW_STATIC                          0x08007e1d   Thumb Code  1372  main.o(i.TFT_DRAW_STATIC)
    TFT_DrawChar                             0x0800838d   Thumb Code   154  spi_st7735.o(i.TFT_DrawChar)
    TFT_DrawLine                             0x0800842d   Thumb Code   152  spi_st7735.o(i.TFT_DrawLine)
    TFT_DrawPixel                            0x080084c5   Thumb Code   102  spi_st7735.o(i.TFT_DrawPixel)
    TFT_DrawRect                             0x08008535   Thumb Code    66  spi_st7735.o(i.TFT_DrawRect)
    TFT_FXSELECTOR                           0x08008579   Thumb Code    98  main.o(i.TFT_FXSELECTOR)
    TFT_FillRect                             0x08008625   Thumb Code   134  spi_st7735.o(i.TFT_FillRect)
    TFT_FillScreen                           0x080086b5   Thumb Code    28  spi_st7735.o(i.TFT_FillScreen)
    TFT_FontsIni                             0x080086d5   Thumb Code    62  spi_st7735.o(i.TFT_FontsIni)
    TFT_SendCommand                          0x08008719   Thumb Code    26  spi_st7735.o(i.TFT_SendCommand)
    TFT_SendData                             0x0800873d   Thumb Code    24  spi_st7735.o(i.TFT_SendData)
    TFT_SetBackColor                         0x0800875d   Thumb Code     6  spi_st7735.o(i.TFT_SetBackColor)
    TFT_SetFont                              0x08008769   Thumb Code     6  spi_st7735.o(i.TFT_SetFont)
    TFT_SetRotation                          0x08008775   Thumb Code    26  spi_st7735.o(i.TFT_SetRotation)
    TFT_SetTextColor                         0x08008795   Thumb Code     6  spi_st7735.o(i.TFT_SetTextColor)
    TFT_String                               0x080087a1   Thumb Code    60  spi_st7735.o(i.TFT_String)
    TFT_ini                                  0x08008825   Thumb Code   390  spi_st7735.o(i.TFT_ini)
    TFT_reset                                0x080089b5   Thumb Code    22  spi_st7735.o(i.TFT_reset)
    TIM2_IRQHandler                          0x080089d1   Thumb Code  5274  main.o(i.TIM2_IRQHandler)
    TIM8_UP_TIM13_IRQHandler                 0x08009ea5   Thumb Code     6  main.o(i.TIM8_UP_TIM13_IRQHandler)
    TIM_Base_SetConfig                       0x08009eb1   Thumb Code   162  stm32h7xx_hal_tim.o(i.TIM_Base_SetConfig)
    TIM_CCxChannelCmd                        0x08009f75   Thumb Code    26  stm32h7xx_hal_tim.o(i.TIM_CCxChannelCmd)
    TIM_ETR_SetConfig                        0x08009f8f   Thumb Code    18  stm32h7xx_hal_tim.o(i.TIM_ETR_SetConfig)
    TIM_OC2_SetConfig                        0x0800a05d   Thumb Code   126  stm32h7xx_hal_tim.o(i.TIM_OC2_SetConfig)
    UART5_IRQHandler                         0x0800a335   Thumb Code    86  main.o(i.UART5_IRQHandler)
    UART_AdvFeatureConfig                    0x0800a3e1   Thumb Code   200  stm32h7xx_hal_uart.o(i.UART_AdvFeatureConfig)
    UART_CheckIdleState                      0x0800a4a9   Thumb Code   170  stm32h7xx_hal_uart.o(i.UART_CheckIdleState)
    UART_SetConfig                           0x0800a5bd   Thumb Code   876  stm32h7xx_hal_uart.o(i.UART_SetConfig)
    UART_WaitOnFlagUntilTimeout              0x0800a969   Thumb Code   140  stm32h7xx_hal_uart.o(i.UART_WaitOnFlagUntilTimeout)
    USART1_IRQHandler                        0x0800a9f5   Thumb Code    64  main.o(i.USART1_IRQHandler)
    UsageFault_Handler                       0x0800aa45   Thumb Code     2  stm32h7xx_it.o(i.UsageFault_Handler)
    VFD_DrawChar                             0x0800aa49   Thumb Code   204  spi_st7735.o(i.VFD_DrawChar)
    __ARM_fpclassify                         0x0800ab19   Thumb Code    48  fpclassify.o(i.__ARM_fpclassify)
    __hardfp_sin                             0x0800ab71   Thumb Code   158  sin.o(i.__hardfp_sin)
    __ieee754_rem_pio2                       0x0800ac21   Thumb Code   646  rred.o(i.__ieee754_rem_pio2)
    __kernel_cos                             0x0800af31   Thumb Code   182  cos_i.o(i.__kernel_cos)
    __kernel_poly                            0x0800b011   Thumb Code   112  poly.o(i.__kernel_poly)
    __kernel_sin                             0x0800b081   Thumb Code   144  sin_i.o(i.__kernel_sin)
    __mathlib_dbl_invalid                    0x0800b129   Thumb Code    10  dunder.o(i.__mathlib_dbl_invalid)
    __mathlib_dbl_underflow                  0x0800b141   Thumb Code    10  dunder.o(i.__mathlib_dbl_underflow)
    _is_digit                                0x0800b159   Thumb Code    14  __printf_wp.o(i._is_digit)
    do_3band                                 0x0800b169   Thumb Code   232  main.o(i.do_3band)
    fabs                                     0x0800b255   Thumb Code    24  fabs.o(i.fabs)
    init_3band_state                         0x0800b26d   Thumb Code   126  main.o(i.init_3band_state)
    main                                     0x0800b2f5   Thumb Code  1878  main.o(i.main)
    pot_convcd                               0x0800ba79   Thumb Code    74  main.o(i.pot_convcd)
    pot_convln                               0x0800bac3   Thumb Code    32  main.o(i.pot_convln)
    _fp_init                                 0x0800bae3   Thumb Code    10  fpinit.o(x$fpl$fpinit)
    __fplib_config_fpu_vfp                   0x0800baeb   Thumb Code     0  fpinit.o(x$fpl$fpinit)
    __fplib_config_pureend_doubles           0x0800baeb   Thumb Code     0  fpinit.o(x$fpl$fpinit)
    Font16_Table                             0x0800baec   Data        3040  spi_st7735.o(.constdata)
    __I$use$fp                               0x0800baec   Number         0  usenofp.o(x$fpl$usenofp)
    Font12_Table                             0x0800c6cc   Data        1140  spi_st7735.o(.constdata)
    Font8_Table                              0x0800cb40   Data         760  spi_st7735.o(.constdata)
    FontVFD_Table                            0x0800ce38   Data         665  spi_st7735.o(.constdata)
    UARTPrescTable                           0x08020784   Data          24  stm32h7xx_hal_uart.o(.constdata)
    D1CorePrescTable                         0x080207ac   Data          16  system_stm32h7xx.o(.constdata)
    Region$$Table$$Base                      0x080208f0   Number         0  anon$$obj.o(Region$$Table)
    Region$$Table$$Limit                     0x08020920   Number         0  anon$$obj.o(Region$$Table)
    TFT_WIDTH                                0x20000000   Data           1  spi_st7735.o(.data)
    TFT_HEIGHT                               0x20000001   Data           1  spi_st7735.o(.data)
    Font16                                   0x20000004   Data           8  spi_st7735.o(.data)
    Font12                                   0x2000000c   Data           8  spi_st7735.o(.data)
    Font8                                    0x20000014   Data           8  spi_st7735.o(.data)
    lcdprop                                  0x2000001c   Data           8  spi_st7735.o(.data)
    FontVFD                                  0x20000024   Data           8  spi_st7735.o(.data)
    BT_ENABLE                                0x20000030   Data           1  main.o(.data)
    BT_ACTIVATION_PRC                        0x20000031   Data           1  main.o(.data)
    need_draw_bticon                         0x20000032   Data           1  main.o(.data)
    need_draw_chsel                          0x20000033   Data           1  main.o(.data)
    need_draw_fxsel                          0x20000034   Data           1  main.o(.data)
    MAX7219_need_update                      0x20000035   Data           1  main.o(.data)
    previous_ch                              0x20000036   Data           1  main.o(.data)
    prev_rngdiv                              0x20000037   Data           1  main.o(.data)
    need_draw_ms                             0x20000038   Data           1  main.o(.data)
    CFX1_prsd                                0x20000039   Data           1  main.o(.data)
    CFX2_prsd                                0x2000003a   Data           1  main.o(.data)
    CFX3_prsd                                0x2000003b   Data           1  main.o(.data)
    CFX4_prsd                                0x2000003c   Data           1  main.o(.data)
    CFX5_prsd                                0x2000003d   Data           1  main.o(.data)
    CFX6_prsd                                0x2000003e   Data           1  main.o(.data)
    CFX7_prsd                                0x2000003f   Data           1  main.o(.data)
    CFX8_prsd                                0x20000040   Data           1  main.o(.data)
    BFXn_previous                            0x20000041   Data           1  main.o(.data)
    BFXn                                     0x20000042   Data           1  main.o(.data)
    CHSEL_previous                           0x20000043   Data           1  main.o(.data)
    CHSEL                                    0x20000044   Data           1  main.o(.data)
    EQCURVE_prsd                             0x20000045   Data           1  main.o(.data)
    CRSFCURVE_scan                           0x20000046   Data           1  main.o(.data)
    CRSFCURVE                                0x20000047   Data           1  main.o(.data)
    BEATm_prsd                               0x20000048   Data           1  main.o(.data)
    BEATp_prsd                               0x20000049   Data           1  main.o(.data)
    BFXON_prsd                               0x2000004a   Data           1  main.o(.data)
    CUE1_prsd                                0x2000004b   Data           1  main.o(.data)
    CUE2_prsd                                0x2000004c   Data           1  main.o(.data)
    BT_bBUTT_prsd                            0x2000004d   Data           1  main.o(.data)
    need_beat_change                         0x2000004e   Data           1  main.o(.data)
    CFXON                                    0x2000004f   Data           1  main.o(.data)
    prev_CFXON                               0x20000050   Data           1  main.o(.data)
    BFXON                                    0x20000051   Data           1  main.o(.data)
    CUE1ON                                   0x20000052   Data           1  main.o(.data)
    CUE2ON                                   0x20000053   Data           1  main.o(.data)
    tim_dv                                   0x20000054   Data           1  main.o(.data)
    tim_dv2                                  0x20000055   Data           1  main.o(.data)
    tim_dv3                                  0x20000056   Data           1  main.o(.data)
    blink_sync                               0x20000057   Data           1  main.o(.data)
    cnt_ad                                   0x20000058   Data           1  main.o(.data)
    CRSF_midi                                0x20000059   Data           1  main.o(.data)
    link_usart_data_cnt                      0x2000005a   Data           1  main.o(.data)
    link_new_data                            0x2000005b   Data           1  main.o(.data)
    decka_inair                              0x2000005c   Data           1  main.o(.data)
    deckb_inair                              0x2000005d   Data           1  main.o(.data)
    need_send_inair                          0x2000005e   Data           1  main.o(.data)
    lay                                      0x2000005f   Data           1  main.o(.data)
    B                                        0x20000060   Data           1  main.o(.data)
    last_bit_time                            0x20000061   Data           1  main.o(.data)
    prev_lvl_ch0                             0x20000062   Data           1  main.o(.data)
    prev_lvl_ch1                             0x20000063   Data           1  main.o(.data)
    prev_lvl_ml                              0x20000064   Data           1  main.o(.data)
    prev_lvl_mr                              0x20000065   Data           1  main.o(.data)
    prev_pk_ch0                              0x20000066   Data           1  main.o(.data)
    prev_pk_ch1                              0x20000067   Data           1  main.o(.data)
    prev_pk_ml                               0x20000068   Data           1  main.o(.data)
    prev_pk_mr                               0x20000069   Data           1  main.o(.data)
    prev_pot_8b_CFX0                         0x2000006a   Data           1  main.o(.data)
    prev_pot_8b_CFX1                         0x2000006b   Data           1  main.o(.data)
    prev_pot_8b_PRMT                         0x2000006c   Data           1  main.o(.data)
    prev_pot_8b_DEPT                         0x2000006d   Data           1  main.o(.data)
    linkURX                                  0x2000006e   Data           1  main.o(.data)
    divdr                                    0x2000006f   Data           1  main.o(.data)
    lvlc                                     0x20000070   Data           1  main.o(.data)
    tim_ch0                                  0x20000071   Data           1  main.o(.data)
    tim_ch1                                  0x20000072   Data           1  main.o(.data)
    tim_ml                                   0x20000073   Data           1  main.o(.data)
    tim_mr                                   0x20000074   Data           1  main.o(.data)
    timpk_ch0                                0x20000075   Data           1  main.o(.data)
    timpk_ch1                                0x20000076   Data           1  main.o(.data)
    timpk_ml                                 0x20000077   Data           1  main.o(.data)
    timpk_mr                                 0x20000078   Data           1  main.o(.data)
    FW_VER                                   0x2000007a   Data           2  main.o(.data)
    BPM_link                                 0x2000007c   Data           2  main.o(.data)
    prev_BPM_link                            0x2000007e   Data           2  main.o(.data)
    lvl_ml                                   0x20000080   Data           2  main.o(.data)
    lvl_mr                                   0x20000082   Data           2  main.o(.data)
    ADC_prev                                 0x20000084   Data           2  main.o(.data)
    lvl_tmpm                                 0x20000086   Data           2  main.o(.data)
    nsmpl                                    0x20000088   Data           2  main.o(.data)
    prev_lvl                                 0x2000008a   Data           4  main.o(.data)
    prev_pklvl                               0x2000008e   Data           4  main.o(.data)
    link_usart_timeout                       0x20000094   Data           4  main.o(.data)
    HPHN_ATT                                 0x20000098   Data           4  main.o(.data)
    TRM0_ATT                                 0x2000009c   Data           4  main.o(.data)
    TRM1_ATT                                 0x200000a0   Data           4  main.o(.data)
    CRSF0_ATT                                0x200000a4   Data           4  main.o(.data)
    CRSF1_ATT                                0x200000a8   Data           4  main.o(.data)
    FDR0_ATT                                 0x200000ac   Data           4  main.o(.data)
    FDR1_ATT                                 0x200000b0   Data           4  main.o(.data)
    MIXN0_ATT                                0x200000b4   Data           4  main.o(.data)
    MIXN1_ATT                                0x200000b8   Data           4  main.o(.data)
    rngsize                                  0x200000bc   Data           4  main.o(.data)
    rngaddr                                  0x200000c0   Data           4  main.o(.data)
    lvl_ch0                                  0x200000c4   Data           4  main.o(.data)
    lvl_ch1                                  0x200000c8   Data           4  main.o(.data)
    ADC_TMP                                  0x200000cc   Data           4  main.o(.data)
    link_current_time                        0x200000d0   Data           4  main.o(.data)
    temp_time                                0x200000d4   Data           4  main.o(.data)
    in1_0                                    0x200000e0   Data           4  main.o(.data)
    in2_0                                    0x200000e4   Data           4  main.o(.data)
    in3_0                                    0x200000e8   Data           4  main.o(.data)
    in4_0                                    0x200000ec   Data           4  main.o(.data)
    out1_0                                   0x200000f0   Data           4  main.o(.data)
    out2_0                                   0x200000f4   Data           4  main.o(.data)
    out3_0                                   0x200000f8   Data           4  main.o(.data)
    out4_0                                   0x200000fc   Data           4  main.o(.data)
    in1_1                                    0x20000100   Data           4  main.o(.data)
    in2_1                                    0x20000104   Data           4  main.o(.data)
    in3_1                                    0x20000108   Data           4  main.o(.data)
    in4_1                                    0x2000010c   Data           4  main.o(.data)
    out1_1                                   0x20000110   Data           4  main.o(.data)
    out2_1                                   0x20000114   Data           4  main.o(.data)
    out3_1                                   0x20000118   Data           4  main.o(.data)
    out4_1                                   0x2000011c   Data           4  main.o(.data)
    in1_2                                    0x20000120   Data           4  main.o(.data)
    in2_2                                    0x20000124   Data           4  main.o(.data)
    in3_2                                    0x20000128   Data           4  main.o(.data)
    in4_2                                    0x2000012c   Data           4  main.o(.data)
    out1_2                                   0x20000130   Data           4  main.o(.data)
    out2_2                                   0x20000134   Data           4  main.o(.data)
    out3_2                                   0x20000138   Data           4  main.o(.data)
    out4_2                                   0x2000013c   Data           4  main.o(.data)
    in1_3                                    0x20000140   Data           4  main.o(.data)
    in2_3                                    0x20000144   Data           4  main.o(.data)
    in3_3                                    0x20000148   Data           4  main.o(.data)
    in4_3                                    0x2000014c   Data           4  main.o(.data)
    out1_3                                   0x20000150   Data           4  main.o(.data)
    out2_3                                   0x20000154   Data           4  main.o(.data)
    out3_3                                   0x20000158   Data           4  main.o(.data)
    out4_3                                   0x2000015c   Data           4  main.o(.data)
    fcutoff_0                                0x20000160   Data           4  main.o(.data)
    resonanse_0                              0x20000164   Data           4  main.o(.data)
    fcutoff_1                                0x20000168   Data           4  main.o(.data)
    resonanse_1                              0x2000016c   Data           4  main.o(.data)
    in1_0h                                   0x20000170   Data           4  main.o(.data)
    in2_0h                                   0x20000174   Data           4  main.o(.data)
    in3_0h                                   0x20000178   Data           4  main.o(.data)
    in4_0h                                   0x2000017c   Data           4  main.o(.data)
    out1_0h                                  0x20000180   Data           4  main.o(.data)
    out2_0h                                  0x20000184   Data           4  main.o(.data)
    out3_0h                                  0x20000188   Data           4  main.o(.data)
    out4_0h                                  0x2000018c   Data           4  main.o(.data)
    in1_1h                                   0x20000190   Data           4  main.o(.data)
    in2_1h                                   0x20000194   Data           4  main.o(.data)
    in3_1h                                   0x20000198   Data           4  main.o(.data)
    in4_1h                                   0x2000019c   Data           4  main.o(.data)
    out1_1h                                  0x200001a0   Data           4  main.o(.data)
    out2_1h                                  0x200001a4   Data           4  main.o(.data)
    out3_1h                                  0x200001a8   Data           4  main.o(.data)
    out4_1h                                  0x200001ac   Data           4  main.o(.data)
    in1_2h                                   0x200001b0   Data           4  main.o(.data)
    in2_2h                                   0x200001b4   Data           4  main.o(.data)
    in3_2h                                   0x200001b8   Data           4  main.o(.data)
    in4_2h                                   0x200001bc   Data           4  main.o(.data)
    out1_2h                                  0x200001c0   Data           4  main.o(.data)
    out2_2h                                  0x200001c4   Data           4  main.o(.data)
    out3_2h                                  0x200001c8   Data           4  main.o(.data)
    out4_2h                                  0x200001cc   Data           4  main.o(.data)
    in1_3h                                   0x200001d0   Data           4  main.o(.data)
    in2_3h                                   0x200001d4   Data           4  main.o(.data)
    in3_3h                                   0x200001d8   Data           4  main.o(.data)
    in4_3h                                   0x200001dc   Data           4  main.o(.data)
    out1_3h                                  0x200001e0   Data           4  main.o(.data)
    out2_3h                                  0x200001e4   Data           4  main.o(.data)
    out3_3h                                  0x200001e8   Data           4  main.o(.data)
    out4_3h                                  0x200001ec   Data           4  main.o(.data)
    tmpin_0                                  0x200001f0   Data           4  main.o(.data)
    tmpin_1                                  0x200001f4   Data           4  main.o(.data)
    tmpin_2                                  0x200001f8   Data           4  main.o(.data)
    tmpin_3                                  0x200001fc   Data           4  main.o(.data)
    EFFATT                                   0x20000200   Data           4  main.o(.data)
    ORIGATT                                  0x20000204   Data           4  main.o(.data)
    lvl_tmp                                  0x20000208   Data           4  main.o(.data)
    curr_TRIM_FILTER                         0x2000020c   Data           4  main.o(.data)
    MAX7219_DATA                             0x20000210   Data           8  main.o(.data)
    rngdiv                                   0x20000218   Data           8  main.o(.data)
    link_utx_buf                             0x20000228   Data           8  main.o(.data)
    BFXTMP                                   0x20000258   Data           8  main.o(.data)
    uwTickFreq                               0x20000270   Data           1  stm32h7xx_hal.o(.data)
    uwTickPrio                               0x20000274   Data           4  stm32h7xx_hal.o(.data)
    uwTick                                   0x20000278   Data           4  stm32h7xx_hal.o(.data)
    SystemCoreClock                          0x2000027c   Data           4  system_stm32h7xx.o(.data)
    SystemD2Clock                            0x20000280   Data           4  system_stm32h7xx.o(.data)
    hadc1                                    0x20000284   Data         100  adc.o(.bss)
    hadc2                                    0x200002e8   Data         100  adc.o(.bss)
    hsai_BlockA1                             0x2000034c   Data         152  sai.o(.bss)
    hsai_BlockA2                             0x200003e4   Data         152  sai.o(.bss)
    hsai_BlockA3                             0x2000047c   Data         152  sai.o(.bss)
    hsai_BlockB3                             0x20000514   Data         152  sai.o(.bss)
    hspi1                                    0x200005ac   Data         136  spi.o(.bss)
    hspi2                                    0x20000634   Data         136  spi.o(.bss)
    htim2                                    0x200006bc   Data          76  tim.o(.bss)
    htim3                                    0x20000708   Data          76  tim.o(.bss)
    htim8                                    0x20000754   Data          76  tim.o(.bss)
    huart5                                   0x200007a0   Data         148  usart.o(.bss)
    huart1                                   0x20000834   Data         148  usart.o(.bss)
    __libspace_start                         0x200008c8   Data          96  libspace.o(.bss)
    __temporary_stack_top$libspace           0x20000928   Data           0  libspace.o(.bss)
    pot_ADC                                  0x24000000   Data         256  main.o(.bss)
    pot_SUM                                  0x24000100   Data          64  main.o(.bss)
    pot_8b                                   0x24000140   Data          16  main.o(.bss)
    STR_BUFF                                 0x24000150   Data          64  main.o(.bss)
    RINGBUF                                  0x24000190   Data       520000  main.o(.bss)
    pot_out                                  0x2407f0d0   Data          32  main.o(.bss)
    link_urx_buf                             0x2407f0f0   Data          16  main.o(.bss)
    eql0                                     0x2407f100   Data         128  main.o(.bss)
    eqr0                                     0x2407f180   Data         128  main.o(.bss)
    eql1                                     0x2407f200   Data         128  main.o(.bss)
    eqr1                                     0x2407f280   Data         128  main.o(.bss)



==============================================================================

Memory Map of the image

  Image Entry point : 0x08000299

  Load Region LR_IROM1 (Base: 0x08000000, Size: 0x00020ba4, Max: 0x00200000, ABSOLUTE, COMPRESSED[0x00020974])

    Execution Region ER_IROM1 (Exec base: 0x08000000, Load base: 0x08000000, Size: 0x00020920, Max: 0x00200000, ABSOLUTE)

    Exec Addr    Load Addr    Size         Type   Attr      Idx    E Section Name        Object

    0x08000000   0x08000000   0x00000298   Data   RO            3    RESET               startup_stm32h743xx.o
    0x08000298   0x08000298   0x00000008   Code   RO         6109  * !!!main             c_w.l(__main.o)
    0x080002a0   0x080002a0   0x00000034   Code   RO         6347    !!!scatter          c_w.l(__scatter.o)
    0x080002d4   0x080002d4   0x0000005a   Code   RO         6345    !!dczerorl2         c_w.l(__dczerorl2.o)
    0x0800032e   0x0800032e   0x00000002   PAD
    0x08000330   0x08000330   0x0000001c   Code   RO         6349    !!handler_zi        c_w.l(__scatter_zi.o)
    0x0800034c   0x0800034c   0x00000000   Code   RO         6104    .ARM.Collect$$_printf_percent$$00000000  c_w.l(_printf_percent.o)
    0x0800034c   0x0800034c   0x00000006   Code   RO         6103    .ARM.Collect$$_printf_percent$$0000000A  c_w.l(_printf_u.o)
    0x08000352   0x08000352   0x00000004   Code   RO         6136    .ARM.Collect$$_printf_percent$$00000017  c_w.l(_printf_percent_end.o)
    0x08000356   0x08000356   0x00000002   Code   RO         6216    .ARM.Collect$$libinit$$00000000  c_w.l(libinit.o)
    0x08000358   0x08000358   0x00000004   Code   RO         6225    .ARM.Collect$$libinit$$00000001  c_w.l(libinit2.o)
    0x0800035c   0x0800035c   0x00000000   Code   RO         6228    .ARM.Collect$$libinit$$00000004  c_w.l(libinit2.o)
    0x0800035c   0x0800035c   0x00000000   Code   RO         6231    .ARM.Collect$$libinit$$0000000A  c_w.l(libinit2.o)
    0x0800035c   0x0800035c   0x00000000   Code   RO         6233    .ARM.Collect$$libinit$$0000000C  c_w.l(libinit2.o)
    0x0800035c   0x0800035c   0x00000000   Code   RO         6235    .ARM.Collect$$libinit$$0000000E  c_w.l(libinit2.o)
    0x0800035c   0x0800035c   0x00000000   Code   RO         6238    .ARM.Collect$$libinit$$00000011  c_w.l(libinit2.o)
    0x0800035c   0x0800035c   0x00000000   Code   RO         6240    .ARM.Collect$$libinit$$00000013  c_w.l(libinit2.o)
    0x0800035c   0x0800035c   0x00000000   Code   RO         6242    .ARM.Collect$$libinit$$00000015  c_w.l(libinit2.o)
    0x0800035c   0x0800035c   0x00000000   Code   RO         6244    .ARM.Collect$$libinit$$00000017  c_w.l(libinit2.o)
    0x0800035c   0x0800035c   0x00000000   Code   RO         6246    .ARM.Collect$$libinit$$00000019  c_w.l(libinit2.o)
    0x0800035c   0x0800035c   0x00000000   Code   RO         6248    .ARM.Collect$$libinit$$0000001B  c_w.l(libinit2.o)
    0x0800035c   0x0800035c   0x00000000   Code   RO         6250    .ARM.Collect$$libinit$$0000001D  c_w.l(libinit2.o)
    0x0800035c   0x0800035c   0x00000000   Code   RO         6252    .ARM.Collect$$libinit$$0000001F  c_w.l(libinit2.o)
    0x0800035c   0x0800035c   0x00000000   Code   RO         6254    .ARM.Collect$$libinit$$00000021  c_w.l(libinit2.o)
    0x0800035c   0x0800035c   0x00000000   Code   RO         6256    .ARM.Collect$$libinit$$00000023  c_w.l(libinit2.o)
    0x0800035c   0x0800035c   0x00000000   Code   RO         6258    .ARM.Collect$$libinit$$00000025  c_w.l(libinit2.o)
    0x0800035c   0x0800035c   0x00000000   Code   RO         6262    .ARM.Collect$$libinit$$0000002C  c_w.l(libinit2.o)
    0x0800035c   0x0800035c   0x00000000   Code   RO         6264    .ARM.Collect$$libinit$$0000002E  c_w.l(libinit2.o)
    0x0800035c   0x0800035c   0x00000000   Code   RO         6266    .ARM.Collect$$libinit$$00000030  c_w.l(libinit2.o)
    0x0800035c   0x0800035c   0x00000000   Code   RO         6268    .ARM.Collect$$libinit$$00000032  c_w.l(libinit2.o)
    0x0800035c   0x0800035c   0x00000002   Code   RO         6269    .ARM.Collect$$libinit$$00000033  c_w.l(libinit2.o)
    0x0800035e   0x0800035e   0x00000002   Code   RO         6300    .ARM.Collect$$libshutdown$$00000000  c_w.l(libshutdown.o)
    0x08000360   0x08000360   0x00000000   Code   RO         6326    .ARM.Collect$$libshutdown$$00000002  c_w.l(libshutdown2.o)
    0x08000360   0x08000360   0x00000000   Code   RO         6328    .ARM.Collect$$libshutdown$$00000004  c_w.l(libshutdown2.o)
    0x08000360   0x08000360   0x00000000   Code   RO         6330    .ARM.Collect$$libshutdown$$00000006  c_w.l(libshutdown2.o)
    0x08000360   0x08000360   0x00000000   Code   RO         6333    .ARM.Collect$$libshutdown$$00000009  c_w.l(libshutdown2.o)
    0x08000360   0x08000360   0x00000000   Code   RO         6336    .ARM.Collect$$libshutdown$$0000000C  c_w.l(libshutdown2.o)
    0x08000360   0x08000360   0x00000000   Code   RO         6338    .ARM.Collect$$libshutdown$$0000000E  c_w.l(libshutdown2.o)
    0x08000360   0x08000360   0x00000000   Code   RO         6341    .ARM.Collect$$libshutdown$$00000011  c_w.l(libshutdown2.o)
    0x08000360   0x08000360   0x00000002   Code   RO         6342    .ARM.Collect$$libshutdown$$00000012  c_w.l(libshutdown2.o)
    0x08000362   0x08000362   0x00000000   Code   RO         6123    .ARM.Collect$$rtentry$$00000000  c_w.l(__rtentry.o)
    0x08000362   0x08000362   0x00000000   Code   RO         6167    .ARM.Collect$$rtentry$$00000002  c_w.l(__rtentry2.o)
    0x08000362   0x08000362   0x00000006   Code   RO         6179    .ARM.Collect$$rtentry$$00000004  c_w.l(__rtentry4.o)
    0x08000368   0x08000368   0x00000000   Code   RO         6169    .ARM.Collect$$rtentry$$00000009  c_w.l(__rtentry2.o)
    0x08000368   0x08000368   0x00000004   Code   RO         6170    .ARM.Collect$$rtentry$$0000000A  c_w.l(__rtentry2.o)
    0x0800036c   0x0800036c   0x00000000   Code   RO         6172    .ARM.Collect$$rtentry$$0000000C  c_w.l(__rtentry2.o)
    0x0800036c   0x0800036c   0x00000008   Code   RO         6173    .ARM.Collect$$rtentry$$0000000D  c_w.l(__rtentry2.o)
    0x08000374   0x08000374   0x00000002   Code   RO         6217    .ARM.Collect$$rtexit$$00000000  c_w.l(rtexit.o)
    0x08000376   0x08000376   0x00000000   Code   RO         6273    .ARM.Collect$$rtexit$$00000002  c_w.l(rtexit2.o)
    0x08000376   0x08000376   0x00000004   Code   RO         6274    .ARM.Collect$$rtexit$$00000003  c_w.l(rtexit2.o)
    0x0800037a   0x0800037a   0x00000006   Code   RO         6275    .ARM.Collect$$rtexit$$00000004  c_w.l(rtexit2.o)
    0x08000380   0x08000380   0x00000040   Code   RO            4    .text               startup_stm32h743xx.o
    0x080003c0   0x080003c0   0x000000ee   Code   RO         6071    .text               c_w.l(lludivv7m.o)
    0x080004ae   0x080004ae   0x00000002   PAD
    0x080004b0   0x080004b0   0x00000028   Code   RO         6075    .text               c_w.l(noretval__2sprintf.o)
    0x080004d8   0x080004d8   0x0000004e   Code   RO         6079    .text               c_w.l(_printf_pad.o)
    0x08000526   0x08000526   0x00000002   PAD
    0x08000528   0x08000528   0x00000078   Code   RO         6081    .text               c_w.l(_printf_dec.o)
    0x080005a0   0x080005a0   0x00000188   Code   RO         6100    .text               c_w.l(__printf_flags_ss_wp.o)
    0x08000728   0x08000728   0x0000004e   Code   RO         6105    .text               c_w.l(rt_memclr_w.o)
    0x08000776   0x08000776   0x00000006   Code   RO         6107    .text               c_w.l(heapauxi.o)
    0x0800077c   0x0800077c   0x00000016   Code   RO         6128    .text               c_w.l(_rserrno.o)
    0x08000792   0x08000792   0x000000b2   Code   RO         6130    .text               c_w.l(_printf_intcommon.o)
    0x08000844   0x08000844   0x00000030   Code   RO         6132    .text               c_w.l(_printf_char_common.o)
    0x08000874   0x08000874   0x0000000a   Code   RO         6134    .text               c_w.l(_sputc.o)
    0x0800087e   0x0800087e   0x00000002   PAD
    0x08000880   0x08000880   0x00000008   Code   RO         6186    .text               c_w.l(rt_errno_addr_intlibspace.o)
    0x08000888   0x08000888   0x00000008   Code   RO         6200    .text               c_w.l(libspace.o)
    0x08000890   0x08000890   0x0000004a   Code   RO         6203    .text               c_w.l(sys_stackheap_outer.o)
    0x080008da   0x080008da   0x00000012   Code   RO         6205    .text               c_w.l(exit.o)
    0x080008ec   0x080008ec   0x0000000c   Code   RO         6270    .text               c_w.l(sys_exit.o)
    0x080008f8   0x080008f8   0x00000002   Code   RO         6289    .text               c_w.l(use_no_semi.o)
    0x080008fa   0x080008fa   0x00000000   Code   RO         6291    .text               c_w.l(indicate_semi.o)
    0x080008fa   0x080008fa   0x00000002   PAD
    0x080008fc   0x080008fc   0x00000108   Code   RO         1021    i.ADC_ConfigureBoostMode  stm32h7xx_hal_adc.o
    0x08000a04   0x08000a04   0x000000a8   Code   RO         1027    i.ADC_Enable        stm32h7xx_hal_adc.o
    0x08000aac   0x08000aac   0x00000034   Code   RO          310    i.ANTICLIP          main.o
    0x08000ae0   0x08000ae0   0x00000002   Code   RO          921    i.BusFault_Handler  stm32h7xx_it.o
    0x08000ae2   0x08000ae2   0x00000002   PAD
    0x08000ae4   0x08000ae4   0x000000fc   Code   RO          311    i.CALC_CUTF_0       main.o
    0x08000be0   0x08000be0   0x00000100   Code   RO          312    i.CALC_CUTF_1       main.o
    0x08000ce0   0x08000ce0   0x000000d4   Code   RO          313    i.CFX0l             main.o
    0x08000db4   0x08000db4   0x000000ec   Code   RO          314    i.CFX0r             main.o
    0x08000ea0   0x08000ea0   0x000000d4   Code   RO          315    i.CFX1l             main.o
    0x08000f74   0x08000f74   0x000000e0   Code   RO          316    i.CFX1r             main.o
    0x08001054   0x08001054   0x00000044   Code   RO          317    i.CHANGE_RNGSIZE    main.o
    0x08001098   0x08001098   0x00000002   Code   RO          922    i.DebugMon_Handler  stm32h7xx_it.o
    0x0800109a   0x0800109a   0x00000004   Code   RO          318    i.Error_Handler     main.o
    0x0800109e   0x0800109e   0x00000002   PAD
    0x080010a0   0x080010a0   0x00000128   Code   RO         1263    i.HAL_ADCEx_MultiModeConfigChannel  stm32h7xx_hal_adc_ex.o
    0x080011c8   0x080011c8   0x000003d8   Code   RO         1029    i.HAL_ADC_ConfigChannel  stm32h7xx_hal_adc.o
    0x080015a0   0x080015a0   0x00000006   Code   RO         1036    i.HAL_ADC_GetValue  stm32h7xx_hal_adc.o
    0x080015a6   0x080015a6   0x00000002   PAD
    0x080015a8   0x080015a8   0x00000228   Code   RO         1038    i.HAL_ADC_Init      stm32h7xx_hal_adc.o
    0x080017d0   0x080017d0   0x000000ac   Code   RO          650    i.HAL_ADC_MspInit   adc.o
    0x0800187c   0x0800187c   0x00000108   Code   RO         1044    i.HAL_ADC_Start     stm32h7xx_hal_adc.o
    0x08001984   0x08001984   0x00000360   Code   RO         2119    i.HAL_DMA_Abort     stm32h7xx_hal_dma.o
    0x08001ce4   0x08001ce4   0x00000284   Code   RO         2120    i.HAL_DMA_Abort_IT  stm32h7xx_hal_dma.o
    0x08001f68   0x08001f68   0x00000024   Code   RO         2969    i.HAL_Delay         stm32h7xx_hal.o
    0x08001f8c   0x08001f8c   0x0000022c   Code   RO         1967    i.HAL_GPIO_Init     stm32h7xx_hal_gpio.o
    0x080021b8   0x080021b8   0x0000000a   Code   RO         1971    i.HAL_GPIO_WritePin  stm32h7xx_hal_gpio.o
    0x080021c2   0x080021c2   0x00000002   PAD
    0x080021c4   0x080021c4   0x0000000c   Code   RO         2980    i.HAL_GetREVID      stm32h7xx_hal.o
    0x080021d0   0x080021d0   0x0000000c   Code   RO         2981    i.HAL_GetTick       stm32h7xx_hal.o
    0x080021dc   0x080021dc   0x00000028   Code   RO         3750    i.HAL_I2CEx_EnableFastModePlus  stm32h7xx_hal_i2c_ex.o
    0x08002204   0x08002204   0x00000010   Code   RO         2987    i.HAL_IncTick       stm32h7xx_hal.o
    0x08002214   0x08002214   0x0000005c   Code   RO         2988    i.HAL_Init          stm32h7xx_hal.o
    0x08002270   0x08002270   0x00000040   Code   RO         2989    i.HAL_InitTick      stm32h7xx_hal.o
    0x080022b0   0x080022b0   0x0000001c   Code   RO          997    i.HAL_MspInit       stm32h7xx_hal_msp.o
    0x080022cc   0x080022cc   0x0000001a   Code   RO         2827    i.HAL_NVIC_EnableIRQ  stm32h7xx_hal_cortex.o
    0x080022e6   0x080022e6   0x00000002   PAD
    0x080022e8   0x080022e8   0x00000040   Code   RO         2833    i.HAL_NVIC_SetPriority  stm32h7xx_hal_cortex.o
    0x08002328   0x08002328   0x00000024   Code   RO         2834    i.HAL_NVIC_SetPriorityGrouping  stm32h7xx_hal_cortex.o
    0x0800234c   0x0800234c   0x00000054   Code   RO         2568    i.HAL_PWREx_ConfigSupply  stm32h7xx_hal_pwr_ex.o
    0x080023a0   0x080023a0   0x00000024   Code   RO         1588    i.HAL_RCCEx_GetD3PCLK1Freq  stm32h7xx_hal_rcc_ex.o
    0x080023c4   0x080023c4   0x00000148   Code   RO         1589    i.HAL_RCCEx_GetPLL1ClockFreq  stm32h7xx_hal_rcc_ex.o
    0x0800250c   0x0800250c   0x00000144   Code   RO         1590    i.HAL_RCCEx_GetPLL2ClockFreq  stm32h7xx_hal_rcc_ex.o
    0x08002650   0x08002650   0x00000144   Code   RO         1591    i.HAL_RCCEx_GetPLL3ClockFreq  stm32h7xx_hal_rcc_ex.o
    0x08002794   0x08002794   0x000002c8   Code   RO         1593    i.HAL_RCCEx_GetPeriphCLKFreq  stm32h7xx_hal_rcc_ex.o
    0x08002a5c   0x08002a5c   0x000009ac   Code   RO         1597    i.HAL_RCCEx_PeriphCLKConfig  stm32h7xx_hal_rcc_ex.o
    0x08003408   0x08003408   0x0000025c   Code   RO         1473    i.HAL_RCC_ClockConfig  stm32h7xx_hal_rcc.o
    0x08003664   0x08003664   0x00000044   Code   RO         1478    i.HAL_RCC_GetHCLKFreq  stm32h7xx_hal_rcc.o
    0x080036a8   0x080036a8   0x00000024   Code   RO         1480    i.HAL_RCC_GetPCLK1Freq  stm32h7xx_hal_rcc.o
    0x080036cc   0x080036cc   0x00000024   Code   RO         1481    i.HAL_RCC_GetPCLK2Freq  stm32h7xx_hal_rcc.o
    0x080036f0   0x080036f0   0x00000138   Code   RO         1482    i.HAL_RCC_GetSysClockFreq  stm32h7xx_hal_rcc.o
    0x08003828   0x08003828   0x00000582   Code   RO         1485    i.HAL_RCC_OscConfig  stm32h7xx_hal_rcc.o
    0x08003daa   0x08003daa   0x000000b2   Code   RO         3872    i.HAL_SAI_Abort     stm32h7xx_hal_sai.o
    0x08003e5c   0x08003e5c   0x00000002   Code   RO         3881    i.HAL_SAI_ErrorCallback  stm32h7xx_hal_sai.o
    0x08003e5e   0x08003e5e   0x00000002   PAD
    0x08003e60   0x08003e60   0x00000154   Code   RO         3884    i.HAL_SAI_IRQHandler  stm32h7xx_hal_sai.o
    0x08003fb4   0x08003fb4   0x0000036c   Code   RO         3885    i.HAL_SAI_Init      stm32h7xx_hal_sai.o
    0x08004320   0x08004320   0x0000015c   Code   RO          699    i.HAL_SAI_MspInit   sai.o
    0x0800447c   0x0800447c   0x00000090   Code   RO         3891    i.HAL_SAI_Receive_IT  stm32h7xx_hal_sai.o
    0x0800450c   0x0800450c   0x00000002   Code   RO         3892    i.HAL_SAI_RxCpltCallback  stm32h7xx_hal_sai.o
    0x0800450e   0x0800450e   0x00000002   PAD
    0x08004510   0x08004510   0x00000098   Code   RO         3896    i.HAL_SAI_Transmit_IT  stm32h7xx_hal_sai.o
    0x080045a8   0x080045a8   0x00000002   Code   RO         3897    i.HAL_SAI_TxCpltCallback  stm32h7xx_hal_sai.o
    0x080045aa   0x080045aa   0x00000002   PAD
    0x080045ac   0x080045ac   0x0000017c   Code   RO         4172    i.HAL_SPI_Init      stm32h7xx_hal_spi.o
    0x08004728   0x08004728   0x00000110   Code   RO          754    i.HAL_SPI_MspInit   spi.o
    0x08004838   0x08004838   0x0000024e   Code   RO         4181    i.HAL_SPI_Transmit  stm32h7xx_hal_spi.o
    0x08004a86   0x08004a86   0x00000026   Code   RO         2838    i.HAL_SYSTICK_Config  stm32h7xx_hal_cortex.o
    0x08004aac   0x08004aac   0x00000002   Code   RO         5206    i.HAL_TIMEx_Break2Callback  stm32h7xx_hal_tim_ex.o
    0x08004aae   0x08004aae   0x00000002   Code   RO         5207    i.HAL_TIMEx_BreakCallback  stm32h7xx_hal_tim_ex.o
    0x08004ab0   0x08004ab0   0x00000002   Code   RO         5208    i.HAL_TIMEx_CommutCallback  stm32h7xx_hal_tim_ex.o
    0x08004ab2   0x08004ab2   0x00000002   PAD
    0x08004ab4   0x08004ab4   0x000000a4   Code   RO         5228    i.HAL_TIMEx_MasterConfigSynchronization  stm32h7xx_hal_tim_ex.o
    0x08004b58   0x08004b58   0x00000062   Code   RO         4492    i.HAL_TIM_Base_Init  stm32h7xx_hal_tim.o
    0x08004bba   0x08004bba   0x00000002   PAD
    0x08004bbc   0x08004bbc   0x00000050   Code   RO          802    i.HAL_TIM_Base_MspInit  tim.o
    0x08004c0c   0x08004c0c   0x0000008c   Code   RO         4497    i.HAL_TIM_Base_Start_IT  stm32h7xx_hal_tim.o
    0x08004c98   0x08004c98   0x000000fc   Code   RO         4501    i.HAL_TIM_ConfigClockSource  stm32h7xx_hal_tim.o
    0x08004d94   0x08004d94   0x000000bc   Code   RO         4513    i.HAL_TIM_Encoder_Init  stm32h7xx_hal_tim.o
    0x08004e50   0x08004e50   0x00000078   Code   RO          804    i.HAL_TIM_Encoder_MspInit  tim.o
    0x08004ec8   0x08004ec8   0x00000002   Code   RO         4526    i.HAL_TIM_IC_CaptureCallback  stm32h7xx_hal_tim.o
    0x08004eca   0x08004eca   0x00000182   Code   RO         4540    i.HAL_TIM_IRQHandler  stm32h7xx_hal_tim.o
    0x0800504c   0x0800504c   0x00000050   Code   RO          805    i.HAL_TIM_MspPostInit  tim.o
    0x0800509c   0x0800509c   0x00000002   Code   RO         4543    i.HAL_TIM_OC_DelayElapsedCallback  stm32h7xx_hal_tim.o
    0x0800509e   0x0800509e   0x00000124   Code   RO         4564    i.HAL_TIM_PWM_ConfigChannel  stm32h7xx_hal_tim.o
    0x080051c2   0x080051c2   0x00000062   Code   RO         4567    i.HAL_TIM_PWM_Init  stm32h7xx_hal_tim.o
    0x08005224   0x08005224   0x00000002   Code   RO         4569    i.HAL_TIM_PWM_MspInit  stm32h7xx_hal_tim.o
    0x08005226   0x08005226   0x00000002   Code   RO         4570    i.HAL_TIM_PWM_PulseFinishedCallback  stm32h7xx_hal_tim.o
    0x08005228   0x08005228   0x00000110   Code   RO         4572    i.HAL_TIM_PWM_Start  stm32h7xx_hal_tim.o
    0x08005338   0x08005338   0x00000002   Code   RO         4578    i.HAL_TIM_PeriodElapsedCallback  stm32h7xx_hal_tim.o
    0x0800533a   0x0800533a   0x00000002   Code   RO         4583    i.HAL_TIM_TriggerCallback  stm32h7xx_hal_tim.o
    0x0800533c   0x0800533c   0x00000040   Code   RO         5917    i.HAL_UARTEx_DisableFifoMode  stm32h7xx_hal_uart_ex.o
    0x0800537c   0x0800537c   0x00000002   Code   RO         5506    i.HAL_UARTEx_RxEventCallback  stm32h7xx_hal_uart.o
    0x0800537e   0x0800537e   0x00000002   Code   RO         5925    i.HAL_UARTEx_RxFifoFullCallback  stm32h7xx_hal_uart_ex.o
    0x08005380   0x08005380   0x0000004c   Code   RO         5926    i.HAL_UARTEx_SetRxFifoThreshold  stm32h7xx_hal_uart_ex.o
    0x080053cc   0x080053cc   0x0000004c   Code   RO         5927    i.HAL_UARTEx_SetTxFifoThreshold  stm32h7xx_hal_uart_ex.o
    0x08005418   0x08005418   0x00000002   Code   RO         5929    i.HAL_UARTEx_TxFifoEmptyCallback  stm32h7xx_hal_uart_ex.o
    0x0800541a   0x0800541a   0x00000002   Code   RO         5930    i.HAL_UARTEx_WakeupCallback  stm32h7xx_hal_uart_ex.o
    0x0800541c   0x0800541c   0x00000002   Code   RO         5522    i.HAL_UART_ErrorCallback  stm32h7xx_hal_uart.o
    0x0800541e   0x0800541e   0x00000002   PAD
    0x08005420   0x08005420   0x00000388   Code   RO         5525    i.HAL_UART_IRQHandler  stm32h7xx_hal_uart.o
    0x080057a8   0x080057a8   0x0000006a   Code   RO         5526    i.HAL_UART_Init     stm32h7xx_hal_uart.o
    0x08005812   0x08005812   0x00000002   PAD
    0x08005814   0x08005814   0x00000130   Code   RO          874    i.HAL_UART_MspInit  usart.o
    0x08005944   0x08005944   0x000000b0   Code   RO         5535    i.HAL_UART_Transmit  stm32h7xx_hal_uart.o
    0x080059f4   0x080059f4   0x00000002   Code   RO         5538    i.HAL_UART_TxCpltCallback  stm32h7xx_hal_uart.o
    0x080059f6   0x080059f6   0x00000002   Code   RO          923    i.HardFault_Handler  stm32h7xx_it.o
    0x080059f8   0x080059f8   0x00000190   Code   RO          319    i.LEVEL_METER       main.o
    0x08005b88   0x08005b88   0x00000008   Code   RO         1050    i.LL_ADC_INJ_IsConversionOngoing  stm32h7xx_hal_adc.o
    0x08005b90   0x08005b90   0x00000008   Code   RO         1051    i.LL_ADC_REG_IsConversionOngoing  stm32h7xx_hal_adc.o
    0x08005b98   0x08005b98   0x00000008   Code   RO         1273    i.LL_ADC_REG_IsConversionOngoing  stm32h7xx_hal_adc_ex.o
    0x08005ba0   0x08005ba0   0x0000001e   Code   RO         1054    i.LL_ADC_SetChannelSamplingTime  stm32h7xx_hal_adc.o
    0x08005bbe   0x08005bbe   0x00000092   Code   RO          320    i.LVLtoDB           main.o
    0x08005c50   0x08005c50   0x00000108   Code   RO          321    i.MAX7219_INIT      main.o
    0x08005d58   0x08005d58   0x00000038   Code   RO          322    i.MAX7219_UPDATE    main.o
    0x08005d90   0x08005d90   0x00000090   Code   RO          651    i.MX_ADC1_Init      adc.o
    0x08005e20   0x08005e20   0x00000078   Code   RO          652    i.MX_ADC2_Init      adc.o
    0x08005e98   0x08005e98   0x000001e8   Code   RO          625    i.MX_GPIO_Init      gpio.o
    0x08006080   0x08006080   0x00000078   Code   RO          700    i.MX_SAI1_Init      sai.o
    0x080060f8   0x080060f8   0x00000070   Code   RO          701    i.MX_SAI2_Init      sai.o
    0x08006168   0x08006168   0x000000cc   Code   RO          702    i.MX_SAI3_Init      sai.o
    0x08006234   0x08006234   0x00000060   Code   RO          755    i.MX_SPI1_Init      spi.o
    0x08006294   0x08006294   0x00000060   Code   RO          756    i.MX_SPI2_Init      spi.o
    0x080062f4   0x080062f4   0x00000068   Code   RO          806    i.MX_TIM2_Init      tim.o
    0x0800635c   0x0800635c   0x0000009c   Code   RO          807    i.MX_TIM3_Init      tim.o
    0x080063f8   0x080063f8   0x00000070   Code   RO          808    i.MX_TIM8_Init      tim.o
    0x08006468   0x08006468   0x00000068   Code   RO          875    i.MX_UART5_Init     usart.o
    0x080064d0   0x080064d0   0x00000068   Code   RO          876    i.MX_USART1_UART_Init  usart.o
    0x08006538   0x08006538   0x00000002   Code   RO          924    i.MemManage_Handler  stm32h7xx_it.o
    0x0800653a   0x0800653a   0x00000002   PAD
    0x0800653c   0x0800653c   0x0000010c   Code   RO          323    i.MoogHVCF_0        main.o
    0x08006648   0x08006648   0x0000010c   Code   RO          324    i.MoogHVCF_1        main.o
    0x08006754   0x08006754   0x00000108   Code   RO          325    i.MoogHVCF_2        main.o
    0x0800685c   0x0800685c   0x00000108   Code   RO          326    i.MoogHVCF_3        main.o
    0x08006964   0x08006964   0x00000104   Code   RO          327    i.MoogVCF_0         main.o
    0x08006a68   0x08006a68   0x00000104   Code   RO          328    i.MoogVCF_1         main.o
    0x08006b6c   0x08006b6c   0x00000108   Code   RO          329    i.MoogVCF_2         main.o
    0x08006c74   0x08006c74   0x00000104   Code   RO          330    i.MoogVCF_3         main.o
    0x08006d78   0x08006d78   0x00000002   Code   RO          925    i.NMI_Handler       stm32h7xx_it.o
    0x08006d7a   0x08006d7a   0x00000002   Code   RO          926    i.PendSV_Handler    stm32h7xx_it.o
    0x08006d7c   0x08006d7c   0x00000060   Code   RO          331    i.PeriphCommonClock_Config  main.o
    0x08006ddc   0x08006ddc   0x00000120   Code   RO         1600    i.RCCEx_PLL2_Config  stm32h7xx_hal_rcc_ex.o
    0x08006efc   0x08006efc   0x00000120   Code   RO         1601    i.RCCEx_PLL3_Config  stm32h7xx_hal_rcc_ex.o
    0x0800701c   0x0800701c   0x000004d8   Code   RO          332    i.SAI1_IRQHandler   main.o
    0x080074f4   0x080074f4   0x00000020   Code   RO          333    i.SAI2_IRQHandler   main.o
    0x08007514   0x08007514   0x00000034   Code   RO          334    i.SAI3_IRQHandler   main.o
    0x08007548   0x08007548   0x00000044   Code   RO         3899    i.SAI_DMAAbort      stm32h7xx_hal_sai.o
    0x0800758c   0x0800758c   0x00000040   Code   RO         3905    i.SAI_Disable       stm32h7xx_hal_sai.o
    0x080075cc   0x080075cc   0x00000080   Code   RO         3906    i.SAI_FillFifo      stm32h7xx_hal_sai.o
    0x0800764c   0x0800764c   0x00000032   Code   RO         3909    i.SAI_InterruptFlag  stm32h7xx_hal_sai.o
    0x0800767e   0x0800767e   0x00000050   Code   RO         3910    i.SAI_Receive_IT16Bit  stm32h7xx_hal_sai.o
    0x080076ce   0x080076ce   0x00000064   Code   RO         3911    i.SAI_Receive_IT32Bit  stm32h7xx_hal_sai.o
    0x08007732   0x08007732   0x00000046   Code   RO         3912    i.SAI_Receive_IT8Bit  stm32h7xx_hal_sai.o
    0x08007778   0x08007778   0x0000004e   Code   RO         3913    i.SAI_Transmit_IT16Bit  stm32h7xx_hal_sai.o
    0x080077c6   0x080077c6   0x00000060   Code   RO         3914    i.SAI_Transmit_IT32Bit  stm32h7xx_hal_sai.o
    0x08007826   0x08007826   0x00000044   Code   RO         3915    i.SAI_Transmit_IT8Bit  stm32h7xx_hal_sai.o
    0x0800786a   0x0800786a   0x000000bc   Code   RO         4192    i.SPI_CloseTransfer  stm32h7xx_hal_spi.o
    0x08007926   0x08007926   0x00000002   PAD
    0x08007928   0x08007928   0x00000046   Code   RO         4209    i.SPI_WaitOnFlagUntilTimeout  stm32h7xx_hal_spi.o
    0x0800796e   0x0800796e   0x00000002   Code   RO          927    i.SVC_Handler       stm32h7xx_it.o
    0x08007970   0x08007970   0x00000004   Code   RO          928    i.SysTick_Handler   stm32h7xx_it.o
    0x08007974   0x08007974   0x000000e4   Code   RO          335    i.SystemClock_Config  main.o
    0x08007a58   0x08007a58   0x000000dc   Code   RO         6036    i.SystemInit        system_stm32h7xx.o
    0x08007b34   0x08007b34   0x0000021c   Code   RO          336    i.TFT_CHSELECTOR    main.o
    0x08007d50   0x08007d50   0x00000050   Code   RO          337    i.TFT_DRAW_BT       main.o
    0x08007da0   0x08007da0   0x0000007c   Code   RO          338    i.TFT_DRAW_RNGDIV   main.o
    0x08007e1c   0x08007e1c   0x00000570   Code   RO          339    i.TFT_DRAW_STATIC   main.o
    0x0800838c   0x0800838c   0x000000a0   Code   RO           13    i.TFT_DrawChar      spi_st7735.o
    0x0800842c   0x0800842c   0x00000098   Code   RO           15    i.TFT_DrawLine      spi_st7735.o
    0x080084c4   0x080084c4   0x00000070   Code   RO           16    i.TFT_DrawPixel     spi_st7735.o
    0x08008534   0x08008534   0x00000042   Code   RO           17    i.TFT_DrawRect      spi_st7735.o
    0x08008576   0x08008576   0x00000002   PAD
    0x08008578   0x08008578   0x000000ac   Code   RO          340    i.TFT_FXSELECTOR    main.o
    0x08008624   0x08008624   0x00000090   Code   RO           18    i.TFT_FillRect      spi_st7735.o
    0x080086b4   0x080086b4   0x00000020   Code   RO           19    i.TFT_FillScreen    spi_st7735.o
    0x080086d4   0x080086d4   0x00000044   Code   RO           20    i.TFT_FontsIni      spi_st7735.o
    0x08008718   0x08008718   0x00000024   Code   RO           21    i.TFT_SendCommand   spi_st7735.o
    0x0800873c   0x0800873c   0x00000020   Code   RO           22    i.TFT_SendData      spi_st7735.o
    0x0800875c   0x0800875c   0x0000000c   Code   RO           23    i.TFT_SetBackColor  spi_st7735.o
    0x08008768   0x08008768   0x0000000c   Code   RO           24    i.TFT_SetFont       spi_st7735.o
    0x08008774   0x08008774   0x00000020   Code   RO           25    i.TFT_SetRotation   spi_st7735.o
    0x08008794   0x08008794   0x0000000c   Code   RO           26    i.TFT_SetTextColor  spi_st7735.o
    0x080087a0   0x080087a0   0x00000040   Code   RO           27    i.TFT_String        spi_st7735.o
    0x080087e0   0x080087e0   0x00000044   Code   RO           28    i.TFT_WriteData     spi_st7735.o
    0x08008824   0x08008824   0x00000190   Code   RO           29    i.TFT_ini           spi_st7735.o
    0x080089b4   0x080089b4   0x0000001c   Code   RO           30    i.TFT_reset         spi_st7735.o
    0x080089d0   0x080089d0   0x000014d4   Code   RO          341    i.TIM2_IRQHandler   main.o
    0x08009ea4   0x08009ea4   0x0000000c   Code   RO          342    i.TIM8_UP_TIM13_IRQHandler  main.o
    0x08009eb0   0x08009eb0   0x000000c4   Code   RO         4585    i.TIM_Base_SetConfig  stm32h7xx_hal_tim.o
    0x08009f74   0x08009f74   0x0000001a   Code   RO         4586    i.TIM_CCxChannelCmd  stm32h7xx_hal_tim.o
    0x08009f8e   0x08009f8e   0x00000012   Code   RO         4596    i.TIM_ETR_SetConfig  stm32h7xx_hal_tim.o
    0x08009fa0   0x08009fa0   0x00000014   Code   RO         4597    i.TIM_ITRx_SetConfig  stm32h7xx_hal_tim.o
    0x08009fb4   0x08009fb4   0x000000a8   Code   RO         4598    i.TIM_OC1_SetConfig  stm32h7xx_hal_tim.o
    0x0800a05c   0x0800a05c   0x00000098   Code   RO         4599    i.TIM_OC2_SetConfig  stm32h7xx_hal_tim.o
    0x0800a0f4   0x0800a0f4   0x00000098   Code   RO         4600    i.TIM_OC3_SetConfig  stm32h7xx_hal_tim.o
    0x0800a18c   0x0800a18c   0x00000078   Code   RO         4601    i.TIM_OC4_SetConfig  stm32h7xx_hal_tim.o
    0x0800a204   0x0800a204   0x00000074   Code   RO         4602    i.TIM_OC5_SetConfig  stm32h7xx_hal_tim.o
    0x0800a278   0x0800a278   0x00000074   Code   RO         4603    i.TIM_OC6_SetConfig  stm32h7xx_hal_tim.o
    0x0800a2ec   0x0800a2ec   0x00000022   Code   RO         4605    i.TIM_TI1_ConfigInputStage  stm32h7xx_hal_tim.o
    0x0800a30e   0x0800a30e   0x00000024   Code   RO         4607    i.TIM_TI2_ConfigInputStage  stm32h7xx_hal_tim.o
    0x0800a332   0x0800a332   0x00000002   PAD
    0x0800a334   0x0800a334   0x00000068   Code   RO          343    i.UART5_IRQHandler  main.o
    0x0800a39c   0x0800a39c   0x00000044   Code   RO         5931    i.UARTEx_SetNbDataToProcess  stm32h7xx_hal_uart_ex.o
    0x0800a3e0   0x0800a3e0   0x000000c8   Code   RO         5540    i.UART_AdvFeatureConfig  stm32h7xx_hal_uart.o
    0x0800a4a8   0x0800a4a8   0x000000aa   Code   RO         5541    i.UART_CheckIdleState  stm32h7xx_hal_uart.o
    0x0800a552   0x0800a552   0x00000014   Code   RO         5542    i.UART_DMAAbortOnError  stm32h7xx_hal_uart.o
    0x0800a566   0x0800a566   0x00000002   PAD
    0x0800a568   0x0800a568   0x00000054   Code   RO         5552    i.UART_EndRxTransfer  stm32h7xx_hal_uart.o
    0x0800a5bc   0x0800a5bc   0x000003ac   Code   RO         5558    i.UART_SetConfig    stm32h7xx_hal_uart.o
    0x0800a968   0x0800a968   0x0000008c   Code   RO         5565    i.UART_WaitOnFlagUntilTimeout  stm32h7xx_hal_uart.o
    0x0800a9f4   0x0800a9f4   0x00000050   Code   RO          344    i.USART1_IRQHandler  main.o
    0x0800aa44   0x0800aa44   0x00000002   Code   RO          929    i.UsageFault_Handler  stm32h7xx_it.o
    0x0800aa46   0x0800aa46   0x00000002   PAD
    0x0800aa48   0x0800aa48   0x000000d0   Code   RO           31    i.VFD_DrawChar      spi_st7735.o
    0x0800ab18   0x0800ab18   0x00000030   Code   RO         6196    i.__ARM_fpclassify  m_wv.l(fpclassify.o)
    0x0800ab48   0x0800ab48   0x00000022   Code   RO         2840    i.__NVIC_SetPriority  stm32h7xx_hal_cortex.o
    0x0800ab6a   0x0800ab6a   0x00000006   PAD
    0x0800ab70   0x0800ab70   0x000000b0   Code   RO         6111    i.__hardfp_sin      m_wv.l(sin.o)
    0x0800ac20   0x0800ac20   0x00000310   Code   RO         6155    i.__ieee754_rem_pio2  m_wv.l(rred.o)
    0x0800af30   0x0800af30   0x000000e0   Code   RO         6138    i.__kernel_cos      m_wv.l(cos_i.o)
    0x0800b010   0x0800b010   0x00000070   Code   RO         6198    i.__kernel_poly     m_wv.l(poly.o)
    0x0800b080   0x0800b080   0x000000a8   Code   RO         6160    i.__kernel_sin      m_wv.l(sin_i.o)
    0x0800b128   0x0800b128   0x00000018   Code   RO         6144    i.__mathlib_dbl_invalid  m_wv.l(dunder.o)
    0x0800b140   0x0800b140   0x00000018   Code   RO         6147    i.__mathlib_dbl_underflow  m_wv.l(dunder.o)
    0x0800b158   0x0800b158   0x0000000e   Code   RO         6093    i._is_digit         c_w.l(__printf_wp.o)
    0x0800b166   0x0800b166   0x00000002   PAD
    0x0800b168   0x0800b168   0x000000ec   Code   RO          345    i.do_3band          main.o
    0x0800b254   0x0800b254   0x00000018   Code   RO         6192    i.fabs              m_wv.l(fabs.o)
    0x0800b26c   0x0800b26c   0x00000088   Code   RO          346    i.init_3band_state  main.o
    0x0800b2f4   0x0800b2f4   0x00000784   Code   RO          347    i.main              main.o
    0x0800ba78   0x0800ba78   0x0000004a   Code   RO          348    i.pot_convcd        main.o
    0x0800bac2   0x0800bac2   0x00000020   Code   RO          349    i.pot_convln        main.o
    0x0800bae2   0x0800bae2   0x0000000a   Code   RO         6285    x$fpl$fpinit        fz_wv.l(fpinit.o)
    0x0800baec   0x0800baec   0x00000000   Code   RO         6137    x$fpl$usenofp       fz_wv.l(usenofp.o)
    0x0800baec   0x0800baec   0x00000be0   Data   RO           32    .constdata          spi_st7735.o
    0x0800c6cc   0x0800c6cc   0x00000474   Data   RO           33    .constdata          spi_st7735.o
    0x0800cb40   0x0800cb40   0x000002f8   Data   RO           34    .constdata          spi_st7735.o
    0x0800ce38   0x0800ce38   0x00000299   Data   RO           35    .constdata          spi_st7735.o
    0x0800d0d1   0x0800d0d1   0x00000003   PAD
    0x0800d0d4   0x0800d0d4   0x000136b0   Data   RO          352    .constdata          main.o
    0x08020784   0x08020784   0x00000018   Data   RO         5566    .constdata          stm32h7xx_hal_uart.o
    0x0802079c   0x0802079c   0x00000010   Data   RO         5932    .constdata          stm32h7xx_hal_uart_ex.o
    0x080207ac   0x080207ac   0x00000010   Data   RO         6037    .constdata          system_stm32h7xx.o
    0x080207bc   0x080207bc   0x00000011   Data   RO         6101    .constdata          c_w.l(__printf_flags_ss_wp.o)
    0x080207cd   0x080207cd   0x00000003   PAD
    0x080207d0   0x080207d0   0x00000030   Data   RO         6139    .constdata          m_wv.l(cos_i.o)
    0x08020800   0x08020800   0x000000c8   Data   RO         6157    .constdata          m_wv.l(rred.o)
    0x080208c8   0x080208c8   0x00000028   Data   RO         6161    .constdata          m_wv.l(sin_i.o)
    0x080208f0   0x080208f0   0x00000030   Data   RO         6343    Region$$Table       anon$$obj.o


    Execution Region RW_IRAM1 (Exec base: 0x20000000, Load base: 0x08020920, Size: 0x00000f28, Max: 0x00020000, ABSOLUTE, COMPRESSED[0x00000054])

    Exec Addr    Load Addr    Size         Type   Attr      Idx    E Section Name        Object

    0x20000000   COMPRESSED   0x00000024   Data   RW           36    .data               spi_st7735.o
    0x20000024   COMPRESSED   0x00000008   Data   RW           37    .data               spi_st7735.o
    0x2000002c   COMPRESSED   0x00000004   PAD
    0x20000030   COMPRESSED   0x00000230   Data   RW          353    .data               main.o
    0x20000260   COMPRESSED   0x00000004   Data   RW          654    .data               adc.o
    0x20000264   COMPRESSED   0x0000000c   Data   RW          704    .data               sai.o
    0x20000270   COMPRESSED   0x0000000c   Data   RW         3010    .data               stm32h7xx_hal.o
    0x2000027c   COMPRESSED   0x00000008   Data   RW         6038    .data               system_stm32h7xx.o
    0x20000284        -       0x000000c8   Zero   RW          653    .bss                adc.o
    0x2000034c        -       0x00000260   Zero   RW          703    .bss                sai.o
    0x200005ac        -       0x00000110   Zero   RW          757    .bss                spi.o
    0x200006bc        -       0x000000e4   Zero   RW          809    .bss                tim.o
    0x200007a0        -       0x00000128   Zero   RW          877    .bss                usart.o
    0x200008c8        -       0x00000060   Zero   RW         6201    .bss                c_w.l(libspace.o)
    0x20000928        -       0x00000200   Zero   RW            2    HEAP                startup_stm32h743xx.o
    0x20000b28        -       0x00000400   Zero   RW            1    STACK               startup_stm32h743xx.o


    Execution Region RW_IRAM2 (Exec base: 0x24000000, Load base: 0x08020974, Size: 0x0007f300, Max: 0x00080000, ABSOLUTE)

    Exec Addr    Load Addr    Size         Type   Attr      Idx    E Section Name        Object

    0x24000000        -       0x0007f300   Zero   RW          350    .bss                main.o


==============================================================================

Image component sizes


      Code (inc. data)   RO Data    RW Data    ZI Data      Debug   Object Name

       436         48          0          4        200       2642   adc.o
       488         26          0          0          0       1271   gpio.o
     16376       1038      79536        560     520960      79760   main.o
       784         54          0         12        608       3593   sai.o
       464         38          0          0        272       2686   spi.o
      1638        112       5605         44          0    1367826   spi_st7735.o
        64         26        664          0       1536        844   startup_stm32h743xx.o
       232         44          0         12          0      23444   stm32h7xx_hal.o
      2284        192          0          0          0      71492   stm32h7xx_hal_adc.o
       304         22          0          0          0      63123   stm32h7xx_hal_adc_ex.o
       198         12          0          0          0      39611   stm32h7xx_hal_cortex.o
      1508         70          0          0          0       3919   stm32h7xx_hal_dma.o
       566         50          0          0          0       2320   stm32h7xx_hal_gpio.o
        40         10          0          0          0       1171   stm32h7xx_hal_i2c_ex.o
        28          6          0          0          0        910   stm32h7xx_hal_msp.o
        84          6          0          0          0        789   stm32h7xx_hal_pwr_ex.o
      2466        102          0          0          0       7184   stm32h7xx_hal_rcc.o
      4776        174          0          0          0      10587   stm32h7xx_hal_rcc_ex.o
      2498         70          0          0          0      14645   stm32h7xx_hal_sai.o
      1228         14          0          0          0       4982   stm32h7xx_hal_spi.o
      2892        282          0          0          0      20313   stm32h7xx_hal_tim.o
       170         30          0          0          0       3252   stm32h7xx_hal_tim_ex.o
      2746        138         24          0          0      31232   stm32h7xx_hal_uart.o
       290          6         16          0          0       5522   stm32h7xx_hal_uart_ex.o
        20          0          0          0          0       4094   stm32h7xx_it.o
       220         40         16          8          0       1482   system_stm32h7xx.o
       652         58          0          0        228       4620   tim.o
       512         44          0          0        296       2713   usart.o

    ----------------------------------------------------------------------
     44006       2712      85912        644     524100    1776027   Object Totals
         0          0         48          0          0          0   (incl. Generated)
        42          0          3          4          0          0   (incl. Padding)

    ----------------------------------------------------------------------

      Code (inc. data)   RO Data    RW Data    ZI Data      Debug   Library Member Name

        90          0          0          0          0          0   __dczerorl2.o
         8          0          0          0          0         68   __main.o
       392          4         17          0          0         92   __printf_flags_ss_wp.o
        14          0          0          0          0         68   __printf_wp.o
         0          0          0          0          0          0   __rtentry.o
        12          0          0          0          0          0   __rtentry2.o
         6          0          0          0          0          0   __rtentry4.o
        52          8          0          0          0          0   __scatter.o
        28          0          0          0          0          0   __scatter_zi.o
        48          6          0          0          0         96   _printf_char_common.o
       120         16          0          0          0         92   _printf_dec.o
       178          0          0          0          0         88   _printf_intcommon.o
        78          0          0          0          0        108   _printf_pad.o
         0          0          0          0          0          0   _printf_percent.o
         4          0          0          0          0          0   _printf_percent_end.o
         6          0          0          0          0          0   _printf_u.o
        22          0          0          0          0        100   _rserrno.o
        10          0          0          0          0         68   _sputc.o
        18          0          0          0          0         80   exit.o
         6          0          0          0          0        152   heapauxi.o
         0          0          0          0          0          0   indicate_semi.o
         2          0          0          0          0          0   libinit.o
         6          0          0          0          0          0   libinit2.o
         2          0          0          0          0          0   libshutdown.o
         2          0          0          0          0          0   libshutdown2.o
         8          4          0          0         96         68   libspace.o
       238          0          0          0          0        100   lludivv7m.o
        40          6          0          0          0         84   noretval__2sprintf.o
         8          4          0          0          0         68   rt_errno_addr_intlibspace.o
        78          0          0          0          0         80   rt_memclr_w.o
         2          0          0          0          0          0   rtexit.o
        10          0          0          0          0          0   rtexit2.o
        12          4          0          0          0         68   sys_exit.o
        74          0          0          0          0         80   sys_stackheap_outer.o
         2          0          0          0          0         68   use_no_semi.o
        10          0          0          0          0        116   fpinit.o
         0          0          0          0          0          0   usenofp.o
       224         42         48          0          0        184   cos_i.o
        48         28          0          0          0        232   dunder.o
        24          0          0          0          0        124   fabs.o
        48          0          0          0          0        124   fpclassify.o
       112          0          0          0          0        116   poly.o
       784        138        200          0          0        172   rred.o
       176         18          0          0          0        160   sin.o
       168         24         40          0          0        196   sin_i.o

    ----------------------------------------------------------------------
      3182        302        308          0         96       3052   Library Totals
        12          0          3          0          0          0   (incl. Padding)

    ----------------------------------------------------------------------

      Code (inc. data)   RO Data    RW Data    ZI Data      Debug   Library Name

      1576         52         17          0         96       1628   c_w.l
        10          0          0          0          0        116   fz_wv.l
      1584        250        288          0          0       1308   m_wv.l

    ----------------------------------------------------------------------
      3182        302        308          0         96       3052   Library Totals

    ----------------------------------------------------------------------

==============================================================================


      Code (inc. data)   RO Data    RW Data    ZI Data      Debug   

     47188       3014      86220        644     524196    1758599   Grand Totals
     47188       3014      86220         84     524196    1758599   ELF Image Totals (compressed)
     47188       3014      86220         84          0          0   ROM Totals

==============================================================================

    Total RO  Size (Code + RO Data)               133408 ( 130.28kB)
    Total RW  Size (RW Data + ZI Data)            524840 ( 512.54kB)
    Total ROM Size (Code + RO Data + RW Data)     133492 ( 130.36kB)

==============================================================================

